******************************************************************************
                  TI ARM Linker PC v20.2.7                     
******************************************************************************
>> Linked Wed Mar 15 12:57:55 2023

OUTPUT FILE NAME:   <EmCon_Activity10.2Encoders.out>
ENTRY POINT SYMBOL: "_c_int00_noargs"  address: 0000349d


MEMORY CONFIGURATION

         name            origin    length      used     unused   attr    fill
----------------------  --------  ---------  --------  --------  ----  --------
  MAIN                  00000000   00040000  00003a91  0003c56f  R  X
  INFO                  00200000   00004000  00000000  00004000  R  X
  SRAM_CODE             01000000   00010000  00000cd5  0000f32b  RW X
  SRAM_DATA             20000000   00010000  00000cd5  0000f32b  RW  


SEGMENT ALLOCATION MAP

run origin  load origin   length   init length attrs members
----------  ----------- ---------- ----------- ----- -------
00000000    00000000    00003a98   00003a98    r-x
  00000000    00000000    000000e4   000000e4    r-- .intvecs
  000000e4    000000e4    000037a4   000037a4    r-x .text
  00003888    00003888    00000169   00000169    r-- .const
  000039f8    000039f8    000000a0   000000a0    r-- .cinit
20000000    20000000    000008d8   00000000    rw-
  20000000    20000000    000000e8   00000000    rw- .vtable
  200000e8    200000e8    00000400   00000000    rw- .sysmem
  200004e8    200004e8    000001fd   00000000    rw- .bss
  200006e8    200006e8    000001f0   00000000    rw- .data
2000fc00    2000fc00    00000400   00000000    rw-
  2000fc00    2000fc00    00000400   00000000    rw- .stack


SECTION ALLOCATION MAP

 output                                  attributes/
section   page    origin      length       input sections
--------  ----  ----------  ----------   ----------------
.intvecs   0    00000000    000000e4     
                  00000000    000000e4     startup_msp432p401r_ccs.obj (.intvecs:retain)

.text      0    000000e4    000037a4     
                  000000e4    00000a4e     rtsv7M4_T_le_v4SPD16_eabi.lib : _printfi.c.obj (.text:__TI_printfi)
                  00000b32    00000002     startup_msp432p401r_ccs.obj (.text:Default_Handler)
                  00000b34    00000270     rtsv7M4_T_le_v4SPD16_eabi.lib : _printfi.c.obj (.text:_pconv_a)
                  00000da4    000001d0                                   : _printfi.c.obj (.text:_pconv_g)
                  00000f74    000001b6                                   : fd_add_t2.asm.obj (.text)
                  0000112a    00000002                                   : _lock.c.obj (.text:_nop)
                  0000112c    00000144     msp432p4xx_driverlib.lib : timer_a.o (.text:privateTimer_AProcessClockSourceDivider)
                  00001270    0000013c     rtsv7M4_T_le_v4SPD16_eabi.lib : _printfi.c.obj (.text:_pconv_e)
                  000013ac    00000136                                   : fd_div_t2.asm.obj (.text)
                  000014e2    00000002                                   : div0.asm.obj (.text)
                  000014e4    00000124                                   : _printfi.c.obj (.text:fcvt)
                  00001608    0000011c     msp432p4xx_driverlib.lib : uart.o (.text:UART_initModule)
                  00001724    00000114     rtsv7M4_T_le_v4SPD16_eabi.lib : fputs.c.obj (.text:fputs)
                  00001838    00000110                                   : fopen.c.obj (.text:_openfile)
                  00001948    00000110                                   : s_scalbn.c.obj (.text:scalbn)
                  00001a58    00000104     main.obj (.text:main)
                  00001b5c    00000100     rtsv7M4_T_le_v4SPD16_eabi.lib : memory.c.obj (.text:aligned_alloc)
                  00001c5c    000000fc                                   : fd_mul_t2.asm.obj (.text)
                  00001d58    000000e4                                   : memory.c.obj (.text:free)
                  00001e3c    000000dc                                   : setvbuf.c.obj (.text:setvbuf)
                  00001f18    000000d2     msp432p4xx_driverlib.lib : timer_a.o (.text:Timer_A_registerInterrupt)
                  00001fea    00000002     --HOLE-- [fill = 0]
                  00001fec    000000bc     rtsv7M4_T_le_v4SPD16_eabi.lib : open.c.obj (.text:open)
                  000020a8    000000b8                                   : add_device.c.obj (.text:add_device)
                  00002160    000000b1                                   : _printfi.c.obj (.text:_ltostr)
                  00002211    00000003     --HOLE-- [fill = 0]
                  00002214    0000009c     engr2350_msp432.obj (.text:init_std_uart)
                  000022b0    0000009c     rtsv7M4_T_le_v4SPD16_eabi.lib : memcpy_t2.asm.obj (.text)
                  0000234c    00000098     system_msp432p401r.obj (.text:SystemInit)
                  000023e4    00000096     rtsv7M4_T_le_v4SPD16_eabi.lib : ull_div_t2.asm.obj (.text)
                  0000247a    00000002     --HOLE-- [fill = 0]
                  0000247c    0000008c                                   : fputc.c.obj (.text:fputc)
                  00002508    00000088     msp432p4xx_driverlib.lib : gpio.o (.text:GPIO_setAsPeripheralModuleFunctionInputPin)
                  00002590    00000086     rtsv7M4_T_le_v4SPD16_eabi.lib : fd_cmp_t2.asm.obj (.text:__aeabi_cdcmple)
                  00002616    00000086                                   : fd_cmp_t2.asm.obj (.text:__aeabi_cdrcmple)
                  0000269c    00000080     msp432p4xx_driverlib.lib : interrupt.o (.text:Interrupt_enableInterrupt)
                  0000271c    00000080     engr2350_msp432.obj (.text:dopen)
                  0000279c    0000007c     main.obj (.text:Encoder_ISR)
                  00002818    0000007a     rtsv7M4_T_le_v4SPD16_eabi.lib : memset_t2.asm.obj (.text)
                  00002892    00000002     --HOLE-- [fill = 0]
                  00002894    00000074                                   : fclose.c.obj (.text:__TI_closefile)
                  00002908    00000070                                   : memory.c.obj (.text:split)
                  00002978    0000006e                                   : _printfi.c.obj (.text:_mcpy)
                  000029e6    00000002     --HOLE-- [fill = 0]
                  000029e8    0000006c                                   : hostrename.c.obj (.text:HOSTrename)
                  00002a54    0000006c     main.obj (.text:Timer_Init)
                  00002ac0    00000068     rtsv7M4_T_le_v4SPD16_eabi.lib : hostlseek.c.obj (.text:HOSTlseek)
                  00002b28    00000068                                   : copy_decompress_lzss.c.obj (.text:decompress:lzss:__TI_decompress_lzss)
                  00002b90    00000068                                   : printf.c.obj (.text:printf)
                  00002bf8    00000064                                   : s_frexp.c.obj (.text:frexp)
                  00002c5c    00000064                                   : fseek.c.obj (.text:fseek)
                  00002cc0    00000062                                   : _io_perm.c.obj (.text:__TI_wrt_ok)
                  00002d22    00000002     --HOLE-- [fill = 0]
                  00002d24    00000060                                   : hostopen.c.obj (.text:HOSTopen)
                  00002d84    0000005c     msp432p4xx_driverlib.lib : interrupt.o (.text:Interrupt_registerInterrupt)
                  00002de0    0000005c     rtsv7M4_T_le_v4SPD16_eabi.lib : close.c.obj (.text:close)
                  00002e3c    00000058                                   : hostread.c.obj (.text:HOSTread)
                  00002e94    00000058                                   : hostwrite.c.obj (.text:HOSTwrite)
                  00002eec    00000058     msp432p4xx_driverlib.lib : timer_a.o (.text:Timer_A_initCapture)
                  00002f44    00000056     rtsv7M4_T_le_v4SPD16_eabi.lib : _printfi.c.obj (.text:_pconv_f)
                  00002f9a    00000054                                   : _ltoa.c.obj (.text:__TI_ltoa)
                  00002fee    00000002     --HOLE-- [fill = 0]
                  00002ff0    00000054     engr2350_msp432.obj (.text:dread)
                  00003044    00000052     rtsv7M4_T_le_v4SPD16_eabi.lib : _printfi.c.obj (.text:_ecpy)
                  00003096    0000004c                                   : fflush.c.obj (.text:__TI_doflush)
                  000030e2    00000002     --HOLE-- [fill = 0]
                  000030e4    0000004c                                   : atoi.c.obj (.text:atoi)
                  00003130    00000048     engr2350_msp432.obj (.text:dwrite)
                  00003178    00000048     rtsv7M4_T_le_v4SPD16_eabi.lib : exit.c.obj (.text:exit)
                  000031c0    00000048                                   : fd_toi_t2.asm.obj (.text)
                  00003208    00000044                                   : hostclose.c.obj (.text:HOSTclose)
                  0000324c    00000044                                   : hostunlink.c.obj (.text:HOSTunlink)
                  00003290    00000044                                   : autoinit.c.obj (.text:__TI_auto_init_nobinit_nopinit:__TI_auto_init_nobinit_nopinit)
                  000032d4    00000044                                   : getdevice.c.obj (.text:getdevice)
                  00003318    0000003e                                   : _printfi.c.obj (.text:_fcpy)
                  00003356    00000002     --HOLE-- [fill = 0]
                  00003358    00000038     msp432p4xx_driverlib.lib : timer_a.o (.text:Timer_A_getCaptureCompareEnabledInterruptStatus)
                  00003390    00000038     rtsv7M4_T_le_v4SPD16_eabi.lib : trgmsg.c.obj (.text:__TI_writemsg)
                  000033c8    00000036                                   : strncpy.c.obj (.text:strncpy)
                  000033fe    00000002     --HOLE-- [fill = 0]
                  00003400    00000034     msp432p4xx_driverlib.lib : timer_a.o (.text:Timer_A_configureContinuousMode)
                  00003434    00000034     rtsv7M4_T_le_v4SPD16_eabi.lib : fopen.c.obj (.text:__TI_cleanup)
                  00003468    00000034                                   : trgmsg.c.obj (.text:__TI_readmsg)
                  0000349c    00000034                                   : boot_cortex_m.c.obj (.text:_c_int00_noargs:_c_int00_noargs)
                  000034d0    00000034                                   : fopen.c.obj (.text:freopen)
                  00003504    00000030                                   : getdevice.c.obj (.text:finddevice)
                  00003534    0000002e                                   : i_tofd_t2.asm.obj (.text)
                  00003562    00000002     --HOLE-- [fill = 0]
                  00003564    0000002c     msp432p4xx_driverlib.lib : timer_a.o (.text:Timer_A_clearCaptureCompareInterrupt)
                  00003590    0000002c     rtsv7M4_T_le_v4SPD16_eabi.lib : unlink.c.obj (.text:unlink)
                  000035bc    00000028     msp432p4xx_driverlib.lib : timer_a.o (.text:Timer_A_getCaptureCompareInterruptStatus)
                  000035e4    00000028     rtsv7M4_T_le_v4SPD16_eabi.lib : memory.c.obj (.text:free_list_insert)
                  0000360c    00000028                                   : lseek.c.obj (.text:lseek)
                  00003634    00000028                                   : write.c.obj (.text:write)
                  0000365c    00000022     msp432p4xx_driverlib.lib : timer_a.o (.text:Timer_A_getCaptureCompareCount)
                  0000367e    00000020     rtsv7M4_T_le_v4SPD16_eabi.lib : memchr.c.obj (.text:memchr)
                  0000369e    00000020                                   : u_tofd_t2.asm.obj (.text)
                  000036be    00000002     --HOLE-- [fill = 0]
                  000036c0    0000001c     engr2350_msp432.obj (.text:dclose)
                  000036dc    0000001c     rtsv7M4_T_le_v4SPD16_eabi.lib : copy_zero_init.c.obj (.text:decompress:ZI:__TI_zero_init_nomemset:__TI_zero_init_nomemset)
                  000036f8    0000001c                                   : memory.c.obj (.text:free_list_remove)
                  00003714    0000001c                                   : memccpy.c.obj (.text:memccpy)
                  00003730    0000001a                                   : s_copysign.c.obj (.text:copysign)
                  0000374a    00000018     msp432p4xx_driverlib.lib : timer_a.o (.text:Timer_A_getEnabledInterruptStatus)
                  00003762    00000018     rtsv7M4_T_le_v4SPD16_eabi.lib : strcmp.c.obj (.text:strcmp)
                  0000377a    00000016     msp432p4xx_driverlib.lib : timer_a.o (.text:Timer_A_clearInterruptFlag)
                  00003790    00000016                              : timer_a.o (.text:Timer_A_startCounter)
                  000037a6    00000016     rtsv7M4_T_le_v4SPD16_eabi.lib : strchr.c.obj (.text:strchr)
                  000037bc    00000014                                   : strcpy.c.obj (.text:strcpy)
                  000037d0    00000014                                   : strlen.c.obj (.text:strlen)
                  000037e4    00000012     msp432p4xx_driverlib.lib : timer_a.o (.text:Timer_A_getInterruptStatus)
                  000037f6    00000012     engr2350_msp432.obj (.text:dlseek)
                  00003808    00000012     rtsv7M4_T_le_v4SPD16_eabi.lib : wcslen.c.obj (.text:wcslen)
                  0000381a    00000010     engr2350_msp432.obj (.text:drename)
                  0000382a    0000000e     main.obj (.text:GPIO_Init)
                  00003838    0000000e     rtsv7M4_T_le_v4SPD16_eabi.lib : copy_decompress_none.c.obj (.text:decompress:none:__TI_decompress_none)
                  00003846    0000000e     engr2350_msp432.obj (.text:dunlink)
                  00003854    0000000c     startup_msp432p401r_ccs.obj (.text:Reset_Handler)
                  00003860    00000008     engr2350_msp432.obj (.text:SysInit)
                  00003868    00000008     rtsv7M4_T_le_v4SPD16_eabi.lib : errno.c.obj (.text:__aeabi_errno_addr)
                  00003870    00000008                                   : memory.c.obj (.text:malloc)
                  00003878    00000004                                   : printf.c.obj (.text:_outc)
                  0000387c    00000004                                   : printf.c.obj (.text:_outs)
                  00003880    00000004                                   : pre_init.c.obj (.text:_system_pre_init)
                  00003884    00000004                                   : exit.c.obj (.text:abort:abort)

.const     0    00003888    00000169     
                  00003888    00000101     rtsv7M4_T_le_v4SPD16_eabi.lib : ctype.c.obj (.const:.string:_ctypes_)
                  00003989    00000003     --HOLE-- [fill = 0]
                  0000398c    00000030     msp432p4xx_driverlib.lib : gpio.o (.const:GPIO_PORT_TO_BASE)
                  000039bc    00000028     engr2350_msp432.obj (.const:$P$T1$2)
                  000039e4    00000008     msp432p4xx_driverlib.lib : interrupt.o (.const:g_pulEnRegs)
                  000039ec    00000005     engr2350_msp432.obj (.const:.string:$P$T0$1)

.cinit     0    000039f8    000000a0     
                  000039f8    00000069     (.cinit..data.load) [load image, compression = lzss]
                  00003a61    00000003     --HOLE-- [fill = 0]
                  00003a64    0000000c     (__TI_handler_table)
                  00003a70    00000008     (.cinit..bss.load) [load image, compression = zero_init]
                  00003a78    00000008     (.cinit..vtable.load) [load image, compression = zero_init]
                  00003a80    00000018     (__TI_cinit_table)

.init_array 
*          0    00000000    00000000     UNINITIALIZED

.binit     0    00000000    00000000     

.vtable    0    20000000    000000e8     UNINITIALIZED
                  20000000    000000e8     msp432p4xx_driverlib.lib : interrupt.o (.vtable)

.sysmem    0    200000e8    00000400     UNINITIALIZED
                  200000e8    00000010     rtsv7M4_T_le_v4SPD16_eabi.lib : memory.c.obj (.sysmem)
                  200000f8    000003f0     --HOLE--

.bss       0    200004e8    000001fd     UNINITIALIZED
                  200004e8    00000120     rtsv7M4_T_le_v4SPD16_eabi.lib : trgmsg.c.obj (.bss:_CIOBUF_)
                  20000608    000000a0     (.common:__TI_tmpnams)
                  200006a8    00000018     (.common:timerCap)
                  200006c0    00000010     (.common:timerCont)
                  200006d0    00000008     (.common:parmbuf)
                  200006d8    00000004     (.common:enc_counts)
                  200006dc    00000004     (.common:enc_counts_track)
                  200006e0    00000004     (.common:enc_total)
                  200006e4    00000001     (.common:enc_flag)

.data      0    200006e8    000001f0     UNINITIALIZED
                  200006e8    000000f0     rtsv7M4_T_le_v4SPD16_eabi.lib : defs.c.obj (.data:_ftable)
                  200007d8    00000078                                   : host_device.c.obj (.data:_device)
                  20000850    00000050                                   : host_device.c.obj (.data:_stream)
                  200008a0    00000010                                   : defs.c.obj (.data)
                  200008b0    0000000c                                   : exit.c.obj (.data:$O1$$)
                  200008bc    00000008                                   : _lock.c.obj (.data:$O1$$)
                  200008c4    00000008                                   : memory.c.obj (.data:$O1$$)
                  200008cc    00000004                                   : add_device.c.obj (.data)
                  200008d0    00000004                                   : errno.c.obj (.data)
                  200008d4    00000004                                   : open.c.obj (.data)

.stack     0    2000fc00    00000400     UNINITIALIZED
                  2000fc00    00000004     rtsv7M4_T_le_v4SPD16_eabi.lib : boot_cortex_m.c.obj (.stack)
                  2000fc04    000003fc     --HOLE--

__llvm_prf_cnts 
*          0    20000000    00000000     UNINITIALIZED

MODULE SUMMARY

       Module                        code    ro data   rw data
       ------                        ----    -------   -------
    .\
       main.obj                      506     0         106    
    +--+-----------------------------+-------+---------+---------+
       Total:                        506     0         106    
                                                              
    .\src\
       engr2350_msp432.obj           524     45        0      
       startup_msp432p401r_ccs.obj   14      228       0      
       system_msp432p401r.obj        152     0         0      
    +--+-----------------------------+-------+---------+---------+
       Total:                        690     273       0      
                                                              
    C:/ti/simplelink_msp432p4_sdk_3_40_01_02/source/ti/devices/msp432p4xx/driverlib/ccs/msp432p4xx_driverlib.lib
       timer_a.o                     934     0         0      
       interrupt.o                   220     8         464    
       uart.o                        284     0         0      
       gpio.o                        136     48        0      
    +--+-----------------------------+-------+---------+---------+
       Total:                        1574    56        464    
                                                              
    C:\ti\ccs1210\ccs\tools\compiler\ti-cgt-arm_20.2.7.LTS\lib\rtsv7M4_T_le_v4SPD16_eabi.lib
       _printfi.c.obj                4851    0         0      
       defs.c.obj                    0       0         832    
       memory.c.obj                  672     0         16     
       trgmsg.c.obj                  108     0         576    
       fd_add_t2.asm.obj             438     0         0      
       host_device.c.obj             0       0         400    
       fopen.c.obj                   376     0         0      
       fd_div_t2.asm.obj             310     0         0      
       fputs.c.obj                   276     0         0      
       s_scalbn.c.obj                272     0         0      
       fd_cmp_t2.asm.obj             268     0         0      
       ctype.c.obj                   0       257       0      
       fd_mul_t2.asm.obj             252     0         0      
       setvbuf.c.obj                 220     0         0      
       open.c.obj                    188     0         8      
       add_device.c.obj              184     0         8      
       memcpy_t2.asm.obj             156     0         0      
       ull_div_t2.asm.obj            150     0         0      
       fputc.c.obj                   140     0         0      
       memset_t2.asm.obj             122     0         0      
       fclose.c.obj                  116     0         0      
       getdevice.c.obj               116     0         0      
       hostopen.c.obj                96      0         16     
       printf.c.obj                  112     0         0      
       hostrename.c.obj              108     0         0      
       copy_decompress_lzss.c.obj    104     0         0      
       hostlseek.c.obj               104     0         0      
       exit.c.obj                    76      0         24     
       fseek.c.obj                   100     0         0      
       s_frexp.c.obj                 100     0         0      
       _io_perm.c.obj                98      0         0      
       close.c.obj                   92      0         0      
       hostread.c.obj                88      0         0      
       hostwrite.c.obj               88      0         0      
       _ltoa.c.obj                   84      0         0      
       atoi.c.obj                    76      0         0      
       fflush.c.obj                  76      0         0      
       fd_toi_t2.asm.obj             72      0         0      
       autoinit.c.obj                68      0         0      
       hostclose.c.obj               68      0         0      
       hostunlink.c.obj              68      0         0      
       strncpy.c.obj                 54      0         0      
       boot_cortex_m.c.obj           52      0         0      
       i_tofd_t2.asm.obj             46      0         0      
       unlink.c.obj                  44      0         0      
       lseek.c.obj                   40      0         0      
       write.c.obj                   40      0         0      
       memchr.c.obj                  32      0         0      
       u_tofd_t2.asm.obj             32      0         0      
       copy_zero_init.c.obj          28      0         0      
       memccpy.c.obj                 28      0         0      
       s_copysign.c.obj              26      0         0      
       strcmp.c.obj                  24      0         0      
       strchr.c.obj                  22      0         0      
       strcpy.c.obj                  20      0         0      
       strlen.c.obj                  20      0         0      
       _lock.c.obj                   2       0         16     
       wcslen.c.obj                  18      0         0      
       errno.c.obj                   8       0         8      
       copy_decompress_none.c.obj    14      0         0      
       pre_init.c.obj                4       0         0      
       div0.asm.obj                  2       0         0      
    +--+-----------------------------+-------+---------+---------+
       Total:                        11449   257       1904   
                                                              
       Heap:                         0       0         2048   
       Stack:                        0       0         2048   
       Linker Generated:             0       157       0      
    +--+-----------------------------+-------+---------+---------+
       Grand Total:                  14219   743       6570   


LINKER GENERATED COPY TABLES

__TI_cinit_table @ 00003a80 records: 3, size/record: 8, table size: 24
	.data: load addr=000039f8, load size=00000069 bytes, run addr=200006e8, run size=000001f0 bytes, compression=lzss
	.bss: load addr=00003a70, load size=00000008 bytes, run addr=200004e8, run size=000001fd bytes, compression=zero_init
	.vtable: load addr=00003a78, load size=00000008 bytes, run addr=20000000, run size=000000e8 bytes, compression=zero_init


LINKER GENERATED HANDLER TABLE

__TI_handler_table @ 00003a64 records: 3, size/record: 4, table size: 12
	index: 0, handler: __TI_zero_init
	index: 1, handler: __TI_decompress_lzss
	index: 2, handler: __TI_decompress_none


GLOBAL SYMBOLS: SORTED ALPHABETICALLY BY Name 

address   name                                           
-------   ----                                           
00000b33  ADC14_IRQHandler                               
00000b33  AES256_IRQHandler                              
00000b33  BusFault_Handler                               
00003885  C$$EXIT                                        
000033bf  C$$IO$$                                        
00000b33  COMP_E0_IRQHandler                             
00000b33  COMP_E1_IRQHandler                             
00000b33  CS_IRQHandler                                  
00000b33  DMA_ERR_IRQHandler                             
00000b33  DMA_INT0_IRQHandler                            
00000b33  DMA_INT1_IRQHandler                            
00000b33  DMA_INT2_IRQHandler                            
00000b33  DMA_INT3_IRQHandler                            
00000b33  DebugMon_Handler                               
00000b33  Default_Handler                                
00000b33  EUSCIA0_IRQHandler                             
00000b33  EUSCIA1_IRQHandler                             
00000b33  EUSCIA2_IRQHandler                             
00000b33  EUSCIA3_IRQHandler                             
00000b33  EUSCIB0_IRQHandler                             
00000b33  EUSCIB1_IRQHandler                             
00000b33  EUSCIB2_IRQHandler                             
00000b33  EUSCIB3_IRQHandler                             
0000279d  Encoder_ISR                                    
00000b33  FLCTL_IRQHandler                               
00000b33  FPU_IRQHandler                                 
0000382b  GPIO_Init                                      
00002509  GPIO_setAsPeripheralModuleFunctionInputPin     
00003209  HOSTclose                                      
00002ac1  HOSTlseek                                      
00002d25  HOSTopen                                       
00002e3d  HOSTread                                       
000029e9  HOSTrename                                     
0000324d  HOSTunlink                                     
00002e95  HOSTwrite                                      
00000b33  HardFault_Handler                              
0000269d  Interrupt_enableInterrupt                      
00002d85  Interrupt_registerInterrupt                    
00000b33  MemManage_Handler                              
00000b33  NMI_Handler                                    
00000b33  PCM_IRQHandler                                 
00000b33  PORT1_IRQHandler                               
00000b33  PORT2_IRQHandler                               
00000b33  PORT3_IRQHandler                               
00000b33  PORT4_IRQHandler                               
00000b33  PORT5_IRQHandler                               
00000b33  PORT6_IRQHandler                               
00000b33  PSS_IRQHandler                                 
00000b33  PendSV_Handler                                 
00000b33  RTC_C_IRQHandler                               
00003855  Reset_Handler                                  
00000b33  SVC_Handler                                    
00003861  SysInit                                        
00000b33  SysTick_Handler                                
0000234d  SystemInit                                     
00000b33  T32_INT1_IRQHandler                            
00000b33  T32_INT2_IRQHandler                            
00000b33  T32_INTC_IRQHandler                            
00000b33  TA0_0_IRQHandler                               
00000b33  TA0_N_IRQHandler                               
00000b33  TA1_0_IRQHandler                               
00000b33  TA1_N_IRQHandler                               
00000b33  TA2_0_IRQHandler                               
00000b33  TA2_N_IRQHandler                               
00000b33  TA3_0_IRQHandler                               
00000b33  TA3_N_IRQHandler                               
00003565  Timer_A_clearCaptureCompareInterrupt           
0000377b  Timer_A_clearInterruptFlag                     
00003401  Timer_A_configureContinuousMode                
0000365d  Timer_A_getCaptureCompareCount                 
00003359  Timer_A_getCaptureCompareEnabledInterruptStatus
000035bd  Timer_A_getCaptureCompareInterruptStatus       
0000374b  Timer_A_getEnabledInterruptStatus              
000037e5  Timer_A_getInterruptStatus                     
00002eed  Timer_A_initCapture                            
00001f19  Timer_A_registerInterrupt                      
00003791  Timer_A_startCounter                           
00002a55  Timer_Init                                     
00001609  UART_initModule                                
00000b33  UsageFault_Handler                             
4000480c  WDTCTL_SYM                                     
00000b33  WDT_A_IRQHandler                               
200004e8  __CIOBUF_                                      
20010000  __STACK_END                                    
00000400  __STACK_SIZE                                   
00000400  __SYSMEM_SIZE                                  
00003a80  __TI_CINIT_Base                                
00003a98  __TI_CINIT_Limit                               
00003a64  __TI_Handler_Table_Base                        
00003a70  __TI_Handler_Table_Limit                       
00003291  __TI_auto_init_nobinit_nopinit                 
00003435  __TI_cleanup                                   
200008b0  __TI_cleanup_ptr                               
00002895  __TI_closefile                                 
00002b29  __TI_decompress_lzss                           
00003839  __TI_decompress_none                           
00003097  __TI_doflush                                   
200008b4  __TI_dtors_ptr                                 
200008b8  __TI_enable_exit_profile_output                
200008a0  __TI_ft_end                                    
00002f9b  __TI_ltoa                                      
ffffffff  __TI_pprof_out_hndl                            
000000e5  __TI_printfi                                   
ffffffff  __TI_prof_data_size                            
ffffffff  __TI_prof_data_start                           
00003469  __TI_readmsg                                   
00000000  __TI_static_base__                             
20000608  __TI_tmpnams                                   
00003391  __TI_writemsg                                  
00002cc1  __TI_wrt_ok                                    
000036dd  __TI_zero_init_nomemset                        
00002591  __aeabi_cdcmpeq                                
00002591  __aeabi_cdcmple                                
00002617  __aeabi_cdrcmple                               
000031c1  __aeabi_d2iz                                   
00000f7f  __aeabi_dadd                                   
000013ad  __aeabi_ddiv                                   
00001c5d  __aeabi_dmul                                   
00000f75  __aeabi_dsub                                   
00003869  __aeabi_errno_addr                             
00003535  __aeabi_i2d                                    
000014e3  __aeabi_idiv0                                  
000014e3  __aeabi_ldiv0                                  
00002819  __aeabi_memclr                                 
00002819  __aeabi_memclr4                                
00002819  __aeabi_memclr8                                
000022b1  __aeabi_memcpy                                 
000022b1  __aeabi_memcpy4                                
000022b1  __aeabi_memcpy8                                
0000281b  __aeabi_memset                                 
0000281b  __aeabi_memset4                                
0000281b  __aeabi_memset8                                
200008ac  __aeabi_stderr                                 
200008a4  __aeabi_stdin                                  
200008a8  __aeabi_stdout                                 
0000369f  __aeabi_ui2d                                   
000023e5  __aeabi_uldivmod                               
ffffffff  __binit__                                      
ffffffff  __c_args__                                     
UNDEFED   __mpu_init                                     
2000fc00  __stack                                        
20000000  __start___llvm_prf_cnts                        
20000000  __stop___llvm_prf_cnts                         
0000349d  _c_int00_noargs                                
00003888  _ctypes_                                       
200007d8  _device                                        
200006e8  _ftable                                        
200008bc  _lock                                          
0000112b  _nop                                           
20000850  _stream                                        
200000e8  _sys_memory                                    
UNDEFED   _system_post_cinit                             
00003881  _system_pre_init                               
200008c0  _unlock                                        
00003885  abort                                          
000020a9  add_device                                     
00001b5d  aligned_alloc                                  
000030e5  atoi                                           
ffffffff  binit                                          
00002de1  close                                          
00003731  copysign                                       
00003731  copysignl                                      
000036c1  dclose                                         
000037f7  dlseek                                         
0000271d  dopen                                          
00002ff1  dread                                          
0000381b  drename                                        
00003847  dunlink                                        
00003131  dwrite                                         
200006d8  enc_counts                                     
200006dc  enc_counts_track                               
200006e4  enc_flag                                       
200006e0  enc_total                                      
200008d0  errno                                          
00003179  exit                                           
00003505  finddevice                                     
0000247d  fputc                                          
00001725  fputs                                          
00001d59  free                                           
000034d1  freopen                                        
00002bf9  frexp                                          
00002bf9  frexpl                                         
00002c5d  fseek                                          
20000000  g_pfnRAMVectors                                
000032d5  getdevice                                      
00002215  init_std_uart                                  
00000000  interruptVectors                               
00001949  ldexp                                          
00001949  ldexpl                                         
0000360d  lseek                                          
00001a59  main                                           
00003871  malloc                                         
00001b5d  memalign                                       
00003715  memccpy                                        
0000367f  memchr                                         
000022b1  memcpy                                         
00002821  memset                                         
00001fed  open                                           
200006d0  parmbuf                                        
00002b91  printf                                         
0000247d  putc                                           
00003591  remove                                         
00001949  scalbn                                         
00001949  scalbnl                                        
00001e3d  setvbuf                                        
000037a7  strchr                                         
00003763  strcmp                                         
000037bd  strcpy                                         
000037d1  strlen                                         
000033c9  strncpy                                        
200006a8  timerCap                                       
200006c0  timerCont                                      
00003591  unlink                                         
00003809  wcslen                                         
00003635  write                                          


GLOBAL SYMBOLS: SORTED BY Symbol Address 

address   name                                           
-------   ----                                           
00000000  __TI_static_base__                             
00000000  interruptVectors                               
000000e5  __TI_printfi                                   
00000400  __STACK_SIZE                                   
00000400  __SYSMEM_SIZE                                  
00000b33  ADC14_IRQHandler                               
00000b33  AES256_IRQHandler                              
00000b33  BusFault_Handler                               
00000b33  COMP_E0_IRQHandler                             
00000b33  COMP_E1_IRQHandler                             
00000b33  CS_IRQHandler                                  
00000b33  DMA_ERR_IRQHandler                             
00000b33  DMA_INT0_IRQHandler                            
00000b33  DMA_INT1_IRQHandler                            
00000b33  DMA_INT2_IRQHandler                            
00000b33  DMA_INT3_IRQHandler                            
00000b33  DebugMon_Handler                               
00000b33  Default_Handler                                
00000b33  EUSCIA0_IRQHandler                             
00000b33  EUSCIA1_IRQHandler                             
00000b33  EUSCIA2_IRQHandler                             
00000b33  EUSCIA3_IRQHandler                             
00000b33  EUSCIB0_IRQHandler                             
00000b33  EUSCIB1_IRQHandler                             
00000b33  EUSCIB2_IRQHandler                             
00000b33  EUSCIB3_IRQHandler                             
00000b33  FLCTL_IRQHandler                               
00000b33  FPU_IRQHandler                                 
00000b33  HardFault_Handler                              
00000b33  MemManage_Handler                              
00000b33  NMI_Handler                                    
00000b33  PCM_IRQHandler                                 
00000b33  PORT1_IRQHandler                               
00000b33  PORT2_IRQHandler                               
00000b33  PORT3_IRQHandler                               
00000b33  PORT4_IRQHandler                               
00000b33  PORT5_IRQHandler                               
00000b33  PORT6_IRQHandler                               
00000b33  PSS_IRQHandler                                 
00000b33  PendSV_Handler                                 
00000b33  RTC_C_IRQHandler                               
00000b33  SVC_Handler                                    
00000b33  SysTick_Handler                                
00000b33  T32_INT1_IRQHandler                            
00000b33  T32_INT2_IRQHandler                            
00000b33  T32_INTC_IRQHandler                            
00000b33  TA0_0_IRQHandler                               
00000b33  TA0_N_IRQHandler                               
00000b33  TA1_0_IRQHandler                               
00000b33  TA1_N_IRQHandler                               
00000b33  TA2_0_IRQHandler                               
00000b33  TA2_N_IRQHandler                               
00000b33  TA3_0_IRQHandler                               
00000b33  TA3_N_IRQHandler                               
00000b33  UsageFault_Handler                             
00000b33  WDT_A_IRQHandler                               
00000f75  __aeabi_dsub                                   
00000f7f  __aeabi_dadd                                   
0000112b  _nop                                           
000013ad  __aeabi_ddiv                                   
000014e3  __aeabi_idiv0                                  
000014e3  __aeabi_ldiv0                                  
00001609  UART_initModule                                
00001725  fputs                                          
00001949  ldexp                                          
00001949  ldexpl                                         
00001949  scalbn                                         
00001949  scalbnl                                        
00001a59  main                                           
00001b5d  aligned_alloc                                  
00001b5d  memalign                                       
00001c5d  __aeabi_dmul                                   
00001d59  free                                           
00001e3d  setvbuf                                        
00001f19  Timer_A_registerInterrupt                      
00001fed  open                                           
000020a9  add_device                                     
00002215  init_std_uart                                  
000022b1  __aeabi_memcpy                                 
000022b1  __aeabi_memcpy4                                
000022b1  __aeabi_memcpy8                                
000022b1  memcpy                                         
0000234d  SystemInit                                     
000023e5  __aeabi_uldivmod                               
0000247d  fputc                                          
0000247d  putc                                           
00002509  GPIO_setAsPeripheralModuleFunctionInputPin     
00002591  __aeabi_cdcmpeq                                
00002591  __aeabi_cdcmple                                
00002617  __aeabi_cdrcmple                               
0000269d  Interrupt_enableInterrupt                      
0000271d  dopen                                          
0000279d  Encoder_ISR                                    
00002819  __aeabi_memclr                                 
00002819  __aeabi_memclr4                                
00002819  __aeabi_memclr8                                
0000281b  __aeabi_memset                                 
0000281b  __aeabi_memset4                                
0000281b  __aeabi_memset8                                
00002821  memset                                         
00002895  __TI_closefile                                 
000029e9  HOSTrename                                     
00002a55  Timer_Init                                     
00002ac1  HOSTlseek                                      
00002b29  __TI_decompress_lzss                           
00002b91  printf                                         
00002bf9  frexp                                          
00002bf9  frexpl                                         
00002c5d  fseek                                          
00002cc1  __TI_wrt_ok                                    
00002d25  HOSTopen                                       
00002d85  Interrupt_registerInterrupt                    
00002de1  close                                          
00002e3d  HOSTread                                       
00002e95  HOSTwrite                                      
00002eed  Timer_A_initCapture                            
00002f9b  __TI_ltoa                                      
00002ff1  dread                                          
00003097  __TI_doflush                                   
000030e5  atoi                                           
00003131  dwrite                                         
00003179  exit                                           
000031c1  __aeabi_d2iz                                   
00003209  HOSTclose                                      
0000324d  HOSTunlink                                     
00003291  __TI_auto_init_nobinit_nopinit                 
000032d5  getdevice                                      
00003359  Timer_A_getCaptureCompareEnabledInterruptStatus
00003391  __TI_writemsg                                  
000033bf  C$$IO$$                                        
000033c9  strncpy                                        
00003401  Timer_A_configureContinuousMode                
00003435  __TI_cleanup                                   
00003469  __TI_readmsg                                   
0000349d  _c_int00_noargs                                
000034d1  freopen                                        
00003505  finddevice                                     
00003535  __aeabi_i2d                                    
00003565  Timer_A_clearCaptureCompareInterrupt           
00003591  remove                                         
00003591  unlink                                         
000035bd  Timer_A_getCaptureCompareInterruptStatus       
0000360d  lseek                                          
00003635  write                                          
0000365d  Timer_A_getCaptureCompareCount                 
0000367f  memchr                                         
0000369f  __aeabi_ui2d                                   
000036c1  dclose                                         
000036dd  __TI_zero_init_nomemset                        
00003715  memccpy                                        
00003731  copysign                                       
00003731  copysignl                                      
0000374b  Timer_A_getEnabledInterruptStatus              
00003763  strcmp                                         
0000377b  Timer_A_clearInterruptFlag                     
00003791  Timer_A_startCounter                           
000037a7  strchr                                         
000037bd  strcpy                                         
000037d1  strlen                                         
000037e5  Timer_A_getInterruptStatus                     
000037f7  dlseek                                         
00003809  wcslen                                         
0000381b  drename                                        
0000382b  GPIO_Init                                      
00003839  __TI_decompress_none                           
00003847  dunlink                                        
00003855  Reset_Handler                                  
00003861  SysInit                                        
00003869  __aeabi_errno_addr                             
00003871  malloc                                         
00003881  _system_pre_init                               
00003885  C$$EXIT                                        
00003885  abort                                          
00003888  _ctypes_                                       
00003a64  __TI_Handler_Table_Base                        
00003a70  __TI_Handler_Table_Limit                       
00003a80  __TI_CINIT_Base                                
00003a98  __TI_CINIT_Limit                               
20000000  __start___llvm_prf_cnts                        
20000000  __stop___llvm_prf_cnts                         
20000000  g_pfnRAMVectors                                
200000e8  _sys_memory                                    
200004e8  __CIOBUF_                                      
20000608  __TI_tmpnams                                   
200006a8  timerCap                                       
200006c0  timerCont                                      
200006d0  parmbuf                                        
200006d8  enc_counts                                     
200006dc  enc_counts_track                               
200006e0  enc_total                                      
200006e4  enc_flag                                       
200006e8  _ftable                                        
200007d8  _device                                        
20000850  _stream                                        
200008a0  __TI_ft_end                                    
200008a4  __aeabi_stdin                                  
200008a8  __aeabi_stdout                                 
200008ac  __aeabi_stderr                                 
200008b0  __TI_cleanup_ptr                               
200008b4  __TI_dtors_ptr                                 
200008b8  __TI_enable_exit_profile_output                
200008bc  _lock                                          
200008c0  _unlock                                        
200008d0  errno                                          
2000fc00  __stack                                        
20010000  __STACK_END                                    
4000480c  WDTCTL_SYM                                     
ffffffff  __TI_pprof_out_hndl                            
ffffffff  __TI_prof_data_size                            
ffffffff  __TI_prof_data_start                           
ffffffff  __binit__                                      
ffffffff  __c_args__                                     
ffffffff  binit                                          
UNDEFED   __mpu_init                                     
UNDEFED   _system_post_cinit                             

[215 symbols]
