<?xml version="1.0" encoding="ISO-8859-1" ?>
<link_info>
   <banner>TI ARM Linker PC v20.2.7.LTS</banner>
   <copyright>Copyright (c) 1996-2018 Texas Instruments Incorporated</copyright>
   <link_time>0x64135d74</link_time>
   <link_errors>0x0</link_errors>
   <output_file>EmCon_Activity10.1PWM.out</output_file>
   <entry_point>
      <name>_c_int00_noargs</name>
      <address>0x3531</address>
   </entry_point>
   <input_file_list>
      <input_file id="fl-2">
         <path>.\</path>
         <kind>object</kind>
         <file>main.obj</file>
         <name>main.obj</name>
      </input_file>
      <input_file id="fl-3">
         <path>.\src\</path>
         <kind>object</kind>
         <file>engr2350_msp432.obj</file>
         <name>engr2350_msp432.obj</name>
      </input_file>
      <input_file id="fl-4">
         <path>.\src\</path>
         <kind>object</kind>
         <file>startup_msp432p401r_ccs.obj</file>
         <name>startup_msp432p401r_ccs.obj</name>
      </input_file>
      <input_file id="fl-5">
         <path>.\src\</path>
         <kind>object</kind>
         <file>system_msp432p401r.obj</file>
         <name>system_msp432p401r.obj</name>
      </input_file>
      <input_file id="fl-f">
         <kind>object</kind>
         <file>&lt;internal&gt;</file>
         <name>&lt;internal&gt;</name>
      </input_file>
      <input_file id="fl-10">
         <path>C:\ti\simplelink_msp432p4_sdk_3_40_01_02\source\ti\devices\msp432p4xx\driverlib\ccs\</path>
         <kind>archive</kind>
         <file>msp432p4xx_driverlib.lib</file>
         <name>gpio.o</name>
      </input_file>
      <input_file id="fl-11">
         <path>C:\ti\simplelink_msp432p4_sdk_3_40_01_02\source\ti\devices\msp432p4xx\driverlib\ccs\</path>
         <kind>archive</kind>
         <file>msp432p4xx_driverlib.lib</file>
         <name>interrupt.o</name>
      </input_file>
      <input_file id="fl-12">
         <path>C:\ti\simplelink_msp432p4_sdk_3_40_01_02\source\ti\devices\msp432p4xx\driverlib\ccs\</path>
         <kind>archive</kind>
         <file>msp432p4xx_driverlib.lib</file>
         <name>timer_a.o</name>
      </input_file>
      <input_file id="fl-13">
         <path>C:\ti\simplelink_msp432p4_sdk_3_40_01_02\source\ti\devices\msp432p4xx\driverlib\ccs\</path>
         <kind>archive</kind>
         <file>msp432p4xx_driverlib.lib</file>
         <name>uart.o</name>
      </input_file>
      <input_file id="fl-14">
         <path>C:\ti\simplelink_msp432p4_sdk_3_40_01_02\source\ti\devices\msp432p4xx\driverlib\ccs\</path>
         <kind>archive</kind>
         <file>msp432p4xx_driverlib.lib</file>
         <name>cpu.o</name>
      </input_file>
      <input_file id="fl-ca">
         <path>C:\ti\ccs1210\ccs\tools\compiler\ti-cgt-arm_20.2.7.LTS\lib\</path>
         <kind>archive</kind>
         <file>rtsv7M4_T_le_v4SPD16_eabi.lib</file>
         <name>printf.c.obj</name>
      </input_file>
      <input_file id="fl-cb">
         <path>C:\ti\ccs1210\ccs\tools\compiler\ti-cgt-arm_20.2.7.LTS\lib\</path>
         <kind>archive</kind>
         <file>rtsv7M4_T_le_v4SPD16_eabi.lib</file>
         <name>_printfi.c.obj</name>
      </input_file>
      <input_file id="fl-cc">
         <path>C:\ti\ccs1210\ccs\tools\compiler\ti-cgt-arm_20.2.7.LTS\lib\</path>
         <kind>archive</kind>
         <file>rtsv7M4_T_le_v4SPD16_eabi.lib</file>
         <name>fgetc.c.obj</name>
      </input_file>
      <input_file id="fl-cd">
         <path>C:\ti\ccs1210\ccs\tools\compiler\ti-cgt-arm_20.2.7.LTS\lib\</path>
         <kind>archive</kind>
         <file>rtsv7M4_T_le_v4SPD16_eabi.lib</file>
         <name>fopen.c.obj</name>
      </input_file>
      <input_file id="fl-ce">
         <path>C:\ti\ccs1210\ccs\tools\compiler\ti-cgt-arm_20.2.7.LTS\lib\</path>
         <kind>archive</kind>
         <file>rtsv7M4_T_le_v4SPD16_eabi.lib</file>
         <name>fputc.c.obj</name>
      </input_file>
      <input_file id="fl-cf">
         <path>C:\ti\ccs1210\ccs\tools\compiler\ti-cgt-arm_20.2.7.LTS\lib\</path>
         <kind>archive</kind>
         <file>rtsv7M4_T_le_v4SPD16_eabi.lib</file>
         <name>fputs.c.obj</name>
      </input_file>
      <input_file id="fl-d0">
         <path>C:\ti\ccs1210\ccs\tools\compiler\ti-cgt-arm_20.2.7.LTS\lib\</path>
         <kind>archive</kind>
         <file>rtsv7M4_T_le_v4SPD16_eabi.lib</file>
         <name>_bufread.c.obj</name>
      </input_file>
      <input_file id="fl-d1">
         <path>C:\ti\ccs1210\ccs\tools\compiler\ti-cgt-arm_20.2.7.LTS\lib\</path>
         <kind>archive</kind>
         <file>rtsv7M4_T_le_v4SPD16_eabi.lib</file>
         <name>_io_perm.c.obj</name>
      </input_file>
      <input_file id="fl-d2">
         <path>C:\ti\ccs1210\ccs\tools\compiler\ti-cgt-arm_20.2.7.LTS\lib\</path>
         <kind>archive</kind>
         <file>rtsv7M4_T_le_v4SPD16_eabi.lib</file>
         <name>setvbuf.c.obj</name>
      </input_file>
      <input_file id="fl-d3">
         <path>C:\ti\ccs1210\ccs\tools\compiler\ti-cgt-arm_20.2.7.LTS\lib\</path>
         <kind>archive</kind>
         <file>rtsv7M4_T_le_v4SPD16_eabi.lib</file>
         <name>fd_add_t2.asm.obj</name>
      </input_file>
      <input_file id="fl-d4">
         <path>C:\ti\ccs1210\ccs\tools\compiler\ti-cgt-arm_20.2.7.LTS\lib\</path>
         <kind>archive</kind>
         <file>rtsv7M4_T_le_v4SPD16_eabi.lib</file>
         <name>fd_cmp_t2.asm.obj</name>
      </input_file>
      <input_file id="fl-d5">
         <path>C:\ti\ccs1210\ccs\tools\compiler\ti-cgt-arm_20.2.7.LTS\lib\</path>
         <kind>archive</kind>
         <file>rtsv7M4_T_le_v4SPD16_eabi.lib</file>
         <name>fd_div_t2.asm.obj</name>
      </input_file>
      <input_file id="fl-d6">
         <path>C:\ti\ccs1210\ccs\tools\compiler\ti-cgt-arm_20.2.7.LTS\lib\</path>
         <kind>archive</kind>
         <file>rtsv7M4_T_le_v4SPD16_eabi.lib</file>
         <name>fd_mul_t2.asm.obj</name>
      </input_file>
      <input_file id="fl-d7">
         <path>C:\ti\ccs1210\ccs\tools\compiler\ti-cgt-arm_20.2.7.LTS\lib\</path>
         <kind>archive</kind>
         <file>rtsv7M4_T_le_v4SPD16_eabi.lib</file>
         <name>fd_toi_t2.asm.obj</name>
      </input_file>
      <input_file id="fl-d8">
         <path>C:\ti\ccs1210\ccs\tools\compiler\ti-cgt-arm_20.2.7.LTS\lib\</path>
         <kind>archive</kind>
         <file>rtsv7M4_T_le_v4SPD16_eabi.lib</file>
         <name>fd_tou_t2.asm.obj</name>
      </input_file>
      <input_file id="fl-d9">
         <path>C:\ti\ccs1210\ccs\tools\compiler\ti-cgt-arm_20.2.7.LTS\lib\</path>
         <kind>archive</kind>
         <file>rtsv7M4_T_le_v4SPD16_eabi.lib</file>
         <name>i_tofd_t2.asm.obj</name>
      </input_file>
      <input_file id="fl-da">
         <path>C:\ti\ccs1210\ccs\tools\compiler\ti-cgt-arm_20.2.7.LTS\lib\</path>
         <kind>archive</kind>
         <file>rtsv7M4_T_le_v4SPD16_eabi.lib</file>
         <name>memcpy_t2.asm.obj</name>
      </input_file>
      <input_file id="fl-db">
         <path>C:\ti\ccs1210\ccs\tools\compiler\ti-cgt-arm_20.2.7.LTS\lib\</path>
         <kind>archive</kind>
         <file>rtsv7M4_T_le_v4SPD16_eabi.lib</file>
         <name>u_tofd_t2.asm.obj</name>
      </input_file>
      <input_file id="fl-dc">
         <path>C:\ti\ccs1210\ccs\tools\compiler\ti-cgt-arm_20.2.7.LTS\lib\</path>
         <kind>archive</kind>
         <file>rtsv7M4_T_le_v4SPD16_eabi.lib</file>
         <name>memset_t2.asm.obj</name>
      </input_file>
      <input_file id="fl-dd">
         <path>C:\ti\ccs1210\ccs\tools\compiler\ti-cgt-arm_20.2.7.LTS\lib\</path>
         <kind>archive</kind>
         <file>rtsv7M4_T_le_v4SPD16_eabi.lib</file>
         <name>ull_div_t2.asm.obj</name>
      </input_file>
      <input_file id="fl-de">
         <path>C:\ti\ccs1210\ccs\tools\compiler\ti-cgt-arm_20.2.7.LTS\lib\</path>
         <kind>archive</kind>
         <file>rtsv7M4_T_le_v4SPD16_eabi.lib</file>
         <name>copy_zero_init.c.obj</name>
      </input_file>
      <input_file id="fl-df">
         <path>C:\ti\ccs1210\ccs\tools\compiler\ti-cgt-arm_20.2.7.LTS\lib\</path>
         <kind>archive</kind>
         <file>rtsv7M4_T_le_v4SPD16_eabi.lib</file>
         <name>copy_decompress_none.c.obj</name>
      </input_file>
      <input_file id="fl-e0">
         <path>C:\ti\ccs1210\ccs\tools\compiler\ti-cgt-arm_20.2.7.LTS\lib\</path>
         <kind>archive</kind>
         <file>rtsv7M4_T_le_v4SPD16_eabi.lib</file>
         <name>copy_decompress_lzss.c.obj</name>
      </input_file>
      <input_file id="fl-e1">
         <path>C:\ti\ccs1210\ccs\tools\compiler\ti-cgt-arm_20.2.7.LTS\lib\</path>
         <kind>archive</kind>
         <file>rtsv7M4_T_le_v4SPD16_eabi.lib</file>
         <name>exit.c.obj</name>
      </input_file>
      <input_file id="fl-e2">
         <path>C:\ti\ccs1210\ccs\tools\compiler\ti-cgt-arm_20.2.7.LTS\lib\</path>
         <kind>archive</kind>
         <file>rtsv7M4_T_le_v4SPD16_eabi.lib</file>
         <name>_lock.c.obj</name>
      </input_file>
      <input_file id="fl-e3">
         <path>C:\ti\ccs1210\ccs\tools\compiler\ti-cgt-arm_20.2.7.LTS\lib\</path>
         <kind>archive</kind>
         <file>rtsv7M4_T_le_v4SPD16_eabi.lib</file>
         <name>_ltoa.c.obj</name>
      </input_file>
      <input_file id="fl-e4">
         <path>C:\ti\ccs1210\ccs\tools\compiler\ti-cgt-arm_20.2.7.LTS\lib\</path>
         <kind>archive</kind>
         <file>rtsv7M4_T_le_v4SPD16_eabi.lib</file>
         <name>atoi.c.obj</name>
      </input_file>
      <input_file id="fl-e5">
         <path>C:\ti\ccs1210\ccs\tools\compiler\ti-cgt-arm_20.2.7.LTS\lib\</path>
         <kind>archive</kind>
         <file>rtsv7M4_T_le_v4SPD16_eabi.lib</file>
         <name>ctype.c.obj</name>
      </input_file>
      <input_file id="fl-e6">
         <path>C:\ti\ccs1210\ccs\tools\compiler\ti-cgt-arm_20.2.7.LTS\lib\</path>
         <kind>archive</kind>
         <file>rtsv7M4_T_le_v4SPD16_eabi.lib</file>
         <name>defs.c.obj</name>
      </input_file>
      <input_file id="fl-e7">
         <path>C:\ti\ccs1210\ccs\tools\compiler\ti-cgt-arm_20.2.7.LTS\lib\</path>
         <kind>archive</kind>
         <file>rtsv7M4_T_le_v4SPD16_eabi.lib</file>
         <name>memccpy.c.obj</name>
      </input_file>
      <input_file id="fl-e8">
         <path>C:\ti\ccs1210\ccs\tools\compiler\ti-cgt-arm_20.2.7.LTS\lib\</path>
         <kind>archive</kind>
         <file>rtsv7M4_T_le_v4SPD16_eabi.lib</file>
         <name>memchr.c.obj</name>
      </input_file>
      <input_file id="fl-e9">
         <path>C:\ti\ccs1210\ccs\tools\compiler\ti-cgt-arm_20.2.7.LTS\lib\</path>
         <kind>archive</kind>
         <file>rtsv7M4_T_le_v4SPD16_eabi.lib</file>
         <name>memory.c.obj</name>
      </input_file>
      <input_file id="fl-ea">
         <path>C:\ti\ccs1210\ccs\tools\compiler\ti-cgt-arm_20.2.7.LTS\lib\</path>
         <kind>archive</kind>
         <file>rtsv7M4_T_le_v4SPD16_eabi.lib</file>
         <name>strchr.c.obj</name>
      </input_file>
      <input_file id="fl-eb">
         <path>C:\ti\ccs1210\ccs\tools\compiler\ti-cgt-arm_20.2.7.LTS\lib\</path>
         <kind>archive</kind>
         <file>rtsv7M4_T_le_v4SPD16_eabi.lib</file>
         <name>strlen.c.obj</name>
      </input_file>
      <input_file id="fl-ec">
         <path>C:\ti\ccs1210\ccs\tools\compiler\ti-cgt-arm_20.2.7.LTS\lib\</path>
         <kind>archive</kind>
         <file>rtsv7M4_T_le_v4SPD16_eabi.lib</file>
         <name>boot_cortex_m.c.obj</name>
      </input_file>
      <input_file id="fl-ed">
         <path>C:\ti\ccs1210\ccs\tools\compiler\ti-cgt-arm_20.2.7.LTS\lib\</path>
         <kind>archive</kind>
         <file>rtsv7M4_T_le_v4SPD16_eabi.lib</file>
         <name>write.c.obj</name>
      </input_file>
      <input_file id="fl-ee">
         <path>C:\ti\ccs1210\ccs\tools\compiler\ti-cgt-arm_20.2.7.LTS\lib\</path>
         <kind>archive</kind>
         <file>rtsv7M4_T_le_v4SPD16_eabi.lib</file>
         <name>host_device.c.obj</name>
      </input_file>
      <input_file id="fl-ef">
         <path>C:\ti\ccs1210\ccs\tools\compiler\ti-cgt-arm_20.2.7.LTS\lib\</path>
         <kind>archive</kind>
         <file>rtsv7M4_T_le_v4SPD16_eabi.lib</file>
         <name>read.c.obj</name>
      </input_file>
      <input_file id="fl-f0">
         <path>C:\ti\ccs1210\ccs\tools\compiler\ti-cgt-arm_20.2.7.LTS\lib\</path>
         <kind>archive</kind>
         <file>rtsv7M4_T_le_v4SPD16_eabi.lib</file>
         <name>open.c.obj</name>
      </input_file>
      <input_file id="fl-f1">
         <path>C:\ti\ccs1210\ccs\tools\compiler\ti-cgt-arm_20.2.7.LTS\lib\</path>
         <kind>archive</kind>
         <file>rtsv7M4_T_le_v4SPD16_eabi.lib</file>
         <name>add_device.c.obj</name>
      </input_file>
      <input_file id="fl-f2">
         <path>C:\ti\ccs1210\ccs\tools\compiler\ti-cgt-arm_20.2.7.LTS\lib\</path>
         <kind>archive</kind>
         <file>rtsv7M4_T_le_v4SPD16_eabi.lib</file>
         <name>errno.c.obj</name>
      </input_file>
      <input_file id="fl-f3">
         <path>C:\ti\ccs1210\ccs\tools\compiler\ti-cgt-arm_20.2.7.LTS\lib\</path>
         <kind>archive</kind>
         <file>rtsv7M4_T_le_v4SPD16_eabi.lib</file>
         <name>wcslen.c.obj</name>
      </input_file>
      <input_file id="fl-f4">
         <path>C:\ti\ccs1210\ccs\tools\compiler\ti-cgt-arm_20.2.7.LTS\lib\</path>
         <kind>archive</kind>
         <file>rtsv7M4_T_le_v4SPD16_eabi.lib</file>
         <name>s_frexp.c.obj</name>
      </input_file>
      <input_file id="fl-f5">
         <path>C:\ti\ccs1210\ccs\tools\compiler\ti-cgt-arm_20.2.7.LTS\lib\</path>
         <kind>archive</kind>
         <file>rtsv7M4_T_le_v4SPD16_eabi.lib</file>
         <name>s_scalbn.c.obj</name>
      </input_file>
      <input_file id="fl-f6">
         <path>C:\ti\ccs1210\ccs\tools\compiler\ti-cgt-arm_20.2.7.LTS\lib\</path>
         <kind>archive</kind>
         <file>rtsv7M4_T_le_v4SPD16_eabi.lib</file>
         <name>fclose.c.obj</name>
      </input_file>
      <input_file id="fl-f7">
         <path>C:\ti\ccs1210\ccs\tools\compiler\ti-cgt-arm_20.2.7.LTS\lib\</path>
         <kind>archive</kind>
         <file>rtsv7M4_T_le_v4SPD16_eabi.lib</file>
         <name>fflush.c.obj</name>
      </input_file>
      <input_file id="fl-f8">
         <path>C:\ti\ccs1210\ccs\tools\compiler\ti-cgt-arm_20.2.7.LTS\lib\</path>
         <kind>archive</kind>
         <file>rtsv7M4_T_le_v4SPD16_eabi.lib</file>
         <name>fseek.c.obj</name>
      </input_file>
      <input_file id="fl-f9">
         <path>C:\ti\ccs1210\ccs\tools\compiler\ti-cgt-arm_20.2.7.LTS\lib\</path>
         <kind>archive</kind>
         <file>rtsv7M4_T_le_v4SPD16_eabi.lib</file>
         <name>getdevice.c.obj</name>
      </input_file>
      <input_file id="fl-fa">
         <path>C:\ti\ccs1210\ccs\tools\compiler\ti-cgt-arm_20.2.7.LTS\lib\</path>
         <kind>archive</kind>
         <file>rtsv7M4_T_le_v4SPD16_eabi.lib</file>
         <name>div0.asm.obj</name>
      </input_file>
      <input_file id="fl-fb">
         <path>C:\ti\ccs1210\ccs\tools\compiler\ti-cgt-arm_20.2.7.LTS\lib\</path>
         <kind>archive</kind>
         <file>rtsv7M4_T_le_v4SPD16_eabi.lib</file>
         <name>autoinit.c.obj</name>
      </input_file>
      <input_file id="fl-fc">
         <path>C:\ti\ccs1210\ccs\tools\compiler\ti-cgt-arm_20.2.7.LTS\lib\</path>
         <kind>archive</kind>
         <file>rtsv7M4_T_le_v4SPD16_eabi.lib</file>
         <name>pre_init.c.obj</name>
      </input_file>
      <input_file id="fl-fd">
         <path>C:\ti\ccs1210\ccs\tools\compiler\ti-cgt-arm_20.2.7.LTS\lib\</path>
         <kind>archive</kind>
         <file>rtsv7M4_T_le_v4SPD16_eabi.lib</file>
         <name>cpy_tbl.c.obj</name>
      </input_file>
      <input_file id="fl-fe">
         <path>C:\ti\ccs1210\ccs\tools\compiler\ti-cgt-arm_20.2.7.LTS\lib\</path>
         <kind>archive</kind>
         <file>rtsv7M4_T_le_v4SPD16_eabi.lib</file>
         <name>args_main.c.obj</name>
      </input_file>
      <input_file id="fl-ff">
         <path>C:\ti\ccs1210\ccs\tools\compiler\ti-cgt-arm_20.2.7.LTS\lib\</path>
         <kind>archive</kind>
         <file>rtsv7M4_T_le_v4SPD16_eabi.lib</file>
         <name>strcmp.c.obj</name>
      </input_file>
      <input_file id="fl-100">
         <path>C:\ti\ccs1210\ccs\tools\compiler\ti-cgt-arm_20.2.7.LTS\lib\</path>
         <kind>archive</kind>
         <file>rtsv7M4_T_le_v4SPD16_eabi.lib</file>
         <name>strncpy.c.obj</name>
      </input_file>
      <input_file id="fl-101">
         <path>C:\ti\ccs1210\ccs\tools\compiler\ti-cgt-arm_20.2.7.LTS\lib\</path>
         <kind>archive</kind>
         <file>rtsv7M4_T_le_v4SPD16_eabi.lib</file>
         <name>hostclose.c.obj</name>
      </input_file>
      <input_file id="fl-102">
         <path>C:\ti\ccs1210\ccs\tools\compiler\ti-cgt-arm_20.2.7.LTS\lib\</path>
         <kind>archive</kind>
         <file>rtsv7M4_T_le_v4SPD16_eabi.lib</file>
         <name>hostlseek.c.obj</name>
      </input_file>
      <input_file id="fl-103">
         <path>C:\ti\ccs1210\ccs\tools\compiler\ti-cgt-arm_20.2.7.LTS\lib\</path>
         <kind>archive</kind>
         <file>rtsv7M4_T_le_v4SPD16_eabi.lib</file>
         <name>hostopen.c.obj</name>
      </input_file>
      <input_file id="fl-104">
         <path>C:\ti\ccs1210\ccs\tools\compiler\ti-cgt-arm_20.2.7.LTS\lib\</path>
         <kind>archive</kind>
         <file>rtsv7M4_T_le_v4SPD16_eabi.lib</file>
         <name>hostread.c.obj</name>
      </input_file>
      <input_file id="fl-105">
         <path>C:\ti\ccs1210\ccs\tools\compiler\ti-cgt-arm_20.2.7.LTS\lib\</path>
         <kind>archive</kind>
         <file>rtsv7M4_T_le_v4SPD16_eabi.lib</file>
         <name>hostrename.c.obj</name>
      </input_file>
      <input_file id="fl-106">
         <path>C:\ti\ccs1210\ccs\tools\compiler\ti-cgt-arm_20.2.7.LTS\lib\</path>
         <kind>archive</kind>
         <file>rtsv7M4_T_le_v4SPD16_eabi.lib</file>
         <name>hostunlink.c.obj</name>
      </input_file>
      <input_file id="fl-107">
         <path>C:\ti\ccs1210\ccs\tools\compiler\ti-cgt-arm_20.2.7.LTS\lib\</path>
         <kind>archive</kind>
         <file>rtsv7M4_T_le_v4SPD16_eabi.lib</file>
         <name>hostwrite.c.obj</name>
      </input_file>
      <input_file id="fl-108">
         <path>C:\ti\ccs1210\ccs\tools\compiler\ti-cgt-arm_20.2.7.LTS\lib\</path>
         <kind>archive</kind>
         <file>rtsv7M4_T_le_v4SPD16_eabi.lib</file>
         <name>trgmsg.c.obj</name>
      </input_file>
      <input_file id="fl-109">
         <path>C:\ti\ccs1210\ccs\tools\compiler\ti-cgt-arm_20.2.7.LTS\lib\</path>
         <kind>archive</kind>
         <file>rtsv7M4_T_le_v4SPD16_eabi.lib</file>
         <name>remove.c.obj</name>
      </input_file>
      <input_file id="fl-10a">
         <path>C:\ti\ccs1210\ccs\tools\compiler\ti-cgt-arm_20.2.7.LTS\lib\</path>
         <kind>archive</kind>
         <file>rtsv7M4_T_le_v4SPD16_eabi.lib</file>
         <name>lseek.c.obj</name>
      </input_file>
      <input_file id="fl-10b">
         <path>C:\ti\ccs1210\ccs\tools\compiler\ti-cgt-arm_20.2.7.LTS\lib\</path>
         <kind>archive</kind>
         <file>rtsv7M4_T_le_v4SPD16_eabi.lib</file>
         <name>close.c.obj</name>
      </input_file>
      <input_file id="fl-10c">
         <path>C:\ti\ccs1210\ccs\tools\compiler\ti-cgt-arm_20.2.7.LTS\lib\</path>
         <kind>archive</kind>
         <file>rtsv7M4_T_le_v4SPD16_eabi.lib</file>
         <name>s_copysign.c.obj</name>
      </input_file>
      <input_file id="fl-10d">
         <path>C:\ti\ccs1210\ccs\tools\compiler\ti-cgt-arm_20.2.7.LTS\lib\</path>
         <kind>archive</kind>
         <file>rtsv7M4_T_le_v4SPD16_eabi.lib</file>
         <name>strcpy.c.obj</name>
      </input_file>
      <input_file id="fl-10e">
         <path>C:\ti\ccs1210\ccs\tools\compiler\ti-cgt-arm_20.2.7.LTS\lib\</path>
         <kind>archive</kind>
         <file>rtsv7M4_T_le_v4SPD16_eabi.lib</file>
         <name>unlink.c.obj</name>
      </input_file>
   </input_file_list>
   <object_component_list>
      <object_component id="oc-26">
         <name>.intvecs:retain</name>
         <load_address>0x0</load_address>
         <run_address>0x0</run_address>
         <size>0xe4</size>
         <input_file_ref idref="fl-4"/>
      </object_component>
      <object_component id="oc-196">
         <name>.text:__TI_printfi</name>
         <load_address>0xe4</load_address>
         <run_address>0xe4</run_address>
         <size>0xa4e</size>
         <input_file_ref idref="fl-cb"/>
      </object_component>
      <object_component id="oc-70">
         <name>.text:Default_Handler</name>
         <load_address>0xb32</load_address>
         <run_address>0xb32</run_address>
         <size>0x2</size>
         <input_file_ref idref="fl-4"/>
      </object_component>
      <object_component id="oc-273">
         <name>.text:_pconv_a</name>
         <load_address>0xb34</load_address>
         <run_address>0xb34</run_address>
         <size>0x270</size>
         <input_file_ref idref="fl-cb"/>
      </object_component>
      <object_component id="oc-261">
         <name>.text:_pconv_g</name>
         <load_address>0xda4</load_address>
         <run_address>0xda4</run_address>
         <size>0x1d0</size>
         <input_file_ref idref="fl-cb"/>
      </object_component>
      <object_component id="oc-38d">
         <name>.text</name>
         <load_address>0xf74</load_address>
         <run_address>0xf74</run_address>
         <size>0x1b6</size>
         <input_file_ref idref="fl-d3"/>
      </object_component>
      <object_component id="oc-297">
         <name>.text:_nop</name>
         <load_address>0x112a</load_address>
         <run_address>0x112a</run_address>
         <size>0x2</size>
         <input_file_ref idref="fl-e2"/>
      </object_component>
      <object_component id="oc-a0">
         <name>.text:main</name>
         <load_address>0x112c</load_address>
         <run_address>0x112c</run_address>
         <size>0x1ac</size>
         <input_file_ref idref="fl-2"/>
      </object_component>
      <object_component id="oc-240">
         <name>.text:privateTimer_AProcessClockSourceDivider</name>
         <load_address>0x12d8</load_address>
         <run_address>0x12d8</run_address>
         <size>0x144</size>
         <input_file_ref idref="fl-12"/>
      </object_component>
      <object_component id="oc-26d">
         <name>.text:_pconv_e</name>
         <load_address>0x141c</load_address>
         <run_address>0x141c</run_address>
         <size>0x13c</size>
         <input_file_ref idref="fl-cb"/>
      </object_component>
      <object_component id="oc-378">
         <name>.text</name>
         <load_address>0x1558</load_address>
         <run_address>0x1558</run_address>
         <size>0x136</size>
         <input_file_ref idref="fl-d5"/>
      </object_component>
      <object_component id="oc-494">
         <name>.text</name>
         <load_address>0x168e</load_address>
         <run_address>0x168e</run_address>
         <size>0x2</size>
         <input_file_ref idref="fl-fa"/>
      </object_component>
      <object_component id="oc-39f">
         <name>.text:fcvt</name>
         <load_address>0x1690</load_address>
         <run_address>0x1690</run_address>
         <size>0x124</size>
         <input_file_ref idref="fl-cb"/>
      </object_component>
      <object_component id="oc-334">
         <name>.text:UART_initModule</name>
         <load_address>0x17b4</load_address>
         <run_address>0x17b4</run_address>
         <size>0x11c</size>
         <input_file_ref idref="fl-13"/>
      </object_component>
      <object_component id="oc-2a5">
         <name>.text:fputs</name>
         <load_address>0x18d0</load_address>
         <run_address>0x18d0</run_address>
         <size>0x114</size>
         <input_file_ref idref="fl-cf"/>
      </object_component>
      <object_component id="oc-302">
         <name>.text:_openfile</name>
         <load_address>0x19e4</load_address>
         <run_address>0x19e4</run_address>
         <size>0x110</size>
         <input_file_ref idref="fl-cd"/>
      </object_component>
      <object_component id="oc-3b3">
         <name>.text:scalbn</name>
         <load_address>0x1af4</load_address>
         <run_address>0x1af4</run_address>
         <size>0x110</size>
         <input_file_ref idref="fl-f5"/>
      </object_component>
      <object_component id="oc-47d">
         <name>.text:aligned_alloc</name>
         <load_address>0x1c04</load_address>
         <run_address>0x1c04</run_address>
         <size>0x100</size>
         <input_file_ref idref="fl-e9"/>
      </object_component>
      <object_component id="oc-100">
         <name>.text</name>
         <load_address>0x1d04</load_address>
         <run_address>0x1d04</run_address>
         <size>0xfc</size>
         <input_file_ref idref="fl-d6"/>
      </object_component>
      <object_component id="oc-30a">
         <name>.text:free</name>
         <load_address>0x1e00</load_address>
         <run_address>0x1e00</run_address>
         <size>0xe4</size>
         <input_file_ref idref="fl-e9"/>
      </object_component>
      <object_component id="oc-205">
         <name>.text:setvbuf</name>
         <load_address>0x1ee4</load_address>
         <run_address>0x1ee4</run_address>
         <size>0xdc</size>
         <input_file_ref idref="fl-d2"/>
      </object_component>
      <object_component id="oc-467">
         <name>.text:open</name>
         <load_address>0x1fc0</load_address>
         <run_address>0x1fc0</run_address>
         <size>0xbc</size>
         <input_file_ref idref="fl-f0"/>
      </object_component>
      <object_component id="oc-1f9">
         <name>.text:add_device</name>
         <load_address>0x207c</load_address>
         <run_address>0x207c</run_address>
         <size>0xb8</size>
         <input_file_ref idref="fl-f1"/>
      </object_component>
      <object_component id="oc-256">
         <name>.text:_ltostr</name>
         <load_address>0x2134</load_address>
         <run_address>0x2134</run_address>
         <size>0xb1</size>
         <input_file_ref idref="fl-cb"/>
      </object_component>
      <object_component id="oc-2c0">
         <name>.text:__TI_buff_read</name>
         <load_address>0x21e8</load_address>
         <run_address>0x21e8</run_address>
         <size>0x9c</size>
         <input_file_ref idref="fl-d0"/>
      </object_component>
      <object_component id="oc-164">
         <name>.text:init_std_uart</name>
         <load_address>0x2284</load_address>
         <run_address>0x2284</run_address>
         <size>0x9c</size>
         <input_file_ref idref="fl-3"/>
      </object_component>
      <object_component id="oc-3a">
         <name>.text</name>
         <load_address>0x2320</load_address>
         <run_address>0x2320</run_address>
         <size>0x9c</size>
         <input_file_ref idref="fl-da"/>
      </object_component>
      <object_component id="oc-b2">
         <name>.text:SystemInit</name>
         <load_address>0x23bc</load_address>
         <run_address>0x23bc</run_address>
         <size>0x98</size>
         <input_file_ref idref="fl-5"/>
      </object_component>
      <object_component id="oc-371">
         <name>.text</name>
         <load_address>0x2454</load_address>
         <run_address>0x2454</run_address>
         <size>0x96</size>
         <input_file_ref idref="fl-dd"/>
      </object_component>
      <object_component id="oc-2ac">
         <name>.text:fputc</name>
         <load_address>0x24ec</load_address>
         <run_address>0x24ec</run_address>
         <size>0x8c</size>
         <input_file_ref idref="fl-ce"/>
      </object_component>
      <object_component id="oc-177">
         <name>.text:GPIO_setAsPeripheralModuleFunctionOutputPin</name>
         <load_address>0x2578</load_address>
         <run_address>0x2578</run_address>
         <size>0x88</size>
         <input_file_ref idref="fl-10"/>
      </object_component>
      <object_component id="oc-25c">
         <name>.text:__aeabi_cdcmple</name>
         <load_address>0x2600</load_address>
         <run_address>0x2600</run_address>
         <size>0x86</size>
         <input_file_ref idref="fl-d4"/>
      </object_component>
      <object_component id="oc-105">
         <name>.text:__aeabi_cdrcmple</name>
         <load_address>0x2686</load_address>
         <run_address>0x2686</run_address>
         <size>0x86</size>
         <input_file_ref idref="fl-d4"/>
      </object_component>
      <object_component id="oc-1b5">
         <name>.text:fgetc</name>
         <load_address>0x270c</load_address>
         <run_address>0x270c</run_address>
         <size>0x84</size>
         <input_file_ref idref="fl-cc"/>
      </object_component>
      <object_component id="oc-22c">
         <name>.text:dopen</name>
         <load_address>0x2790</load_address>
         <run_address>0x2790</run_address>
         <size>0x80</size>
         <input_file_ref idref="fl-3"/>
      </object_component>
      <object_component id="oc-94">
         <name>.text</name>
         <load_address>0x2810</load_address>
         <run_address>0x2810</run_address>
         <size>0x7a</size>
         <input_file_ref idref="fl-dc"/>
      </object_component>
      <object_component id="oc-2fc">
         <name>.text:__TI_closefile</name>
         <load_address>0x288c</load_address>
         <run_address>0x288c</run_address>
         <size>0x74</size>
         <input_file_ref idref="fl-f6"/>
      </object_component>
      <object_component id="oc-525">
         <name>.text:split</name>
         <load_address>0x2900</load_address>
         <run_address>0x2900</run_address>
         <size>0x70</size>
         <input_file_ref idref="fl-e9"/>
      </object_component>
      <object_component id="oc-398">
         <name>.text:_mcpy</name>
         <load_address>0x2970</load_address>
         <run_address>0x2970</run_address>
         <size>0x6e</size>
         <input_file_ref idref="fl-cb"/>
      </object_component>
      <object_component id="oc-448">
         <name>.text:HOSTrename</name>
         <load_address>0x29e0</load_address>
         <run_address>0x29e0</run_address>
         <size>0x6c</size>
         <input_file_ref idref="fl-105"/>
      </object_component>
      <object_component id="oc-e9">
         <name>.text:Timer_Init</name>
         <load_address>0x2a4c</load_address>
         <run_address>0x2a4c</run_address>
         <size>0x6a</size>
         <input_file_ref idref="fl-2"/>
      </object_component>
      <object_component id="oc-43c">
         <name>.text:HOSTlseek</name>
         <load_address>0x2ab8</load_address>
         <run_address>0x2ab8</run_address>
         <size>0x68</size>
         <input_file_ref idref="fl-102"/>
      </object_component>
      <object_component id="oc-17e">
         <name>.text:Timer_A_configureUpMode</name>
         <load_address>0x2b20</load_address>
         <run_address>0x2b20</run_address>
         <size>0x68</size>
         <input_file_ref idref="fl-12"/>
      </object_component>
      <object_component id="oc-17">
         <name>.text:decompress:lzss:__TI_decompress_lzss</name>
         <load_address>0x2b88</load_address>
         <run_address>0x2b88</run_address>
         <size>0x68</size>
         <input_file_ref idref="fl-e0"/>
      </object_component>
      <object_component id="oc-ef">
         <name>.text:printf</name>
         <load_address>0x2bf0</load_address>
         <run_address>0x2bf0</run_address>
         <size>0x68</size>
         <input_file_ref idref="fl-ca"/>
      </object_component>
      <object_component id="oc-3ad">
         <name>.text:frexp</name>
         <load_address>0x2c58</load_address>
         <run_address>0x2c58</run_address>
         <size>0x64</size>
         <input_file_ref idref="fl-f4"/>
      </object_component>
      <object_component id="oc-4c7">
         <name>.text:fseek</name>
         <load_address>0x2cbc</load_address>
         <run_address>0x2cbc</run_address>
         <size>0x64</size>
         <input_file_ref idref="fl-f8"/>
      </object_component>
      <object_component id="oc-3e4">
         <name>.text:__TI_wrt_ok</name>
         <load_address>0x2d20</load_address>
         <run_address>0x2d20</run_address>
         <size>0x62</size>
         <input_file_ref idref="fl-d1"/>
      </object_component>
      <object_component id="oc-424">
         <name>.text:HOSTopen</name>
         <load_address>0x2d84</load_address>
         <run_address>0x2d84</run_address>
         <size>0x60</size>
         <input_file_ref idref="fl-103"/>
      </object_component>
      <object_component id="oc-458">
         <name>.text:close</name>
         <load_address>0x2de4</load_address>
         <run_address>0x2de4</run_address>
         <size>0x5c</size>
         <input_file_ref idref="fl-10b"/>
      </object_component>
      <object_component id="oc-430">
         <name>.text:HOSTread</name>
         <load_address>0x2e40</load_address>
         <run_address>0x2e40</run_address>
         <size>0x58</size>
         <input_file_ref idref="fl-104"/>
      </object_component>
      <object_component id="oc-436">
         <name>.text:HOSTwrite</name>
         <load_address>0x2e98</load_address>
         <run_address>0x2e98</run_address>
         <size>0x58</size>
         <input_file_ref idref="fl-107"/>
      </object_component>
      <object_component id="oc-267">
         <name>.text:_pconv_f</name>
         <load_address>0x2ef0</load_address>
         <run_address>0x2ef0</run_address>
         <size>0x56</size>
         <input_file_ref idref="fl-cb"/>
      </object_component>
      <object_component id="oc-382">
         <name>.text:__TI_ltoa</name>
         <load_address>0x2f46</load_address>
         <run_address>0x2f46</run_address>
         <size>0x54</size>
         <input_file_ref idref="fl-e3"/>
      </object_component>
      <object_component id="oc-20e">
         <name>.text:dread</name>
         <load_address>0x2f9c</load_address>
         <run_address>0x2f9c</run_address>
         <size>0x54</size>
         <input_file_ref idref="fl-3"/>
      </object_component>
      <object_component id="oc-392">
         <name>.text:_ecpy</name>
         <load_address>0x2ff0</load_address>
         <run_address>0x2ff0</run_address>
         <size>0x52</size>
         <input_file_ref idref="fl-cb"/>
      </object_component>
      <object_component id="oc-184">
         <name>.text:Timer_A_initCompare</name>
         <load_address>0x3042</load_address>
         <run_address>0x3042</run_address>
         <size>0x4e</size>
         <input_file_ref idref="fl-12"/>
      </object_component>
      <object_component id="oc-3f0">
         <name>.text:__TI_doflush</name>
         <load_address>0x3090</load_address>
         <run_address>0x3090</run_address>
         <size>0x4c</size>
         <input_file_ref idref="fl-f7"/>
      </object_component>
      <object_component id="oc-250">
         <name>.text:atoi</name>
         <load_address>0x30dc</load_address>
         <run_address>0x30dc</run_address>
         <size>0x4c</size>
         <input_file_ref idref="fl-e4"/>
      </object_component>
      <object_component id="oc-2ba">
         <name>.text:__TI_rd_ok</name>
         <load_address>0x3128</load_address>
         <run_address>0x3128</run_address>
         <size>0x4a</size>
         <input_file_ref idref="fl-d1"/>
      </object_component>
      <object_component id="oc-214">
         <name>.text:dwrite</name>
         <load_address>0x3174</load_address>
         <run_address>0x3174</run_address>
         <size>0x48</size>
         <input_file_ref idref="fl-3"/>
      </object_component>
      <object_component id="oc-126">
         <name>.text:exit</name>
         <load_address>0x31bc</load_address>
         <run_address>0x31bc</run_address>
         <size>0x48</size>
         <input_file_ref idref="fl-e1"/>
      </object_component>
      <object_component id="oc-37d">
         <name>.text</name>
         <load_address>0x3204</load_address>
         <run_address>0x3204</run_address>
         <size>0x48</size>
         <input_file_ref idref="fl-d7"/>
      </object_component>
      <object_component id="oc-42a">
         <name>.text:HOSTclose</name>
         <load_address>0x324c</load_address>
         <run_address>0x324c</run_address>
         <size>0x44</size>
         <input_file_ref idref="fl-101"/>
      </object_component>
      <object_component id="oc-442">
         <name>.text:HOSTunlink</name>
         <load_address>0x3290</load_address>
         <run_address>0x3290</run_address>
         <size>0x44</size>
         <input_file_ref idref="fl-106"/>
      </object_component>
      <object_component id="oc-12c">
         <name>.text:__TI_auto_init_nobinit_nopinit:__TI_auto_init_nobinit_nopinit</name>
         <load_address>0x32d4</load_address>
         <run_address>0x32d4</run_address>
         <size>0x44</size>
         <input_file_ref idref="fl-fb"/>
      </object_component>
      <object_component id="oc-513">
         <name>.text:getdevice</name>
         <load_address>0x3318</load_address>
         <run_address>0x3318</run_address>
         <size>0x44</size>
         <input_file_ref idref="fl-f9"/>
      </object_component>
      <object_component id="oc-10a">
         <name>.text</name>
         <load_address>0x335c</load_address>
         <run_address>0x335c</run_address>
         <size>0x44</size>
         <input_file_ref idref="fl-d8"/>
      </object_component>
      <object_component id="oc-16b">
         <name>.text:GPIO_setAsOutputPin</name>
         <load_address>0x33a0</load_address>
         <run_address>0x33a0</run_address>
         <size>0x40</size>
         <input_file_ref idref="fl-10"/>
      </object_component>
      <object_component id="oc-3a5">
         <name>.text:_fcpy</name>
         <load_address>0x33e0</load_address>
         <run_address>0x33e0</run_address>
         <size>0x3e</size>
         <input_file_ref idref="fl-cb"/>
      </object_component>
      <object_component id="oc-e3">
         <name>.text:GPIO_Init</name>
         <load_address>0x341e</load_address>
         <run_address>0x341e</run_address>
         <size>0x38</size>
         <input_file_ref idref="fl-2"/>
      </object_component>
      <object_component id="oc-4ed">
         <name>.text:__TI_writemsg</name>
         <load_address>0x3458</load_address>
         <run_address>0x3458</run_address>
         <size>0x38</size>
         <input_file_ref idref="fl-108"/>
      </object_component>
      <object_component id="oc-2f0">
         <name>.text:strncpy</name>
         <load_address>0x3490</load_address>
         <run_address>0x3490</run_address>
         <size>0x36</size>
         <input_file_ref idref="fl-100"/>
      </object_component>
      <object_component id="oc-316">
         <name>.text:__TI_cleanup</name>
         <load_address>0x34c8</load_address>
         <run_address>0x34c8</run_address>
         <size>0x34</size>
         <input_file_ref idref="fl-cd"/>
      </object_component>
      <object_component id="oc-4f3">
         <name>.text:__TI_readmsg</name>
         <load_address>0x34fc</load_address>
         <run_address>0x34fc</run_address>
         <size>0x34</size>
         <input_file_ref idref="fl-108"/>
      </object_component>
      <object_component id="oc-58">
         <name>.text:_c_int00_noargs:_c_int00_noargs</name>
         <load_address>0x3530</load_address>
         <run_address>0x3530</run_address>
         <size>0x34</size>
         <input_file_ref idref="fl-ec"/>
      </object_component>
      <object_component id="oc-1ff">
         <name>.text:freopen</name>
         <load_address>0x3564</load_address>
         <run_address>0x3564</run_address>
         <size>0x34</size>
         <input_file_ref idref="fl-cd"/>
      </object_component>
      <object_component id="oc-2ea">
         <name>.text:finddevice</name>
         <load_address>0x3598</load_address>
         <run_address>0x3598</run_address>
         <size>0x30</size>
         <input_file_ref idref="fl-f9"/>
      </object_component>
      <object_component id="oc-388">
         <name>.text</name>
         <load_address>0x35c8</load_address>
         <run_address>0x35c8</run_address>
         <size>0x2e</size>
         <input_file_ref idref="fl-d9"/>
      </object_component>
      <object_component id="oc-45e">
         <name>.text:unlink</name>
         <load_address>0x35f8</load_address>
         <run_address>0x35f8</run_address>
         <size>0x2c</size>
         <input_file_ref idref="fl-10e"/>
      </object_component>
      <object_component id="oc-171">
         <name>.text:GPIO_setOutputHighOnPin</name>
         <load_address>0x3624</load_address>
         <run_address>0x3624</run_address>
         <size>0x28</size>
         <input_file_ref idref="fl-10"/>
      </object_component>
      <object_component id="oc-10f">
         <name>.text:Timer_A_setCompareValue</name>
         <load_address>0x364c</load_address>
         <run_address>0x364c</run_address>
         <size>0x28</size>
         <input_file_ref idref="fl-12"/>
      </object_component>
      <object_component id="oc-476">
         <name>.text:free_list_insert</name>
         <load_address>0x3674</load_address>
         <run_address>0x3674</run_address>
         <size>0x28</size>
         <input_file_ref idref="fl-e9"/>
      </object_component>
      <object_component id="oc-544">
         <name>.text:lseek</name>
         <load_address>0x369c</load_address>
         <run_address>0x369c</run_address>
         <size>0x28</size>
         <input_file_ref idref="fl-10a"/>
      </object_component>
      <object_component id="oc-2c6">
         <name>.text:read</name>
         <load_address>0x36c4</load_address>
         <run_address>0x36c4</run_address>
         <size>0x28</size>
         <input_file_ref idref="fl-ef"/>
      </object_component>
      <object_component id="oc-3f6">
         <name>.text:write</name>
         <load_address>0x36ec</load_address>
         <run_address>0x36ec</run_address>
         <size>0x28</size>
         <input_file_ref idref="fl-ed"/>
      </object_component>
      <object_component id="oc-3ea">
         <name>.text:memchr</name>
         <load_address>0x3714</load_address>
         <run_address>0x3714</run_address>
         <size>0x20</size>
         <input_file_ref idref="fl-e8"/>
      </object_component>
      <object_component id="oc-fb">
         <name>.text</name>
         <load_address>0x3734</load_address>
         <run_address>0x3734</run_address>
         <size>0x20</size>
         <input_file_ref idref="fl-db"/>
      </object_component>
      <object_component id="oc-232">
         <name>.text:dclose</name>
         <load_address>0x3754</load_address>
         <run_address>0x3754</run_address>
         <size>0x1c</size>
         <input_file_ref idref="fl-3"/>
      </object_component>
      <object_component id="oc-46">
         <name>.text:decompress:ZI:__TI_zero_init_nomemset:__TI_zero_init_nomemset</name>
         <load_address>0x3770</load_address>
         <run_address>0x3770</run_address>
         <size>0x1c</size>
         <input_file_ref idref="fl-de"/>
      </object_component>
      <object_component id="oc-470">
         <name>.text:free_list_remove</name>
         <load_address>0x378c</load_address>
         <run_address>0x378c</run_address>
         <size>0x1c</size>
         <input_file_ref idref="fl-e9"/>
      </object_component>
      <object_component id="oc-279">
         <name>.text:memccpy</name>
         <load_address>0x37a8</load_address>
         <run_address>0x37a8</run_address>
         <size>0x1c</size>
         <input_file_ref idref="fl-e7"/>
      </object_component>
      <object_component id="oc-4ab">
         <name>.text:copysign</name>
         <load_address>0x37c4</load_address>
         <run_address>0x37c4</run_address>
         <size>0x1a</size>
         <input_file_ref idref="fl-10c"/>
      </object_component>
      <object_component id="oc-41a">
         <name>.text:strcmp</name>
         <load_address>0x37de</load_address>
         <run_address>0x37de</run_address>
         <size>0x18</size>
         <input_file_ref idref="fl-ff"/>
      </object_component>
      <object_component id="oc-18a">
         <name>.text:Timer_A_startCounter</name>
         <load_address>0x37f6</load_address>
         <run_address>0x37f6</run_address>
         <size>0x16</size>
         <input_file_ref idref="fl-12"/>
      </object_component>
      <object_component id="oc-3b9">
         <name>.text:strchr</name>
         <load_address>0x380c</load_address>
         <run_address>0x380c</run_address>
         <size>0x16</size>
         <input_file_ref idref="fl-ea"/>
      </object_component>
      <object_component id="oc-507">
         <name>.text:strcpy</name>
         <load_address>0x3822</load_address>
         <run_address>0x3822</run_address>
         <size>0x14</size>
         <input_file_ref idref="fl-10d"/>
      </object_component>
      <object_component id="oc-24a">
         <name>.text:strlen</name>
         <load_address>0x3836</load_address>
         <run_address>0x3836</run_address>
         <size>0x14</size>
         <input_file_ref idref="fl-eb"/>
      </object_component>
      <object_component id="oc-21a">
         <name>.text:dlseek</name>
         <load_address>0x384a</load_address>
         <run_address>0x384a</run_address>
         <size>0x12</size>
         <input_file_ref idref="fl-3"/>
      </object_component>
      <object_component id="oc-27f">
         <name>.text:wcslen</name>
         <load_address>0x385c</load_address>
         <run_address>0x385c</run_address>
         <size>0x12</size>
         <input_file_ref idref="fl-f3"/>
      </object_component>
      <object_component id="oc-226">
         <name>.text:drename</name>
         <load_address>0x386e</load_address>
         <run_address>0x386e</run_address>
         <size>0x10</size>
         <input_file_ref idref="fl-3"/>
      </object_component>
      <object_component id="oc-1d">
         <name>.text:decompress:none:__TI_decompress_none</name>
         <load_address>0x387e</load_address>
         <run_address>0x387e</run_address>
         <size>0xe</size>
         <input_file_ref idref="fl-df"/>
      </object_component>
      <object_component id="oc-220">
         <name>.text:dunlink</name>
         <load_address>0x388c</load_address>
         <run_address>0x388c</run_address>
         <size>0xe</size>
         <input_file_ref idref="fl-3"/>
      </object_component>
      <object_component id="oc-6a">
         <name>.text:Reset_Handler</name>
         <load_address>0x389a</load_address>
         <run_address>0x389a</run_address>
         <size>0xc</size>
         <input_file_ref idref="fl-4"/>
      </object_component>
      <object_component id="oc-f5">
         <name>.text:getchar</name>
         <load_address>0x38a8</load_address>
         <run_address>0x38a8</run_address>
         <size>0xc</size>
         <input_file_ref idref="fl-cc"/>
      </object_component>
      <object_component id="oc-dd">
         <name>.text:SysInit</name>
         <load_address>0x38b4</load_address>
         <run_address>0x38b4</run_address>
         <size>0x8</size>
         <input_file_ref idref="fl-3"/>
      </object_component>
      <object_component id="oc-285">
         <name>.text:__aeabi_errno_addr</name>
         <load_address>0x38bc</load_address>
         <run_address>0x38bc</run_address>
         <size>0x8</size>
         <input_file_ref idref="fl-f2"/>
      </object_component>
      <object_component id="oc-310">
         <name>.text:malloc</name>
         <load_address>0x38c4</load_address>
         <run_address>0x38c4</run_address>
         <size>0x8</size>
         <input_file_ref idref="fl-e9"/>
      </object_component>
      <object_component id="oc-1a8">
         <name>.text:_outc</name>
         <load_address>0x38cc</load_address>
         <run_address>0x38cc</run_address>
         <size>0x4</size>
         <input_file_ref idref="fl-ca"/>
      </object_component>
      <object_component id="oc-1a2">
         <name>.text:_outs</name>
         <load_address>0x38d0</load_address>
         <run_address>0x38d0</run_address>
         <size>0x4</size>
         <input_file_ref idref="fl-ca"/>
      </object_component>
      <object_component id="oc-9a">
         <name>.text:_system_pre_init</name>
         <load_address>0x38d4</load_address>
         <run_address>0x38d4</run_address>
         <size>0x4</size>
         <input_file_ref idref="fl-fc"/>
      </object_component>
      <object_component id="oc-120">
         <name>.text:abort:abort</name>
         <load_address>0x38d8</load_address>
         <run_address>0x38d8</run_address>
         <size>0x4</size>
         <input_file_ref idref="fl-e1"/>
      </object_component>
      <object_component id="oc-36c">
         <name>.const:.string:_ctypes_</name>
         <load_address>0x38dc</load_address>
         <run_address>0x38dc</run_address>
         <size>0x101</size>
         <input_file_ref idref="fl-e5"/>
      </object_component>
      <object_component id="oc-23a">
         <name>.const:GPIO_PORT_TO_BASE</name>
         <load_address>0x39e0</load_address>
         <run_address>0x39e0</run_address>
         <size>0x30</size>
         <input_file_ref idref="fl-10"/>
      </object_component>
      <object_component id="oc-33a">
         <name>.const:$P$T1$2</name>
         <load_address>0x3a10</load_address>
         <run_address>0x3a10</run_address>
         <size>0x28</size>
         <input_file_ref idref="fl-3"/>
      </object_component>
      <object_component id="oc-20b">
         <name>.const:.string:$P$T0$1</name>
         <load_address>0x3a38</load_address>
         <run_address>0x3a38</run_address>
         <size>0x5</size>
         <input_file_ref idref="fl-3"/>
      </object_component>
      <object_component id="oc-5b1">
         <name>.cinit..data.load</name>
         <load_address>0x3a40</load_address>
         <run_address>0x3a40</run_address>
         <size>0x68</size>
      </object_component>
      <object_component id="oc-5af">
         <name>__TI_handler_table</name>
         <load_address>0x3aa8</load_address>
         <run_address>0x3aa8</run_address>
         <size>0xc</size>
      </object_component>
      <object_component id="oc-5b2">
         <name>.cinit..bss.load</name>
         <load_address>0x3ab8</load_address>
         <run_address>0x3ab8</run_address>
         <size>0x8</size>
      </object_component>
      <object_component id="oc-5b0">
         <name>__TI_cinit_table</name>
         <load_address>0x3ac0</load_address>
         <run_address>0x3ac0</run_address>
         <size>0x10</size>
      </object_component>
      <object_component id="oc-583">
         <name>.binit</name>
         <load_address>0x0</load_address>
         <run_address>0x0</run_address>
         <size>0x0</size>
      </object_component>
      <object_component id="oc-1dd">
         <name>.data:$O1$$</name>
         <load_address>0x200007c8</load_address>
         <run_address>0x200007c8</run_address>
         <size>0xc</size>
         <input_file_ref idref="fl-e1"/>
      </object_component>
      <object_component id="oc-19c">
         <name>.data:$O1$$</name>
         <load_address>0x200007d4</load_address>
         <run_address>0x200007d4</run_address>
         <size>0x8</size>
         <input_file_ref idref="fl-e2"/>
      </object_component>
      <object_component id="oc-19f">
         <name>.data:_ftable</name>
         <load_address>0x20000600</load_address>
         <run_address>0x20000600</run_address>
         <size>0xf0</size>
         <input_file_ref idref="fl-e6"/>
      </object_component>
      <object_component id="oc-402">
         <name>.data</name>
         <load_address>0x200007b8</load_address>
         <run_address>0x200007b8</run_address>
         <size>0x10</size>
         <input_file_ref idref="fl-e6"/>
      </object_component>
      <object_component id="oc-520">
         <name>.data:$O1$$</name>
         <load_address>0x200007dc</load_address>
         <run_address>0x200007dc</run_address>
         <size>0x8</size>
         <input_file_ref idref="fl-e9"/>
      </object_component>
      <object_component id="oc-2f7">
         <name>.data:_device</name>
         <load_address>0x200006f0</load_address>
         <run_address>0x200006f0</run_address>
         <size>0x78</size>
         <input_file_ref idref="fl-ee"/>
      </object_component>
      <object_component id="oc-407">
         <name>.data:_stream</name>
         <load_address>0x20000768</load_address>
         <run_address>0x20000768</run_address>
         <size>0x50</size>
         <input_file_ref idref="fl-ee"/>
      </object_component>
      <object_component id="oc-51d">
         <name>.data</name>
         <load_address>0x200007ec</load_address>
         <run_address>0x200007ec</run_address>
         <size>0x4</size>
         <input_file_ref idref="fl-f0"/>
      </object_component>
      <object_component id="oc-2f6">
         <name>.data</name>
         <load_address>0x200007e4</load_address>
         <run_address>0x200007e4</run_address>
         <size>0x4</size>
         <input_file_ref idref="fl-f1"/>
      </object_component>
      <object_component id="oc-3c9">
         <name>.data</name>
         <load_address>0x200007e8</load_address>
         <run_address>0x200007e8</run_address>
         <size>0x4</size>
         <input_file_ref idref="fl-f2"/>
      </object_component>
      <object_component id="oc-554">
         <name>.bss:_CIOBUF_</name>
         <uninitialized>true</uninitialized>
         <run_address>0x20000400</run_address>
         <size>0x120</size>
         <input_file_ref idref="fl-108"/>
      </object_component>
      <object_component id="oc-115">
         <name>.common:timerUp</name>
         <uninitialized>true</uninitialized>
         <run_address>0x200005c0</run_address>
         <size>0x18</size>
      </object_component>
      <object_component id="oc-118">
         <name>.common:timerComp3</name>
         <uninitialized>true</uninitialized>
         <run_address>0x200005d8</run_address>
         <size>0x10</size>
      </object_component>
      <object_component id="oc-119">
         <name>.common:timerComp4</name>
         <uninitialized>true</uninitialized>
         <run_address>0x200005e8</run_address>
         <size>0x10</size>
      </object_component>
      <object_component id="oc-464">
         <name>.common:__TI_tmpnams</name>
         <uninitialized>true</uninitialized>
         <run_address>0x20000520</run_address>
         <size>0xa0</size>
      </object_component>
      <object_component id="oc-4f9">
         <name>.common:parmbuf</name>
         <uninitialized>true</uninitialized>
         <run_address>0x200005f8</run_address>
         <size>0x8</size>
      </object_component>
      <object_component id="oc-29">
         <name>.sysmem</name>
         <uninitialized>true</uninitialized>
         <run_address>0x20000000</run_address>
         <size>0x10</size>
         <input_file_ref idref="fl-e9"/>
      </object_component>
      <object_component id="oc-5b5">
         <name>.sysmem</name>
         <uninitialized>true</uninitialized>
         <run_address>0x20000000</run_address>
         <size>0x0</size>
      </object_component>
      <object_component id="oc-2c">
         <name>.stack</name>
         <uninitialized>true</uninitialized>
         <run_address>0x2000fc00</run_address>
         <size>0x4</size>
         <input_file_ref idref="fl-ec"/>
      </object_component>
      <object_component id="oc-5b4">
         <name>.stack</name>
         <uninitialized>true</uninitialized>
         <run_address>0x2000fc00</run_address>
         <size>0x0</size>
      </object_component>
      <object_component id="oc-116">
         <name>.debug_info</name>
         <load_address>0x0</load_address>
         <run_address>0x0</run_address>
         <size>0x829</size>
         <input_file_ref idref="fl-2"/>
      </object_component>
      <object_component id="oc-a2">
         <name>.debug_info</name>
         <load_address>0x829</load_address>
         <run_address>0x829</run_address>
         <size>0x2fa</size>
         <input_file_ref idref="fl-2"/>
      </object_component>
      <object_component id="oc-e5">
         <name>.debug_info</name>
         <load_address>0xb23</load_address>
         <run_address>0xb23</run_address>
         <size>0x1d9</size>
         <input_file_ref idref="fl-2"/>
      </object_component>
      <object_component id="oc-eb">
         <name>.debug_info</name>
         <load_address>0xcfc</load_address>
         <run_address>0xcfc</run_address>
         <size>0x1c8</size>
         <input_file_ref idref="fl-2"/>
      </object_component>
      <object_component id="oc-bc">
         <name>.debug_info</name>
         <load_address>0xec4</load_address>
         <run_address>0xec4</run_address>
         <size>0x26b</size>
         <input_file_ref idref="fl-2"/>
      </object_component>
      <object_component id="oc-1d2">
         <name>.debug_info</name>
         <load_address>0x112f</load_address>
         <run_address>0x112f</run_address>
         <size>0x1028</size>
         <input_file_ref idref="fl-2"/>
      </object_component>
      <object_component id="oc-1cd">
         <name>.debug_info</name>
         <load_address>0x2157</load_address>
         <run_address>0x2157</run_address>
         <size>0x37e2</size>
         <input_file_ref idref="fl-2"/>
      </object_component>
      <object_component id="oc-191">
         <name>.debug_info</name>
         <load_address>0x5939</load_address>
         <run_address>0x5939</run_address>
         <size>0x341</size>
         <input_file_ref idref="fl-2"/>
      </object_component>
      <object_component id="oc-35">
         <name>.debug_info</name>
         <load_address>0x5c7a</load_address>
         <run_address>0x5c7a</run_address>
         <size>0x84</size>
         <input_file_ref idref="fl-2"/>
      </object_component>
      <object_component id="oc-15f">
         <name>.debug_info</name>
         <load_address>0x5cfe</load_address>
         <run_address>0x5cfe</run_address>
         <size>0x2a4</size>
         <input_file_ref idref="fl-2"/>
      </object_component>
      <object_component id="oc-1d7">
         <name>.debug_info</name>
         <load_address>0x5fa2</load_address>
         <run_address>0x5fa2</run_address>
         <size>0xef</size>
         <input_file_ref idref="fl-2"/>
      </object_component>
      <object_component id="oc-11b">
         <name>.debug_info</name>
         <load_address>0x6091</load_address>
         <run_address>0x6091</run_address>
         <size>0xbb</size>
         <input_file_ref idref="fl-2"/>
      </object_component>
      <object_component id="oc-34b">
         <name>.debug_info</name>
         <load_address>0x614c</load_address>
         <run_address>0x614c</run_address>
         <size>0xcc</size>
         <input_file_ref idref="fl-2"/>
      </object_component>
      <object_component id="oc-32d">
         <name>.debug_info</name>
         <load_address>0x6218</load_address>
         <run_address>0x6218</run_address>
         <size>0x2c</size>
         <input_file_ref idref="fl-2"/>
      </object_component>
      <object_component id="oc-1b0">
         <name>.debug_info</name>
         <load_address>0x6244</load_address>
         <run_address>0x6244</run_address>
         <size>0x2c</size>
         <input_file_ref idref="fl-2"/>
      </object_component>
      <object_component id="oc-33e">
         <name>.debug_info</name>
         <load_address>0x6270</load_address>
         <run_address>0x6270</run_address>
         <size>0x102</size>
         <input_file_ref idref="fl-2"/>
      </object_component>
      <object_component id="oc-239">
         <name>.debug_info</name>
         <load_address>0x6372</load_address>
         <run_address>0x6372</run_address>
         <size>0x778</size>
         <input_file_ref idref="fl-3"/>
      </object_component>
      <object_component id="oc-20c">
         <name>.debug_info</name>
         <load_address>0x6aea</load_address>
         <run_address>0x6aea</run_address>
         <size>0xe5</size>
         <input_file_ref idref="fl-3"/>
      </object_component>
      <object_component id="oc-33b">
         <name>.debug_info</name>
         <load_address>0x6bcf</load_address>
         <run_address>0x6bcf</run_address>
         <size>0xe5</size>
         <input_file_ref idref="fl-3"/>
      </object_component>
      <object_component id="oc-df">
         <name>.debug_info</name>
         <load_address>0x6cb4</load_address>
         <run_address>0x6cb4</run_address>
         <size>0x142</size>
         <input_file_ref idref="fl-3"/>
      </object_component>
      <object_component id="oc-165">
         <name>.debug_info</name>
         <load_address>0x6df6</load_address>
         <run_address>0x6df6</run_address>
         <size>0x193</size>
         <input_file_ref idref="fl-3"/>
      </object_component>
      <object_component id="oc-22e">
         <name>.debug_info</name>
         <load_address>0x6f89</load_address>
         <run_address>0x6f89</run_address>
         <size>0x1d9</size>
         <input_file_ref idref="fl-3"/>
      </object_component>
      <object_component id="oc-234">
         <name>.debug_info</name>
         <load_address>0x7162</load_address>
         <run_address>0x7162</run_address>
         <size>0x162</size>
         <input_file_ref idref="fl-3"/>
      </object_component>
      <object_component id="oc-20f">
         <name>.debug_info</name>
         <load_address>0x72c4</load_address>
         <run_address>0x72c4</run_address>
         <size>0x1b2</size>
         <input_file_ref idref="fl-3"/>
      </object_component>
      <object_component id="oc-215">
         <name>.debug_info</name>
         <load_address>0x7476</load_address>
         <run_address>0x7476</run_address>
         <size>0x1b4</size>
         <input_file_ref idref="fl-3"/>
      </object_component>
      <object_component id="oc-21c">
         <name>.debug_info</name>
         <load_address>0x762a</load_address>
         <run_address>0x762a</run_address>
         <size>0x1b1</size>
         <input_file_ref idref="fl-3"/>
      </object_component>
      <object_component id="oc-221">
         <name>.debug_info</name>
         <load_address>0x77db</load_address>
         <run_address>0x77db</run_address>
         <size>0x155</size>
         <input_file_ref idref="fl-3"/>
      </object_component>
      <object_component id="oc-227">
         <name>.debug_info</name>
         <load_address>0x7930</load_address>
         <run_address>0x7930</run_address>
         <size>0x198</size>
         <input_file_ref idref="fl-3"/>
      </object_component>
      <object_component id="oc-346">
         <name>.debug_info</name>
         <load_address>0x7ac8</load_address>
         <run_address>0x7ac8</run_address>
         <size>0x37e2</size>
         <input_file_ref idref="fl-3"/>
      </object_component>
      <object_component id="oc-326">
         <name>.debug_info</name>
         <load_address>0xb2aa</load_address>
         <run_address>0xb2aa</run_address>
         <size>0x8b</size>
         <input_file_ref idref="fl-3"/>
      </object_component>
      <object_component id="oc-78">
         <name>.debug_info</name>
         <load_address>0xb335</load_address>
         <run_address>0xb335</run_address>
         <size>0x2d4</size>
         <input_file_ref idref="fl-4"/>
      </object_component>
      <object_component id="oc-27">
         <name>.debug_info</name>
         <load_address>0xb609</load_address>
         <run_address>0xb609</run_address>
         <size>0x100</size>
         <input_file_ref idref="fl-4"/>
      </object_component>
      <object_component id="oc-6b">
         <name>.debug_info</name>
         <load_address>0xb709</load_address>
         <run_address>0xb709</run_address>
         <size>0x163</size>
         <input_file_ref idref="fl-4"/>
      </object_component>
      <object_component id="oc-72">
         <name>.debug_info</name>
         <load_address>0xb86c</load_address>
         <run_address>0xb86c</run_address>
         <size>0x14b</size>
         <input_file_ref idref="fl-4"/>
      </object_component>
      <object_component id="oc-b3">
         <name>.debug_info</name>
         <load_address>0xb9b7</load_address>
         <run_address>0xb9b7</run_address>
         <size>0x140</size>
         <input_file_ref idref="fl-5"/>
      </object_component>
      <object_component id="oc-352">
         <name>.debug_info</name>
         <load_address>0xbaf7</load_address>
         <run_address>0xbaf7</run_address>
         <size>0x701</size>
         <input_file_ref idref="fl-10"/>
      </object_component>
      <object_component id="oc-23b">
         <name>.debug_info</name>
         <load_address>0xc1f8</load_address>
         <run_address>0xc1f8</run_address>
         <size>0x135</size>
         <input_file_ref idref="fl-10"/>
      </object_component>
      <object_component id="oc-16d">
         <name>.debug_info</name>
         <load_address>0xc32d</load_address>
         <run_address>0xc32d</run_address>
         <size>0x252</size>
         <input_file_ref idref="fl-10"/>
      </object_component>
      <object_component id="oc-17a">
         <name>.debug_info</name>
         <load_address>0xc57f</load_address>
         <run_address>0xc57f</run_address>
         <size>0x2a5</size>
         <input_file_ref idref="fl-10"/>
      </object_component>
      <object_component id="oc-174">
         <name>.debug_info</name>
         <load_address>0xc824</load_address>
         <run_address>0xc824</run_address>
         <size>0x25a</size>
         <input_file_ref idref="fl-10"/>
      </object_component>
      <object_component id="oc-365">
         <name>.debug_info</name>
         <load_address>0xca7e</load_address>
         <run_address>0xca7e</run_address>
         <size>0x26b</size>
         <input_file_ref idref="fl-10"/>
      </object_component>
      <object_component id="oc-35b">
         <name>.debug_info</name>
         <load_address>0xcce9</load_address>
         <run_address>0xcce9</run_address>
         <size>0x1028</size>
         <input_file_ref idref="fl-10"/>
      </object_component>
      <object_component id="oc-356">
         <name>.debug_info</name>
         <load_address>0xdd11</load_address>
         <run_address>0xdd11</run_address>
         <size>0x431a</size>
         <input_file_ref idref="fl-10"/>
      </object_component>
      <object_component id="oc-2ce">
         <name>.debug_info</name>
         <load_address>0x1202b</load_address>
         <run_address>0x1202b</run_address>
         <size>0x297</size>
         <input_file_ref idref="fl-10"/>
      </object_component>
      <object_component id="oc-1c6">
         <name>.debug_info</name>
         <load_address>0x122c2</load_address>
         <run_address>0x122c2</run_address>
         <size>0xef</size>
         <input_file_ref idref="fl-10"/>
      </object_component>
      <object_component id="oc-1c1">
         <name>.debug_info</name>
         <load_address>0x123b1</load_address>
         <run_address>0x123b1</run_address>
         <size>0xbb</size>
         <input_file_ref idref="fl-10"/>
      </object_component>
      <object_component id="oc-247">
         <name>.debug_info</name>
         <load_address>0x1246c</load_address>
         <run_address>0x1246c</run_address>
         <size>0x725</size>
         <input_file_ref idref="fl-12"/>
      </object_component>
      <object_component id="oc-243">
         <name>.debug_info</name>
         <load_address>0x12b91</load_address>
         <run_address>0x12b91</run_address>
         <size>0x25e</size>
         <input_file_ref idref="fl-12"/>
      </object_component>
      <object_component id="oc-18d">
         <name>.debug_info</name>
         <load_address>0x12def</load_address>
         <run_address>0x12def</run_address>
         <size>0x215</size>
         <input_file_ref idref="fl-12"/>
      </object_component>
      <object_component id="oc-181">
         <name>.debug_info</name>
         <load_address>0x13004</load_address>
         <run_address>0x13004</run_address>
         <size>0x23d</size>
         <input_file_ref idref="fl-12"/>
      </object_component>
      <object_component id="oc-187">
         <name>.debug_info</name>
         <load_address>0x13241</load_address>
         <run_address>0x13241</run_address>
         <size>0x21a</size>
         <input_file_ref idref="fl-12"/>
      </object_component>
      <object_component id="oc-112">
         <name>.debug_info</name>
         <load_address>0x1345b</load_address>
         <run_address>0x1345b</run_address>
         <size>0x289</size>
         <input_file_ref idref="fl-12"/>
      </object_component>
      <object_component id="oc-360">
         <name>.debug_info</name>
         <load_address>0x136e4</load_address>
         <run_address>0x136e4</run_address>
         <size>0x341</size>
         <input_file_ref idref="fl-12"/>
      </object_component>
      <object_component id="oc-488">
         <name>.debug_info</name>
         <load_address>0x13a25</load_address>
         <run_address>0x13a25</run_address>
         <size>0x6eb</size>
         <input_file_ref idref="fl-13"/>
      </object_component>
      <object_component id="oc-335">
         <name>.debug_info</name>
         <load_address>0x14110</load_address>
         <run_address>0x14110</run_address>
         <size>0x234</size>
         <input_file_ref idref="fl-13"/>
      </object_component>
      <object_component id="oc-52e">
         <name>.debug_info</name>
         <load_address>0x14344</load_address>
         <run_address>0x14344</run_address>
         <size>0x102</size>
         <input_file_ref idref="fl-13"/>
      </object_component>
      <object_component id="oc-1af">
         <name>.debug_info</name>
         <load_address>0x14446</load_address>
         <run_address>0x14446</run_address>
         <size>0x3e5</size>
         <input_file_ref idref="fl-ca"/>
      </object_component>
      <object_component id="oc-1a9">
         <name>.debug_info</name>
         <load_address>0x1482b</load_address>
         <run_address>0x1482b</run_address>
         <size>0x157</size>
         <input_file_ref idref="fl-ca"/>
      </object_component>
      <object_component id="oc-1a4">
         <name>.debug_info</name>
         <load_address>0x14982</load_address>
         <run_address>0x14982</run_address>
         <size>0x166</size>
         <input_file_ref idref="fl-ca"/>
      </object_component>
      <object_component id="oc-f1">
         <name>.debug_info</name>
         <load_address>0x14ae8</load_address>
         <run_address>0x14ae8</run_address>
         <size>0x1ac</size>
         <input_file_ref idref="fl-ca"/>
      </object_component>
      <object_component id="oc-2b5">
         <name>.debug_info</name>
         <load_address>0x14c94</load_address>
         <run_address>0x14c94</run_address>
         <size>0xb2</size>
         <input_file_ref idref="fl-ca"/>
      </object_component>
      <object_component id="oc-28c">
         <name>.debug_info</name>
         <load_address>0x14d46</load_address>
         <run_address>0x14d46</run_address>
         <size>0x590</size>
         <input_file_ref idref="fl-cb"/>
      </object_component>
      <object_component id="oc-258">
         <name>.debug_info</name>
         <load_address>0x152d6</load_address>
         <run_address>0x152d6</run_address>
         <size>0x21e</size>
         <input_file_ref idref="fl-cb"/>
      </object_component>
      <object_component id="oc-394">
         <name>.debug_info</name>
         <load_address>0x154f4</load_address>
         <run_address>0x154f4</run_address>
         <size>0x1b3</size>
         <input_file_ref idref="fl-cb"/>
      </object_component>
      <object_component id="oc-39a">
         <name>.debug_info</name>
         <load_address>0x156a7</load_address>
         <run_address>0x156a7</run_address>
         <size>0x21b</size>
         <input_file_ref idref="fl-cb"/>
      </object_component>
      <object_component id="oc-263">
         <name>.debug_info</name>
         <load_address>0x158c2</load_address>
         <run_address>0x158c2</run_address>
         <size>0x3c0</size>
         <input_file_ref idref="fl-cb"/>
      </object_component>
      <object_component id="oc-3a1">
         <name>.debug_info</name>
         <load_address>0x15c82</load_address>
         <run_address>0x15c82</run_address>
         <size>0x30a</size>
         <input_file_ref idref="fl-cb"/>
      </object_component>
      <object_component id="oc-3a7">
         <name>.debug_info</name>
         <load_address>0x15f8c</load_address>
         <run_address>0x15f8c</run_address>
         <size>0x215</size>
         <input_file_ref idref="fl-cb"/>
      </object_component>
      <object_component id="oc-269">
         <name>.debug_info</name>
         <load_address>0x161a1</load_address>
         <run_address>0x161a1</run_address>
         <size>0x215</size>
         <input_file_ref idref="fl-cb"/>
      </object_component>
      <object_component id="oc-26f">
         <name>.debug_info</name>
         <load_address>0x163b6</load_address>
         <run_address>0x163b6</run_address>
         <size>0x304</size>
         <input_file_ref idref="fl-cb"/>
      </object_component>
      <object_component id="oc-275">
         <name>.debug_info</name>
         <load_address>0x166ba</load_address>
         <run_address>0x166ba</run_address>
         <size>0x4b5</size>
         <input_file_ref idref="fl-cb"/>
      </object_component>
      <object_component id="oc-198">
         <name>.debug_info</name>
         <load_address>0x16b6f</load_address>
         <run_address>0x16b6f</run_address>
         <size>0x5f4</size>
         <input_file_ref idref="fl-cb"/>
      </object_component>
      <object_component id="oc-28d">
         <name>.debug_info</name>
         <load_address>0x17163</load_address>
         <run_address>0x17163</run_address>
         <size>0x86</size>
         <input_file_ref idref="fl-cb"/>
      </object_component>
      <object_component id="oc-3d5">
         <name>.debug_info</name>
         <load_address>0x171e9</load_address>
         <run_address>0x171e9</run_address>
         <size>0x39</size>
         <input_file_ref idref="fl-cb"/>
      </object_component>
      <object_component id="oc-4c2">
         <name>.debug_info</name>
         <load_address>0x17222</load_address>
         <run_address>0x17222</run_address>
         <size>0xb6</size>
         <input_file_ref idref="fl-cb"/>
      </object_component>
      <object_component id="oc-3da">
         <name>.debug_info</name>
         <load_address>0x172d8</load_address>
         <run_address>0x172d8</run_address>
         <size>0x46</size>
         <input_file_ref idref="fl-cb"/>
      </object_component>
      <object_component id="oc-292">
         <name>.debug_info</name>
         <load_address>0x1731e</load_address>
         <run_address>0x1731e</run_address>
         <size>0x46</size>
         <input_file_ref idref="fl-cb"/>
      </object_component>
      <object_component id="oc-3d0">
         <name>.debug_info</name>
         <load_address>0x17364</load_address>
         <run_address>0x17364</run_address>
         <size>0x2c</size>
         <input_file_ref idref="fl-cb"/>
      </object_component>
      <object_component id="oc-2cd">
         <name>.debug_info</name>
         <load_address>0x17390</load_address>
         <run_address>0x17390</run_address>
         <size>0x375</size>
         <input_file_ref idref="fl-cc"/>
      </object_component>
      <object_component id="oc-1b7">
         <name>.debug_info</name>
         <load_address>0x17705</load_address>
         <run_address>0x17705</run_address>
         <size>0x1d1</size>
         <input_file_ref idref="fl-cc"/>
      </object_component>
      <object_component id="oc-f7">
         <name>.debug_info</name>
         <load_address>0x178d6</load_address>
         <run_address>0x178d6</run_address>
         <size>0x13e</size>
         <input_file_ref idref="fl-cc"/>
      </object_component>
      <object_component id="oc-309">
         <name>.debug_info</name>
         <load_address>0x17a14</load_address>
         <run_address>0x17a14</run_address>
         <size>0x3f5</size>
         <input_file_ref idref="fl-cd"/>
      </object_component>
      <object_component id="oc-304">
         <name>.debug_info</name>
         <load_address>0x17e09</load_address>
         <run_address>0x17e09</run_address>
         <size>0x20e</size>
         <input_file_ref idref="fl-cd"/>
      </object_component>
      <object_component id="oc-317">
         <name>.debug_info</name>
         <load_address>0x18017</load_address>
         <run_address>0x18017</run_address>
         <size>0x176</size>
         <input_file_ref idref="fl-cd"/>
      </object_component>
      <object_component id="oc-200">
         <name>.debug_info</name>
         <load_address>0x1818d</load_address>
         <run_address>0x1818d</run_address>
         <size>0x1e4</size>
         <input_file_ref idref="fl-cd"/>
      </object_component>
      <object_component id="oc-c3">
         <name>.debug_info</name>
         <load_address>0x18371</load_address>
         <run_address>0x18371</run_address>
         <size>0x2c</size>
         <input_file_ref idref="fl-cd"/>
      </object_component>
      <object_component id="oc-3ff">
         <name>.debug_info</name>
         <load_address>0x1839d</load_address>
         <run_address>0x1839d</run_address>
         <size>0x383</size>
         <input_file_ref idref="fl-ce"/>
      </object_component>
      <object_component id="oc-2ae">
         <name>.debug_info</name>
         <load_address>0x18720</load_address>
         <run_address>0x18720</run_address>
         <size>0x1ea</size>
         <input_file_ref idref="fl-ce"/>
      </object_component>
      <object_component id="oc-3fd">
         <name>.debug_info</name>
         <load_address>0x1890a</load_address>
         <run_address>0x1890a</run_address>
         <size>0x3fc</size>
         <input_file_ref idref="fl-cf"/>
      </object_component>
      <object_component id="oc-2a9">
         <name>.debug_info</name>
         <load_address>0x18d06</load_address>
         <run_address>0x18d06</run_address>
         <size>0x2e2</size>
         <input_file_ref idref="fl-cf"/>
      </object_component>
      <object_component id="oc-d4">
         <name>.debug_info</name>
         <load_address>0x18fe8</load_address>
         <run_address>0x18fe8</run_address>
         <size>0x2c</size>
         <input_file_ref idref="fl-cf"/>
      </object_component>
      <object_component id="oc-406">
         <name>.debug_info</name>
         <load_address>0x19014</load_address>
         <run_address>0x19014</run_address>
         <size>0x370</size>
         <input_file_ref idref="fl-d0"/>
      </object_component>
      <object_component id="oc-2c1">
         <name>.debug_info</name>
         <load_address>0x19384</load_address>
         <run_address>0x19384</run_address>
         <size>0x1e2</size>
         <input_file_ref idref="fl-d0"/>
      </object_component>
      <object_component id="oc-401">
         <name>.debug_info</name>
         <load_address>0x19566</load_address>
         <run_address>0x19566</run_address>
         <size>0x300</size>
         <input_file_ref idref="fl-d1"/>
      </object_component>
      <object_component id="oc-3e7">
         <name>.debug_info</name>
         <load_address>0x19866</load_address>
[...]
         <value>0x35c9</value>
         <object_component_ref idref="oc-388"/>
      </symbol>
      <symbol id="sm-53f">
         <name>memcpy</name>
         <value>0x2321</value>
         <object_component_ref idref="oc-3a"/>
      </symbol>
      <symbol id="sm-540">
         <name>__aeabi_memcpy</name>
         <value>0x2321</value>
         <object_component_ref idref="oc-3a"/>
      </symbol>
      <symbol id="sm-541">
         <name>__aeabi_memcpy8</name>
         <value>0x2321</value>
         <object_component_ref idref="oc-3a"/>
      </symbol>
      <symbol id="sm-542">
         <name>__aeabi_memcpy4</name>
         <value>0x2321</value>
         <object_component_ref idref="oc-3a"/>
      </symbol>
      <symbol id="sm-54c">
         <name>__aeabi_ui2d</name>
         <value>0x3735</value>
         <object_component_ref idref="oc-fb"/>
      </symbol>
      <symbol id="sm-55b">
         <name>__aeabi_memset</name>
         <value>0x2813</value>
         <object_component_ref idref="oc-94"/>
      </symbol>
      <symbol id="sm-55c">
         <name>memset</name>
         <value>0x2819</value>
         <object_component_ref idref="oc-94"/>
      </symbol>
      <symbol id="sm-55d">
         <name>__aeabi_memset8</name>
         <value>0x2813</value>
         <object_component_ref idref="oc-94"/>
      </symbol>
      <symbol id="sm-55e">
         <name>__aeabi_memset4</name>
         <value>0x2813</value>
         <object_component_ref idref="oc-94"/>
      </symbol>
      <symbol id="sm-55f">
         <name>__aeabi_memclr8</name>
         <value>0x2811</value>
         <object_component_ref idref="oc-94"/>
      </symbol>
      <symbol id="sm-560">
         <name>__aeabi_memclr4</name>
         <value>0x2811</value>
         <object_component_ref idref="oc-94"/>
      </symbol>
      <symbol id="sm-561">
         <name>__aeabi_memclr</name>
         <value>0x2811</value>
         <object_component_ref idref="oc-94"/>
      </symbol>
      <symbol id="sm-56e">
         <name>__aeabi_uldivmod</name>
         <value>0x2455</value>
         <object_component_ref idref="oc-371"/>
      </symbol>
      <symbol id="sm-582">
         <name>__TI_zero_init_nomemset</name>
         <value>0x3771</value>
         <object_component_ref idref="oc-46"/>
      </symbol>
      <symbol id="sm-599">
         <name>__TI_decompress_none</name>
         <value>0x387f</value>
         <object_component_ref idref="oc-1d"/>
      </symbol>
      <symbol id="sm-5bc">
         <name>__TI_decompress_lzss</name>
         <value>0x2b89</value>
         <object_component_ref idref="oc-17"/>
      </symbol>
      <symbol id="sm-5e2">
         <name>C$$EXIT</name>
         <value>0x38d9</value>
         <object_component_ref idref="oc-120"/>
      </symbol>
      <symbol id="sm-5e3">
         <name>abort</name>
         <value>0x38d9</value>
         <object_component_ref idref="oc-120"/>
      </symbol>
      <symbol id="sm-5e4">
         <name>__TI_dtors_ptr</name>
         <value>0x200007cc</value>
         <object_component_ref idref="oc-1dd"/>
      </symbol>
      <symbol id="sm-5e5">
         <name>__TI_cleanup_ptr</name>
         <value>0x200007c8</value>
         <object_component_ref idref="oc-1dd"/>
      </symbol>
      <symbol id="sm-5e6">
         <name>__TI_enable_exit_profile_output</name>
         <value>0x200007d0</value>
         <object_component_ref idref="oc-1dd"/>
      </symbol>
      <symbol id="sm-5e7">
         <name>exit</name>
         <value>0x31bd</value>
         <object_component_ref idref="oc-126"/>
      </symbol>
      <symbol id="sm-5fc">
         <name>_nop</name>
         <value>0x112b</value>
         <object_component_ref idref="oc-297"/>
      </symbol>
      <symbol id="sm-5fd">
         <name>_lock</name>
         <value>0x200007d4</value>
         <object_component_ref idref="oc-19c"/>
      </symbol>
      <symbol id="sm-5fe">
         <name>_unlock</name>
         <value>0x200007d8</value>
         <object_component_ref idref="oc-19c"/>
      </symbol>
      <symbol id="sm-60d">
         <name>__TI_ltoa</name>
         <value>0x2f47</value>
         <object_component_ref idref="oc-382"/>
      </symbol>
      <symbol id="sm-623">
         <name>atoi</name>
         <value>0x30dd</value>
         <object_component_ref idref="oc-250"/>
      </symbol>
      <symbol id="sm-62e">
         <name>_ctypes_</name>
         <value>0x38dc</value>
         <object_component_ref idref="oc-36c"/>
      </symbol>
      <symbol id="sm-643">
         <name>__TI_tmpnams</name>
         <value>0x20000520</value>
      </symbol>
      <symbol id="sm-644">
         <name>__aeabi_stdout</name>
         <value>0x200007c0</value>
         <object_component_ref idref="oc-402"/>
      </symbol>
      <symbol id="sm-645">
         <name>__aeabi_stderr</name>
         <value>0x200007c4</value>
         <object_component_ref idref="oc-402"/>
      </symbol>
      <symbol id="sm-646">
         <name>__aeabi_stdin</name>
         <value>0x200007bc</value>
         <object_component_ref idref="oc-402"/>
      </symbol>
      <symbol id="sm-647">
         <name>_ftable</name>
         <value>0x20000600</value>
         <object_component_ref idref="oc-19f"/>
      </symbol>
      <symbol id="sm-648">
         <name>__TI_ft_end</name>
         <value>0x200007b8</value>
         <object_component_ref idref="oc-402"/>
      </symbol>
      <symbol id="sm-658">
         <name>memccpy</name>
         <value>0x37a9</value>
         <object_component_ref idref="oc-279"/>
      </symbol>
      <symbol id="sm-668">
         <name>memchr</name>
         <value>0x3715</value>
         <object_component_ref idref="oc-3ea"/>
      </symbol>
      <symbol id="sm-6ec">
         <name>_sys_memory</name>
         <value>0x20000000</value>
         <object_component_ref idref="oc-29"/>
      </symbol>
      <symbol id="sm-6ed">
         <name>free</name>
         <value>0x1e01</value>
         <object_component_ref idref="oc-30a"/>
      </symbol>
      <symbol id="sm-6ee">
         <name>memalign</name>
         <value>0x1c05</value>
         <object_component_ref idref="oc-47d"/>
      </symbol>
      <symbol id="sm-6ef">
         <name>malloc</name>
         <value>0x38c5</value>
         <object_component_ref idref="oc-310"/>
      </symbol>
      <symbol id="sm-6f0">
         <name>aligned_alloc</name>
         <value>0x1c05</value>
         <object_component_ref idref="oc-47d"/>
      </symbol>
      <symbol id="sm-700">
         <name>strchr</name>
         <value>0x380d</value>
         <object_component_ref idref="oc-3b9"/>
      </symbol>
      <symbol id="sm-70e">
         <name>strlen</name>
         <value>0x3837</value>
         <object_component_ref idref="oc-24a"/>
      </symbol>
      <symbol id="sm-721">
         <name>__stack</name>
         <value>0x2000fc00</value>
         <object_component_ref idref="oc-2c"/>
      </symbol>
      <symbol id="sm-722">
         <name>_c_int00_noargs</name>
         <value>0x3531</value>
         <object_component_ref idref="oc-58"/>
      </symbol>
      <symbol id="sm-737">
         <name>write</name>
         <value>0x36ed</value>
         <object_component_ref idref="oc-3f6"/>
      </symbol>
      <symbol id="sm-748">
         <name>_stream</name>
         <value>0x20000768</value>
         <object_component_ref idref="oc-407"/>
      </symbol>
      <symbol id="sm-749">
         <name>_device</name>
         <value>0x200006f0</value>
         <object_component_ref idref="oc-2f7"/>
      </symbol>
      <symbol id="sm-759">
         <name>read</name>
         <value>0x36c5</value>
         <object_component_ref idref="oc-2c6"/>
      </symbol>
      <symbol id="sm-776">
         <name>open</name>
         <value>0x1fc1</value>
         <object_component_ref idref="oc-467"/>
      </symbol>
      <symbol id="sm-796">
         <name>add_device</name>
         <value>0x207d</value>
         <object_component_ref idref="oc-1f9"/>
      </symbol>
      <symbol id="sm-7ac">
         <name>__aeabi_errno_addr</name>
         <value>0x38bd</value>
         <object_component_ref idref="oc-285"/>
      </symbol>
      <symbol id="sm-7ad">
         <name>errno</name>
         <value>0x200007e8</value>
         <object_component_ref idref="oc-3c9"/>
      </symbol>
      <symbol id="sm-7c6">
         <name>wcslen</name>
         <value>0x385d</value>
         <object_component_ref idref="oc-27f"/>
      </symbol>
      <symbol id="sm-7e6">
         <name>frexpl</name>
         <value>0x2c59</value>
         <object_component_ref idref="oc-3ad"/>
      </symbol>
      <symbol id="sm-7e7">
         <name>frexp</name>
         <value>0x2c59</value>
         <object_component_ref idref="oc-3ad"/>
      </symbol>
      <symbol id="sm-804">
         <name>scalbn</name>
         <value>0x1af5</value>
         <object_component_ref idref="oc-3b3"/>
      </symbol>
      <symbol id="sm-805">
         <name>scalbnl</name>
         <value>0x1af5</value>
         <object_component_ref idref="oc-3b3"/>
      </symbol>
      <symbol id="sm-806">
         <name>ldexpl</name>
         <value>0x1af5</value>
         <object_component_ref idref="oc-3b3"/>
      </symbol>
      <symbol id="sm-807">
         <name>ldexp</name>
         <value>0x1af5</value>
         <object_component_ref idref="oc-3b3"/>
      </symbol>
      <symbol id="sm-81c">
         <name>__TI_closefile</name>
         <value>0x288d</value>
         <object_component_ref idref="oc-2fc"/>
      </symbol>
      <symbol id="sm-82c">
         <name>__TI_doflush</name>
         <value>0x3091</value>
         <object_component_ref idref="oc-3f0"/>
      </symbol>
      <symbol id="sm-83e">
         <name>fseek</name>
         <value>0x2cbd</value>
         <object_component_ref idref="oc-4c7"/>
      </symbol>
      <symbol id="sm-85c">
         <name>finddevice</name>
         <value>0x3599</value>
         <object_component_ref idref="oc-2ea"/>
      </symbol>
      <symbol id="sm-85d">
         <name>getdevice</name>
         <value>0x3319</value>
         <object_component_ref idref="oc-513"/>
      </symbol>
      <symbol id="sm-867">
         <name>__aeabi_idiv0</name>
         <value>0x168f</value>
         <object_component_ref idref="oc-494"/>
      </symbol>
      <symbol id="sm-868">
         <name>__aeabi_ldiv0</name>
         <value>0x168f</value>
         <object_component_ref idref="oc-494"/>
      </symbol>
      <symbol id="sm-890">
         <name>__TI_auto_init_nobinit_nopinit</name>
         <value>0x32d5</value>
         <object_component_ref idref="oc-12c"/>
      </symbol>
      <symbol id="sm-89a">
         <name>_system_pre_init</name>
         <value>0x38d5</value>
         <object_component_ref idref="oc-9a"/>
      </symbol>
      <symbol id="sm-8ab">
         <name>strcmp</name>
         <value>0x37df</value>
         <object_component_ref idref="oc-41a"/>
      </symbol>
      <symbol id="sm-8bb">
         <name>strncpy</name>
         <value>0x3491</value>
         <object_component_ref idref="oc-2f0"/>
      </symbol>
      <symbol id="sm-8cc">
         <name>HOSTclose</name>
         <value>0x324d</value>
         <object_component_ref idref="oc-42a"/>
      </symbol>
      <symbol id="sm-8dd">
         <name>HOSTlseek</name>
         <value>0x2ab9</value>
         <object_component_ref idref="oc-43c"/>
      </symbol>
      <symbol id="sm-8ef">
         <name>parmbuf</name>
         <value>0x200005f8</value>
      </symbol>
      <symbol id="sm-8f0">
         <name>HOSTopen</name>
         <value>0x2d85</value>
         <object_component_ref idref="oc-424"/>
      </symbol>
      <symbol id="sm-901">
         <name>HOSTread</name>
         <value>0x2e41</value>
         <object_component_ref idref="oc-430"/>
      </symbol>
      <symbol id="sm-912">
         <name>HOSTrename</name>
         <value>0x29e1</value>
         <object_component_ref idref="oc-448"/>
      </symbol>
      <symbol id="sm-923">
         <name>HOSTunlink</name>
         <value>0x3291</value>
         <object_component_ref idref="oc-442"/>
      </symbol>
      <symbol id="sm-934">
         <name>HOSTwrite</name>
         <value>0x2e99</value>
         <object_component_ref idref="oc-436"/>
      </symbol>
      <symbol id="sm-958">
         <name>__TI_readmsg</name>
         <value>0x34fd</value>
         <object_component_ref idref="oc-4f3"/>
      </symbol>
      <symbol id="sm-959">
         <name>C$$IO$$</name>
         <value>0x3487</value>
         <object_component_ref idref="oc-4ed"/>
      </symbol>
      <symbol id="sm-95a">
         <name>__CIOBUF_</name>
         <value>0x20000400</value>
         <object_component_ref idref="oc-554"/>
      </symbol>
      <symbol id="sm-95b">
         <name>__TI_writemsg</name>
         <value>0x3459</value>
         <object_component_ref idref="oc-4ed"/>
      </symbol>
      <symbol id="sm-96c">
         <name>lseek</name>
         <value>0x369d</value>
         <object_component_ref idref="oc-544"/>
      </symbol>
      <symbol id="sm-980">
         <name>close</name>
         <value>0x2de5</value>
         <object_component_ref idref="oc-458"/>
      </symbol>
      <symbol id="sm-98a">
         <name>copysign</name>
         <value>0x37c5</value>
         <object_component_ref idref="oc-4ab"/>
      </symbol>
      <symbol id="sm-98b">
         <name>copysignl</name>
         <value>0x37c5</value>
         <object_component_ref idref="oc-4ab"/>
      </symbol>
      <symbol id="sm-999">
         <name>strcpy</name>
         <value>0x3823</value>
         <object_component_ref idref="oc-507"/>
      </symbol>
      <symbol id="sm-9a9">
         <name>unlink</name>
         <value>0x35f9</value>
         <object_component_ref idref="oc-45e"/>
      </symbol>
      <symbol id="sm-9aa">
         <name>__TI_static_base__</name>
         <value>0x0</value>
      </symbol>
      <symbol id="sm-9ad">
         <name>__mpu_init</name>
         <value>0x0</value>
      </symbol>
      <symbol id="sm-9ae">
         <name>_system_post_cinit</name>
         <value>0x0</value>
      </symbol>
      <symbol id="sm-9af">
         <name>NMI_Handler</name>
         <value>0xb33</value>
      </symbol>
      <symbol id="sm-9b0">
         <name>HardFault_Handler</name>
         <value>0xb33</value>
      </symbol>
      <symbol id="sm-9b1">
         <name>MemManage_Handler</name>
         <value>0xb33</value>
      </symbol>
      <symbol id="sm-9b2">
         <name>BusFault_Handler</name>
         <value>0xb33</value>
      </symbol>
      <symbol id="sm-9b3">
         <name>UsageFault_Handler</name>
         <value>0xb33</value>
      </symbol>
      <symbol id="sm-9b4">
         <name>SVC_Handler</name>
         <value>0xb33</value>
      </symbol>
      <symbol id="sm-9b5">
         <name>DebugMon_Handler</name>
         <value>0xb33</value>
      </symbol>
      <symbol id="sm-9b6">
         <name>PendSV_Handler</name>
         <value>0xb33</value>
      </symbol>
      <symbol id="sm-9b7">
         <name>SysTick_Handler</name>
         <value>0xb33</value>
      </symbol>
      <symbol id="sm-9b8">
         <name>PSS_IRQHandler</name>
         <value>0xb33</value>
      </symbol>
      <symbol id="sm-9b9">
         <name>CS_IRQHandler</name>
         <value>0xb33</value>
      </symbol>
      <symbol id="sm-9ba">
         <name>PCM_IRQHandler</name>
         <value>0xb33</value>
      </symbol>
      <symbol id="sm-9bb">
         <name>WDT_A_IRQHandler</name>
         <value>0xb33</value>
      </symbol>
      <symbol id="sm-9bc">
         <name>FPU_IRQHandler</name>
         <value>0xb33</value>
      </symbol>
      <symbol id="sm-9bd">
         <name>FLCTL_IRQHandler</name>
         <value>0xb33</value>
      </symbol>
      <symbol id="sm-9be">
         <name>COMP_E0_IRQHandler</name>
         <value>0xb33</value>
      </symbol>
      <symbol id="sm-9bf">
         <name>COMP_E1_IRQHandler</name>
         <value>0xb33</value>
      </symbol>
      <symbol id="sm-9c0">
         <name>TA0_0_IRQHandler</name>
         <value>0xb33</value>
      </symbol>
      <symbol id="sm-9c1">
         <name>TA0_N_IRQHandler</name>
         <value>0xb33</value>
      </symbol>
      <symbol id="sm-9c2">
         <name>TA1_0_IRQHandler</name>
         <value>0xb33</value>
      </symbol>
      <symbol id="sm-9c3">
         <name>TA1_N_IRQHandler</name>
         <value>0xb33</value>
      </symbol>
      <symbol id="sm-9c4">
         <name>TA2_0_IRQHandler</name>
         <value>0xb33</value>
      </symbol>
      <symbol id="sm-9c5">
         <name>TA2_N_IRQHandler</name>
         <value>0xb33</value>
      </symbol>
      <symbol id="sm-9c6">
         <name>TA3_0_IRQHandler</name>
         <value>0xb33</value>
      </symbol>
      <symbol id="sm-9c7">
         <name>TA3_N_IRQHandler</name>
         <value>0xb33</value>
      </symbol>
      <symbol id="sm-9c8">
         <name>EUSCIA0_IRQHandler</name>
         <value>0xb33</value>
      </symbol>
      <symbol id="sm-9c9">
         <name>EUSCIA1_IRQHandler</name>
         <value>0xb33</value>
      </symbol>
      <symbol id="sm-9ca">
         <name>EUSCIA2_IRQHandler</name>
         <value>0xb33</value>
      </symbol>
      <symbol id="sm-9cb">
         <name>EUSCIA3_IRQHandler</name>
         <value>0xb33</value>
      </symbol>
      <symbol id="sm-9cc">
         <name>EUSCIB0_IRQHandler</name>
         <value>0xb33</value>
      </symbol>
      <symbol id="sm-9cd">
         <name>EUSCIB1_IRQHandler</name>
         <value>0xb33</value>
      </symbol>
      <symbol id="sm-9ce">
         <name>EUSCIB2_IRQHandler</name>
         <value>0xb33</value>
      </symbol>
      <symbol id="sm-9cf">
         <name>EUSCIB3_IRQHandler</name>
         <value>0xb33</value>
      </symbol>
      <symbol id="sm-9d0">
         <name>ADC14_IRQHandler</name>
         <value>0xb33</value>
      </symbol>
      <symbol id="sm-9d1">
         <name>T32_INT1_IRQHandler</name>
         <value>0xb33</value>
      </symbol>
      <symbol id="sm-9d2">
         <name>T32_INT2_IRQHandler</name>
         <value>0xb33</value>
      </symbol>
      <symbol id="sm-9d3">
         <name>T32_INTC_IRQHandler</name>
         <value>0xb33</value>
      </symbol>
      <symbol id="sm-9d4">
         <name>AES256_IRQHandler</name>
         <value>0xb33</value>
      </symbol>
      <symbol id="sm-9d5">
         <name>RTC_C_IRQHandler</name>
         <value>0xb33</value>
      </symbol>
      <symbol id="sm-9d6">
         <name>DMA_ERR_IRQHandler</name>
         <value>0xb33</value>
      </symbol>
      <symbol id="sm-9d7">
         <name>DMA_INT3_IRQHandler</name>
         <value>0xb33</value>
      </symbol>
      <symbol id="sm-9d8">
         <name>DMA_INT2_IRQHandler</name>
         <value>0xb33</value>
      </symbol>
      <symbol id="sm-9d9">
         <name>DMA_INT1_IRQHandler</name>
         <value>0xb33</value>
      </symbol>
      <symbol id="sm-9da">
         <name>DMA_INT0_IRQHandler</name>
         <value>0xb33</value>
      </symbol>
      <symbol id="sm-9db">
         <name>PORT1_IRQHandler</name>
         <value>0xb33</value>
      </symbol>
      <symbol id="sm-9dc">
         <name>PORT2_IRQHandler</name>
         <value>0xb33</value>
      </symbol>
      <symbol id="sm-9dd">
         <name>PORT3_IRQHandler</name>
         <value>0xb33</value>
      </symbol>
      <symbol id="sm-9de">
         <name>PORT4_IRQHandler</name>
         <value>0xb33</value>
      </symbol>
      <symbol id="sm-9df">
         <name>PORT5_IRQHandler</name>
         <value>0xb33</value>
      </symbol>
      <symbol id="sm-9e0">
         <name>PORT6_IRQHandler</name>
         <value>0xb33</value>
      </symbol>
      <symbol id="sm-9e1">
         <name>remove</name>
         <value>0x35f9</value>
      </symbol>
   </symbol_table>
   <title>Link successful</title>
</link_info>
