******************************************************************************
                  TI ARM Linker PC v20.2.7                     
******************************************************************************
>> Linked Mon Mar 13 12:33:34 2023

OUTPUT FILE NAME:   <EmCon_Activity10.1PWM+Encoders.out>
ENTRY POINT SYMBOL: "_c_int00_noargs"  address: 000034cd


MEMORY CONFIGURATION

         name            origin    length      used     unused   attr    fill
----------------------  --------  ---------  --------  --------  ----  --------
  MAIN                  00000000   00040000  00003a69  0003c597  R  X
  INFO                  00200000   00004000  00000000  00004000  R  X
  SRAM_CODE             01000000   00010000  00000bf0  0000f410  RW X
  SRAM_DATA             20000000   00010000  00000bf0  0000f410  RW  


SEGMENT ALLOCATION MAP

run origin  load origin   length   init length attrs members
----------  ----------- ---------- ----------- ----- -------
00000000    00000000    00003a70   00003a70    r-x
  00000000    00000000    000000e4   000000e4    r-- .intvecs
  000000e4    000000e4    00003794   00003794    r-x .text
  00003878    00003878    00000161   00000161    r-- .const
  000039e0    000039e0    00000090   00000090    r-- .cinit
20000000    20000000    000007f0   00000000    rw-
  20000000    20000000    00000400   00000000    rw- .sysmem
  20000400    20000400    00000200   00000000    rw- .bss
  20000600    20000600    000001f0   00000000    rw- .data
2000fc00    2000fc00    00000400   00000000    rw-
  2000fc00    2000fc00    00000400   00000000    rw- .stack


SECTION ALLOCATION MAP

 output                                  attributes/
section   page    origin      length       input sections
--------  ----  ----------  ----------   ----------------
.intvecs   0    00000000    000000e4     
                  00000000    000000e4     startup_msp432p401r_ccs.obj (.intvecs:retain)

.text      0    000000e4    00003794     
                  000000e4    00000a4e     rtsv7M4_T_le_v4SPD16_eabi.lib : _printfi.c.obj (.text:__TI_printfi)
                  00000b32    00000002     startup_msp432p401r_ccs.obj (.text:Default_Handler)
                  00000b34    00000270     rtsv7M4_T_le_v4SPD16_eabi.lib : _printfi.c.obj (.text:_pconv_a)
                  00000da4    000001d0                                   : _printfi.c.obj (.text:_pconv_g)
                  00000f74    000001c4     main.obj (.text:main)
                  00001138    000001b6     rtsv7M4_T_le_v4SPD16_eabi.lib : fd_add_t2.asm.obj (.text)
                  000012ee    00000002                                   : _lock.c.obj (.text:_nop)
                  000012f0    00000144     msp432p4xx_driverlib.lib : timer_a.o (.text:privateTimer_AProcessClockSourceDivider)
                  00001434    0000013c     rtsv7M4_T_le_v4SPD16_eabi.lib : _printfi.c.obj (.text:_pconv_e)
                  00001570    00000136                                   : fd_div_t2.asm.obj (.text)
                  000016a6    00000002                                   : div0.asm.obj (.text)
                  000016a8    00000124                                   : _printfi.c.obj (.text:fcvt)
                  000017cc    0000011c     msp432p4xx_driverlib.lib : uart.o (.text:UART_initModule)
                  000018e8    00000114     rtsv7M4_T_le_v4SPD16_eabi.lib : fputs.c.obj (.text:fputs)
                  000019fc    00000110                                   : fopen.c.obj (.text:_openfile)
                  00001b0c    00000110                                   : s_scalbn.c.obj (.text:scalbn)
                  00001c1c    00000100                                   : memory.c.obj (.text:aligned_alloc)
                  00001d1c    000000fc                                   : fd_mul_t2.asm.obj (.text)
                  00001e18    000000e4                                   : memory.c.obj (.text:free)
                  00001efc    000000dc                                   : setvbuf.c.obj (.text:setvbuf)
                  00001fd8    000000bc                                   : open.c.obj (.text:open)
                  00002094    000000b8                                   : add_device.c.obj (.text:add_device)
                  0000214c    000000b1                                   : _printfi.c.obj (.text:_ltostr)
                  000021fd    00000003     --HOLE-- [fill = 0]
                  00002200    0000009c                                   : _bufread.c.obj (.text:__TI_buff_read)
                  0000229c    0000009c     engr2350_msp432.obj (.text:init_std_uart)
                  00002338    0000009c     rtsv7M4_T_le_v4SPD16_eabi.lib : memcpy_t2.asm.obj (.text)
                  000023d4    00000098     system_msp432p401r.obj (.text:SystemInit)
                  0000246c    00000096     rtsv7M4_T_le_v4SPD16_eabi.lib : ull_div_t2.asm.obj (.text)
                  00002502    00000002     --HOLE-- [fill = 0]
                  00002504    0000008c                                   : fputc.c.obj (.text:fputc)
                  00002590    00000088     msp432p4xx_driverlib.lib : gpio.o (.text:GPIO_setAsPeripheralModuleFunctionOutputPin)
                  00002618    00000086     rtsv7M4_T_le_v4SPD16_eabi.lib : fd_cmp_t2.asm.obj (.text:__aeabi_cdcmple)
                  0000269e    00000086                                   : fd_cmp_t2.asm.obj (.text:__aeabi_cdrcmple)
                  00002724    00000084                                   : fgetc.c.obj (.text:fgetc)
                  000027a8    00000080     engr2350_msp432.obj (.text:dopen)
                  00002828    0000007a     rtsv7M4_T_le_v4SPD16_eabi.lib : memset_t2.asm.obj (.text)
                  000028a2    00000002     --HOLE-- [fill = 0]
                  000028a4    00000074                                   : fclose.c.obj (.text:__TI_closefile)
                  00002918    00000070                                   : memory.c.obj (.text:split)
                  00002988    0000006e                                   : _printfi.c.obj (.text:_mcpy)
                  000029f6    00000002     --HOLE-- [fill = 0]
                  000029f8    0000006c                                   : hostrename.c.obj (.text:HOSTrename)
                  00002a64    0000006a     main.obj (.text:Timer_Init)
                  00002ace    00000002     --HOLE-- [fill = 0]
                  00002ad0    00000068     rtsv7M4_T_le_v4SPD16_eabi.lib : hostlseek.c.obj (.text:HOSTlseek)
                  00002b38    00000068     msp432p4xx_driverlib.lib : timer_a.o (.text:Timer_A_configureUpMode)
                  00002ba0    00000068     rtsv7M4_T_le_v4SPD16_eabi.lib : copy_decompress_lzss.c.obj (.text:decompress:lzss:__TI_decompress_lzss)
                  00002c08    00000068                                   : printf.c.obj (.text:printf)
                  00002c70    00000064                                   : s_frexp.c.obj (.text:frexp)
                  00002cd4    00000064                                   : fseek.c.obj (.text:fseek)
                  00002d38    00000062                                   : _io_perm.c.obj (.text:__TI_wrt_ok)
                  00002d9a    00000002     --HOLE-- [fill = 0]
                  00002d9c    00000060                                   : hostopen.c.obj (.text:HOSTopen)
                  00002dfc    0000005c                                   : close.c.obj (.text:close)
                  00002e58    00000058                                   : hostread.c.obj (.text:HOSTread)
                  00002eb0    00000058                                   : hostwrite.c.obj (.text:HOSTwrite)
                  00002f08    00000056                                   : _printfi.c.obj (.text:_pconv_f)
                  00002f5e    00000054                                   : _ltoa.c.obj (.text:__TI_ltoa)
                  00002fb2    00000002     --HOLE-- [fill = 0]
                  00002fb4    00000054     engr2350_msp432.obj (.text:dread)
                  00003008    00000052     rtsv7M4_T_le_v4SPD16_eabi.lib : _printfi.c.obj (.text:_ecpy)
                  0000305a    0000004e     msp432p4xx_driverlib.lib : timer_a.o (.text:Timer_A_initCompare)
                  000030a8    0000004c     rtsv7M4_T_le_v4SPD16_eabi.lib : fflush.c.obj (.text:__TI_doflush)
                  000030f4    0000004c                                   : atoi.c.obj (.text:atoi)
                  00003140    0000004a                                   : _io_perm.c.obj (.text:__TI_rd_ok)
                  0000318a    00000002     --HOLE-- [fill = 0]
                  0000318c    00000048     engr2350_msp432.obj (.text:dwrite)
                  000031d4    00000048     rtsv7M4_T_le_v4SPD16_eabi.lib : exit.c.obj (.text:exit)
                  0000321c    00000048                                   : fd_toi_t2.asm.obj (.text)
                  00003264    00000044                                   : hostclose.c.obj (.text:HOSTclose)
                  000032a8    00000044                                   : hostunlink.c.obj (.text:HOSTunlink)
                  000032ec    00000044                                   : autoinit.c.obj (.text:__TI_auto_init_nobinit_nopinit:__TI_auto_init_nobinit_nopinit)
                  00003330    00000044                                   : getdevice.c.obj (.text:getdevice)
                  00003374    00000040     msp432p4xx_driverlib.lib : gpio.o (.text:GPIO_setAsOutputPin)
                  000033b4    0000003e     rtsv7M4_T_le_v4SPD16_eabi.lib : _printfi.c.obj (.text:_fcpy)
                  000033f2    00000002     --HOLE-- [fill = 0]
                  000033f4    00000038                                   : trgmsg.c.obj (.text:__TI_writemsg)
                  0000342c    00000036                                   : strncpy.c.obj (.text:strncpy)
                  00003462    00000002     --HOLE-- [fill = 0]
                  00003464    00000034                                   : fopen.c.obj (.text:__TI_cleanup)
                  00003498    00000034                                   : trgmsg.c.obj (.text:__TI_readmsg)
                  000034cc    00000034                                   : boot_cortex_m.c.obj (.text:_c_int00_noargs:_c_int00_noargs)
                  00003500    00000034                                   : fopen.c.obj (.text:freopen)
                  00003534    00000030                                   : getdevice.c.obj (.text:finddevice)
                  00003564    0000002e                                   : i_tofd_t2.asm.obj (.text)
                  00003592    00000002     --HOLE-- [fill = 0]
                  00003594    0000002c                                   : unlink.c.obj (.text:unlink)
                  000035c0    00000028     main.obj (.text:GPIO_Init)
                  000035e8    00000028     msp432p4xx_driverlib.lib : timer_a.o (.text:Timer_A_setCompareValue)
                  00003610    00000028     rtsv7M4_T_le_v4SPD16_eabi.lib : memory.c.obj (.text:free_list_insert)
                  00003638    00000028                                   : lseek.c.obj (.text:lseek)
                  00003660    00000028                                   : read.c.obj (.text:read)
                  00003688    00000028                                   : write.c.obj (.text:write)
                  000036b0    00000020                                   : memchr.c.obj (.text:memchr)
                  000036d0    00000020                                   : u_tofd_t2.asm.obj (.text)
                  000036f0    0000001c     engr2350_msp432.obj (.text:dclose)
                  0000370c    0000001c     rtsv7M4_T_le_v4SPD16_eabi.lib : copy_zero_init.c.obj (.text:decompress:ZI:__TI_zero_init_nomemset:__TI_zero_init_nomemset)
                  00003728    0000001c                                   : memory.c.obj (.text:free_list_remove)
                  00003744    0000001c                                   : memccpy.c.obj (.text:memccpy)
                  00003760    0000001a                                   : s_copysign.c.obj (.text:copysign)
                  0000377a    00000018                                   : strcmp.c.obj (.text:strcmp)
                  00003792    00000016     msp432p4xx_driverlib.lib : timer_a.o (.text:Timer_A_startCounter)
                  000037a8    00000016     rtsv7M4_T_le_v4SPD16_eabi.lib : strchr.c.obj (.text:strchr)
                  000037be    00000014                                   : strcpy.c.obj (.text:strcpy)
                  000037d2    00000014                                   : strlen.c.obj (.text:strlen)
                  000037e6    00000012     engr2350_msp432.obj (.text:dlseek)
                  000037f8    00000012     rtsv7M4_T_le_v4SPD16_eabi.lib : wcslen.c.obj (.text:wcslen)
                  0000380a    00000010     engr2350_msp432.obj (.text:drename)
                  0000381a    0000000e     rtsv7M4_T_le_v4SPD16_eabi.lib : copy_decompress_none.c.obj (.text:decompress:none:__TI_decompress_none)
                  00003828    0000000e     engr2350_msp432.obj (.text:dunlink)
                  00003836    0000000c     startup_msp432p401r_ccs.obj (.text:Reset_Handler)
                  00003842    00000002     --HOLE-- [fill = 0]
                  00003844    0000000c     rtsv7M4_T_le_v4SPD16_eabi.lib : fgetc.c.obj (.text:getchar)
                  00003850    00000008     engr2350_msp432.obj (.text:SysInit)
                  00003858    00000008     rtsv7M4_T_le_v4SPD16_eabi.lib : errno.c.obj (.text:__aeabi_errno_addr)
                  00003860    00000008                                   : memory.c.obj (.text:malloc)
                  00003868    00000004                                   : printf.c.obj (.text:_outc)
                  0000386c    00000004                                   : printf.c.obj (.text:_outs)
                  00003870    00000004                                   : pre_init.c.obj (.text:_system_pre_init)
                  00003874    00000004                                   : exit.c.obj (.text:abort:abort)

.const     0    00003878    00000161     
                  00003878    00000101     rtsv7M4_T_le_v4SPD16_eabi.lib : ctype.c.obj (.const:.string:_ctypes_)
                  00003979    00000003     --HOLE-- [fill = 0]
                  0000397c    00000030     msp432p4xx_driverlib.lib : gpio.o (.const:GPIO_PORT_TO_BASE)
                  000039ac    00000028     engr2350_msp432.obj (.const:$P$T1$2)
                  000039d4    00000005     engr2350_msp432.obj (.const:.string:$P$T0$1)

.cinit     0    000039e0    00000090     
                  000039e0    00000069     (.cinit..data.load) [load image, compression = lzss]
                  00003a49    00000003     --HOLE-- [fill = 0]
                  00003a4c    0000000c     (__TI_handler_table)
                  00003a58    00000008     (.cinit..bss.load) [load image, compression = zero_init]
                  00003a60    00000010     (__TI_cinit_table)

.init_array 
*          0    00000000    00000000     UNINITIALIZED

.binit     0    00000000    00000000     

.sysmem    0    20000000    00000400     UNINITIALIZED
                  20000000    00000010     rtsv7M4_T_le_v4SPD16_eabi.lib : memory.c.obj (.sysmem)
                  20000010    000003f0     --HOLE--

.bss       0    20000400    00000200     UNINITIALIZED
                  20000400    00000120     rtsv7M4_T_le_v4SPD16_eabi.lib : trgmsg.c.obj (.bss:_CIOBUF_)
                  20000520    000000a0     (.common:__TI_tmpnams)
                  200005c0    00000018     (.common:timerUp)
                  200005d8    00000010     (.common:timerComp3)
                  200005e8    00000010     (.common:timerComp4)
                  200005f8    00000008     (.common:parmbuf)

.data      0    20000600    000001f0     UNINITIALIZED
                  20000600    000000f0     rtsv7M4_T_le_v4SPD16_eabi.lib : defs.c.obj (.data:_ftable)
                  200006f0    00000078                                   : host_device.c.obj (.data:_device)
                  20000768    00000050                                   : host_device.c.obj (.data:_stream)
                  200007b8    00000010                                   : defs.c.obj (.data)
                  200007c8    0000000c                                   : exit.c.obj (.data:$O1$$)
                  200007d4    00000008                                   : _lock.c.obj (.data:$O1$$)
                  200007dc    00000008                                   : memory.c.obj (.data:$O1$$)
                  200007e4    00000004                                   : add_device.c.obj (.data)
                  200007e8    00000004                                   : errno.c.obj (.data)
                  200007ec    00000004                                   : open.c.obj (.data)

.stack     0    2000fc00    00000400     UNINITIALIZED
                  2000fc00    00000004     rtsv7M4_T_le_v4SPD16_eabi.lib : boot_cortex_m.c.obj (.stack)
                  2000fc04    000003fc     --HOLE--

__llvm_prf_cnts 
*          0    20000000    00000000     UNINITIALIZED

MODULE SUMMARY

       Module                        code    ro data   rw data
       ------                        ----    -------   -------
    .\
       main.obj                      598     0         112    
    +--+-----------------------------+-------+---------+---------+
       Total:                        598     0         112    
                                                              
    .\src\
       engr2350_msp432.obj           524     45        0      
       startup_msp432p401r_ccs.obj   14      228       0      
       system_msp432p401r.obj        152     0         0      
    +--+-----------------------------+-------+---------+---------+
       Total:                        690     273       0      
                                                              
    C:/ti/simplelink_msp432p4_sdk_3_40_01_02/source/ti/devices/msp432p4xx/driverlib/ccs/msp432p4xx_driverlib.lib
       timer_a.o                     568     0         0      
       uart.o                        284     0         0      
       gpio.o                        200     48        0      
    +--+-----------------------------+-------+---------+---------+
       Total:                        1052    48        0      
                                                              
    C:\ti\ccs1210\ccs\tools\compiler\ti-cgt-arm_20.2.7.LTS\lib\rtsv7M4_T_le_v4SPD16_eabi.lib
       _printfi.c.obj                4851    0         0      
       defs.c.obj                    0       0         832    
       memory.c.obj                  672     0         16     
       trgmsg.c.obj                  108     0         576    
       fd_add_t2.asm.obj             438     0         0      
       host_device.c.obj             0       0         400    
       fopen.c.obj                   376     0         0      
       fd_div_t2.asm.obj             310     0         0      
       fputs.c.obj                   276     0         0      
       s_scalbn.c.obj                272     0         0      
       fd_cmp_t2.asm.obj             268     0         0      
       ctype.c.obj                   0       257       0      
       fd_mul_t2.asm.obj             252     0         0      
       setvbuf.c.obj                 220     0         0      
       open.c.obj                    188     0         8      
       add_device.c.obj              184     0         8      
       _io_perm.c.obj                172     0         0      
       _bufread.c.obj                156     0         0      
       memcpy_t2.asm.obj             156     0         0      
       ull_div_t2.asm.obj            150     0         0      
       fgetc.c.obj                   144     0         0      
       fputc.c.obj                   140     0         0      
       memset_t2.asm.obj             122     0         0      
       fclose.c.obj                  116     0         0      
       getdevice.c.obj               116     0         0      
       hostopen.c.obj                96      0         16     
       printf.c.obj                  112     0         0      
       hostrename.c.obj              108     0         0      
       copy_decompress_lzss.c.obj    104     0         0      
       hostlseek.c.obj               104     0         0      
       exit.c.obj                    76      0         24     
       fseek.c.obj                   100     0         0      
       s_frexp.c.obj                 100     0         0      
       close.c.obj                   92      0         0      
       hostread.c.obj                88      0         0      
       hostwrite.c.obj               88      0         0      
       _ltoa.c.obj                   84      0         0      
       atoi.c.obj                    76      0         0      
       fflush.c.obj                  76      0         0      
       fd_toi_t2.asm.obj             72      0         0      
       autoinit.c.obj                68      0         0      
       hostclose.c.obj               68      0         0      
       hostunlink.c.obj              68      0         0      
       strncpy.c.obj                 54      0         0      
       boot_cortex_m.c.obj           52      0         0      
       i_tofd_t2.asm.obj             46      0         0      
       unlink.c.obj                  44      0         0      
       lseek.c.obj                   40      0         0      
       read.c.obj                    40      0         0      
       write.c.obj                   40      0         0      
       memchr.c.obj                  32      0         0      
       u_tofd_t2.asm.obj             32      0         0      
       copy_zero_init.c.obj          28      0         0      
       memccpy.c.obj                 28      0         0      
       s_copysign.c.obj              26      0         0      
       strcmp.c.obj                  24      0         0      
       strchr.c.obj                  22      0         0      
       strcpy.c.obj                  20      0         0      
       strlen.c.obj                  20      0         0      
       _lock.c.obj                   2       0         16     
       wcslen.c.obj                  18      0         0      
       errno.c.obj                   8       0         8      
       copy_decompress_none.c.obj    14      0         0      
       pre_init.c.obj                4       0         0      
       div0.asm.obj                  2       0         0      
    +--+-----------------------------+-------+---------+---------+
       Total:                        11863   257       1904   
                                                              
       Heap:                         0       0         2048   
       Stack:                        0       0         2048   
       Linker Generated:             0       141       0      
    +--+-----------------------------+-------+---------+---------+
       Grand Total:                  14203   719       6112   


LINKER GENERATED COPY TABLES

__TI_cinit_table @ 00003a60 records: 2, size/record: 8, table size: 16
	.data: load addr=000039e0, load size=00000069 bytes, run addr=20000600, run size=000001f0 bytes, compression=lzss
	.bss: load addr=00003a58, load size=00000008 bytes, run addr=20000400, run size=00000200 bytes, compression=zero_init


LINKER GENERATED HANDLER TABLE

__TI_handler_table @ 00003a4c records: 3, size/record: 4, table size: 12
	index: 0, handler: __TI_decompress_lzss
	index: 1, handler: __TI_decompress_none
	index: 2, handler: __TI_zero_init


GLOBAL SYMBOLS: SORTED ALPHABETICALLY BY Name 

address   name                                       
-------   ----                                       
00000b33  ADC14_IRQHandler                           
00000b33  AES256_IRQHandler                          
00000b33  BusFault_Handler                           
00003875  C$$EXIT                                    
00003423  C$$IO$$                                    
00000b33  COMP_E0_IRQHandler                         
00000b33  COMP_E1_IRQHandler                         
00000b33  CS_IRQHandler                              
00000b33  DMA_ERR_IRQHandler                         
00000b33  DMA_INT0_IRQHandler                        
00000b33  DMA_INT1_IRQHandler                        
00000b33  DMA_INT2_IRQHandler                        
00000b33  DMA_INT3_IRQHandler                        
00000b33  DebugMon_Handler                           
00000b33  Default_Handler                            
00000b33  EUSCIA0_IRQHandler                         
00000b33  EUSCIA1_IRQHandler                         
00000b33  EUSCIA2_IRQHandler                         
00000b33  EUSCIA3_IRQHandler                         
00000b33  EUSCIB0_IRQHandler                         
00000b33  EUSCIB1_IRQHandler                         
00000b33  EUSCIB2_IRQHandler                         
00000b33  EUSCIB3_IRQHandler                         
00000b33  FLCTL_IRQHandler                           
00000b33  FPU_IRQHandler                             
000035c1  GPIO_Init                                  
00003375  GPIO_setAsOutputPin                        
00002591  GPIO_setAsPeripheralModuleFunctionOutputPin
00003265  HOSTclose                                  
00002ad1  HOSTlseek                                  
00002d9d  HOSTopen                                   
00002e59  HOSTread                                   
000029f9  HOSTrename                                 
000032a9  HOSTunlink                                 
00002eb1  HOSTwrite                                  
00000b33  HardFault_Handler                          
00000b33  MemManage_Handler                          
00000b33  NMI_Handler                                
00000b33  PCM_IRQHandler                             
00000b33  PORT1_IRQHandler                           
00000b33  PORT2_IRQHandler                           
00000b33  PORT3_IRQHandler                           
00000b33  PORT4_IRQHandler                           
00000b33  PORT5_IRQHandler                           
00000b33  PORT6_IRQHandler                           
00000b33  PSS_IRQHandler                             
00000b33  PendSV_Handler                             
00000b33  RTC_C_IRQHandler                           
00003837  Reset_Handler                              
00000b33  SVC_Handler                                
00003851  SysInit                                    
00000b33  SysTick_Handler                            
000023d5  SystemInit                                 
00000b33  T32_INT1_IRQHandler                        
00000b33  T32_INT2_IRQHandler                        
00000b33  T32_INTC_IRQHandler                        
00000b33  TA0_0_IRQHandler                           
00000b33  TA0_N_IRQHandler                           
00000b33  TA1_0_IRQHandler                           
00000b33  TA1_N_IRQHandler                           
00000b33  TA2_0_IRQHandler                           
00000b33  TA2_N_IRQHandler                           
00000b33  TA3_0_IRQHandler                           
00000b33  TA3_N_IRQHandler                           
00002b39  Timer_A_configureUpMode                    
0000305b  Timer_A_initCompare                        
000035e9  Timer_A_setCompareValue                    
00003793  Timer_A_startCounter                       
00002a65  Timer_Init                                 
000017cd  UART_initModule                            
00000b33  UsageFault_Handler                         
4000480c  WDTCTL_SYM                                 
00000b33  WDT_A_IRQHandler                           
20000400  __CIOBUF_                                  
20010000  __STACK_END                                
00000400  __STACK_SIZE                               
00000400  __SYSMEM_SIZE                              
00003a60  __TI_CINIT_Base                            
00003a70  __TI_CINIT_Limit                           
00003a4c  __TI_Handler_Table_Base                    
00003a58  __TI_Handler_Table_Limit                   
000032ed  __TI_auto_init_nobinit_nopinit             
00002201  __TI_buff_read                             
00003465  __TI_cleanup                               
200007c8  __TI_cleanup_ptr                           
000028a5  __TI_closefile                             
00002ba1  __TI_decompress_lzss                       
0000381b  __TI_decompress_none                       
000030a9  __TI_doflush                               
200007cc  __TI_dtors_ptr                             
200007d0  __TI_enable_exit_profile_output            
200007b8  __TI_ft_end                                
00002f5f  __TI_ltoa                                  
ffffffff  __TI_pprof_out_hndl                        
000000e5  __TI_printfi                               
ffffffff  __TI_prof_data_size                        
ffffffff  __TI_prof_data_start                       
00003141  __TI_rd_ok                                 
00003499  __TI_readmsg                               
00000000  __TI_static_base__                         
20000520  __TI_tmpnams                               
000033f5  __TI_writemsg                              
00002d39  __TI_wrt_ok                                
0000370d  __TI_zero_init_nomemset                    
00002619  __aeabi_cdcmpeq                            
00002619  __aeabi_cdcmple                            
0000269f  __aeabi_cdrcmple                           
0000321d  __aeabi_d2iz                               
00001143  __aeabi_dadd                               
00001571  __aeabi_ddiv                               
00001d1d  __aeabi_dmul                               
00001139  __aeabi_dsub                               
00003859  __aeabi_errno_addr                         
00003565  __aeabi_i2d                                
000016a7  __aeabi_idiv0                              
000016a7  __aeabi_ldiv0                              
00002829  __aeabi_memclr                             
00002829  __aeabi_memclr4                            
00002829  __aeabi_memclr8                            
00002339  __aeabi_memcpy                             
00002339  __aeabi_memcpy4                            
00002339  __aeabi_memcpy8                            
0000282b  __aeabi_memset                             
0000282b  __aeabi_memset4                            
0000282b  __aeabi_memset8                            
200007c4  __aeabi_stderr                             
200007bc  __aeabi_stdin                              
200007c0  __aeabi_stdout                             
000036d1  __aeabi_ui2d                               
0000246d  __aeabi_uldivmod                           
ffffffff  __binit__                                  
ffffffff  __c_args__                                 
UNDEFED   __mpu_init                                 
2000fc00  __stack                                    
20000000  __start___llvm_prf_cnts                    
20000000  __stop___llvm_prf_cnts                     
000034cd  _c_int00_noargs                            
00003878  _ctypes_                                   
200006f0  _device                                    
20000600  _ftable                                    
200007d4  _lock                                      
000012ef  _nop                                       
20000768  _stream                                    
20000000  _sys_memory                                
UNDEFED   _system_post_cinit                         
00003871  _system_pre_init                           
200007d8  _unlock                                    
00003875  abort                                      
00002095  add_device                                 
00001c1d  aligned_alloc                              
000030f5  atoi                                       
ffffffff  binit                                      
00002dfd  close                                      
00003761  copysign                                   
00003761  copysignl                                  
000036f1  dclose                                     
000037e7  dlseek                                     
000027a9  dopen                                      
00002fb5  dread                                      
0000380b  drename                                    
00003829  dunlink                                    
0000318d  dwrite                                     
200007e8  errno                                      
000031d5  exit                                       
00002725  fgetc                                      
00003535  finddevice                                 
00002505  fputc                                      
000018e9  fputs                                      
00001e19  free                                       
00003501  freopen                                    
00002c71  frexp                                      
00002c71  frexpl                                     
00002cd5  fseek                                      
00002725  getc                                       
00003845  getchar                                    
00003331  getdevice                                  
0000229d  init_std_uart                              
00000000  interruptVectors                           
00001b0d  ldexp                                      
00001b0d  ldexpl                                     
00003639  lseek                                      
00000f75  main                                       
00003861  malloc                                     
00001c1d  memalign                                   
00003745  memccpy                                    
000036b1  memchr                                     
00002339  memcpy                                     
00002831  memset                                     
00001fd9  open                                       
200005f8  parmbuf                                    
00002c09  printf                                     
00002505  putc                                       
00003661  read                                       
00003595  remove                                     
00001b0d  scalbn                                     
00001b0d  scalbnl                                    
00001efd  setvbuf                                    
000037a9  strchr                                     
0000377b  strcmp                                     
000037bf  strcpy                                     
000037d3  strlen                                     
0000342d  strncpy                                    
200005d8  timerComp3                                 
200005e8  timerComp4                                 
200005c0  timerUp                                    
00003595  unlink                                     
000037f9  wcslen                                     
00003689  write                                      


GLOBAL SYMBOLS: SORTED BY Symbol Address 

address   name                                       
-------   ----                                       
00000000  __TI_static_base__                         
00000000  interruptVectors                           
000000e5  __TI_printfi                               
00000400  __STACK_SIZE                               
00000400  __SYSMEM_SIZE                              
00000b33  ADC14_IRQHandler                           
00000b33  AES256_IRQHandler                          
00000b33  BusFault_Handler                           
00000b33  COMP_E0_IRQHandler                         
00000b33  COMP_E1_IRQHandler                         
00000b33  CS_IRQHandler                              
00000b33  DMA_ERR_IRQHandler                         
00000b33  DMA_INT0_IRQHandler                        
00000b33  DMA_INT1_IRQHandler                        
00000b33  DMA_INT2_IRQHandler                        
00000b33  DMA_INT3_IRQHandler                        
00000b33  DebugMon_Handler                           
00000b33  Default_Handler                            
00000b33  EUSCIA0_IRQHandler                         
00000b33  EUSCIA1_IRQHandler                         
00000b33  EUSCIA2_IRQHandler                         
00000b33  EUSCIA3_IRQHandler                         
00000b33  EUSCIB0_IRQHandler                         
00000b33  EUSCIB1_IRQHandler                         
00000b33  EUSCIB2_IRQHandler                         
00000b33  EUSCIB3_IRQHandler                         
00000b33  FLCTL_IRQHandler                           
00000b33  FPU_IRQHandler                             
00000b33  HardFault_Handler                          
00000b33  MemManage_Handler                          
00000b33  NMI_Handler                                
00000b33  PCM_IRQHandler                             
00000b33  PORT1_IRQHandler                           
00000b33  PORT2_IRQHandler                           
00000b33  PORT3_IRQHandler                           
00000b33  PORT4_IRQHandler                           
00000b33  PORT5_IRQHandler                           
00000b33  PORT6_IRQHandler                           
00000b33  PSS_IRQHandler                             
00000b33  PendSV_Handler                             
00000b33  RTC_C_IRQHandler                           
00000b33  SVC_Handler                                
00000b33  SysTick_Handler                            
00000b33  T32_INT1_IRQHandler                        
00000b33  T32_INT2_IRQHandler                        
00000b33  T32_INTC_IRQHandler                        
00000b33  TA0_0_IRQHandler                           
00000b33  TA0_N_IRQHandler                           
00000b33  TA1_0_IRQHandler                           
00000b33  TA1_N_IRQHandler                           
00000b33  TA2_0_IRQHandler                           
00000b33  TA2_N_IRQHandler                           
00000b33  TA3_0_IRQHandler                           
00000b33  TA3_N_IRQHandler                           
00000b33  UsageFault_Handler                         
00000b33  WDT_A_IRQHandler                           
00000f75  main                                       
00001139  __aeabi_dsub                               
00001143  __aeabi_dadd                               
000012ef  _nop                                       
00001571  __aeabi_ddiv                               
000016a7  __aeabi_idiv0                              
000016a7  __aeabi_ldiv0                              
000017cd  UART_initModule                            
000018e9  fputs                                      
00001b0d  ldexp                                      
00001b0d  ldexpl                                     
00001b0d  scalbn                                     
00001b0d  scalbnl                                    
00001c1d  aligned_alloc                              
00001c1d  memalign                                   
00001d1d  __aeabi_dmul                               
00001e19  free                                       
00001efd  setvbuf                                    
00001fd9  open                                       
00002095  add_device                                 
00002201  __TI_buff_read                             
0000229d  init_std_uart                              
00002339  __aeabi_memcpy                             
00002339  __aeabi_memcpy4                            
00002339  __aeabi_memcpy8                            
00002339  memcpy                                     
000023d5  SystemInit                                 
0000246d  __aeabi_uldivmod                           
00002505  fputc                                      
00002505  putc                                       
00002591  GPIO_setAsPeripheralModuleFunctionOutputPin
00002619  __aeabi_cdcmpeq                            
00002619  __aeabi_cdcmple                            
0000269f  __aeabi_cdrcmple                           
00002725  fgetc                                      
00002725  getc                                       
000027a9  dopen                                      
00002829  __aeabi_memclr                             
00002829  __aeabi_memclr4                            
00002829  __aeabi_memclr8                            
0000282b  __aeabi_memset                             
0000282b  __aeabi_memset4                            
0000282b  __aeabi_memset8                            
00002831  memset                                     
000028a5  __TI_closefile                             
000029f9  HOSTrename                                 
00002a65  Timer_Init                                 
00002ad1  HOSTlseek                                  
00002b39  Timer_A_configureUpMode                    
00002ba1  __TI_decompress_lzss                       
00002c09  printf                                     
00002c71  frexp                                      
00002c71  frexpl                                     
00002cd5  fseek                                      
00002d39  __TI_wrt_ok                                
00002d9d  HOSTopen                                   
00002dfd  close                                      
00002e59  HOSTread                                   
00002eb1  HOSTwrite                                  
00002f5f  __TI_ltoa                                  
00002fb5  dread                                      
0000305b  Timer_A_initCompare                        
000030a9  __TI_doflush                               
000030f5  atoi                                       
00003141  __TI_rd_ok                                 
0000318d  dwrite                                     
000031d5  exit                                       
0000321d  __aeabi_d2iz                               
00003265  HOSTclose                                  
000032a9  HOSTunlink                                 
000032ed  __TI_auto_init_nobinit_nopinit             
00003331  getdevice                                  
00003375  GPIO_setAsOutputPin                        
000033f5  __TI_writemsg                              
00003423  C$$IO$$                                    
0000342d  strncpy                                    
00003465  __TI_cleanup                               
00003499  __TI_readmsg                               
000034cd  _c_int00_noargs                            
00003501  freopen                                    
00003535  finddevice                                 
00003565  __aeabi_i2d                                
00003595  remove                                     
00003595  unlink                                     
000035c1  GPIO_Init                                  
000035e9  Timer_A_setCompareValue                    
00003639  lseek                                      
00003661  read                                       
00003689  write                                      
000036b1  memchr                                     
000036d1  __aeabi_ui2d                               
000036f1  dclose                                     
0000370d  __TI_zero_init_nomemset                    
00003745  memccpy                                    
00003761  copysign                                   
00003761  copysignl                                  
0000377b  strcmp                                     
00003793  Timer_A_startCounter                       
000037a9  strchr                                     
000037bf  strcpy                                     
000037d3  strlen                                     
000037e7  dlseek                                     
000037f9  wcslen                                     
0000380b  drename                                    
0000381b  __TI_decompress_none                       
00003829  dunlink                                    
00003837  Reset_Handler                              
00003845  getchar                                    
00003851  SysInit                                    
00003859  __aeabi_errno_addr                         
00003861  malloc                                     
00003871  _system_pre_init                           
00003875  C$$EXIT                                    
00003875  abort                                      
00003878  _ctypes_                                   
00003a4c  __TI_Handler_Table_Base                    
00003a58  __TI_Handler_Table_Limit                   
00003a60  __TI_CINIT_Base                            
00003a70  __TI_CINIT_Limit                           
20000000  __start___llvm_prf_cnts                    
20000000  __stop___llvm_prf_cnts                     
20000000  _sys_memory                                
20000400  __CIOBUF_                                  
20000520  __TI_tmpnams                               
200005c0  timerUp                                    
200005d8  timerComp3                                 
200005e8  timerComp4                                 
200005f8  parmbuf                                    
20000600  _ftable                                    
200006f0  _device                                    
20000768  _stream                                    
200007b8  __TI_ft_end                                
200007bc  __aeabi_stdin                              
200007c0  __aeabi_stdout                             
200007c4  __aeabi_stderr                             
200007c8  __TI_cleanup_ptr                           
200007cc  __TI_dtors_ptr                             
200007d0  __TI_enable_exit_profile_output            
200007d4  _lock                                      
200007d8  _unlock                                    
200007e8  errno                                      
2000fc00  __stack                                    
20010000  __STACK_END                                
4000480c  WDTCTL_SYM                                 
ffffffff  __TI_pprof_out_hndl                        
ffffffff  __TI_prof_data_size                        
ffffffff  __TI_prof_data_start                       
ffffffff  __binit__                                  
ffffffff  __c_args__                                 
ffffffff  binit                                      
UNDEFED   __mpu_init                                 
UNDEFED   _system_post_cinit                         

[208 symbols]
