******************************************************************************
                  TI ARM Linker PC v20.2.7                     
******************************************************************************
>> Linked Thu Mar 16 14:18:28 2023

OUTPUT FILE NAME:   <EmCon_Activity10.1PWM.out>
ENTRY POINT SYMBOL: "_c_int00_noargs"  address: 00003531


MEMORY CONFIGURATION

         name            origin    length      used     unused   attr    fill
----------------------  --------  ---------  --------  --------  ----  --------
  MAIN                  00000000   00040000  00003acd  0003c533  R  X
  INFO                  00200000   00004000  00000000  00004000  R  X
  SRAM_CODE             01000000   00010000  00000bf0  0000f410  RW X
  SRAM_DATA             20000000   00010000  00000bf0  0000f410  RW  


SEGMENT ALLOCATION MAP

run origin  load origin   length   init length attrs members
----------  ----------- ---------- ----------- ----- -------
00000000    00000000    00003ad0   00003ad0    r-x
  00000000    00000000    000000e4   000000e4    r-- .intvecs
  000000e4    000000e4    000037f8   000037f8    r-x .text
  000038dc    000038dc    00000161   00000161    r-- .const
  00003a40    00003a40    00000090   00000090    r-- .cinit
20000000    20000000    000007f0   00000000    rw-
  20000000    20000000    00000400   00000000    rw- .sysmem
  20000400    20000400    00000200   00000000    rw- .bss
  20000600    20000600    000001f0   00000000    rw- .data
2000fc00    2000fc00    00000400   00000000    rw-
  2000fc00    2000fc00    00000400   00000000    rw- .stack


SECTION ALLOCATION MAP

 output                                  attributes/
section   page    origin      length       input sections
--------  ----  ----------  ----------   ----------------
.intvecs   0    00000000    000000e4     
                  00000000    000000e4     startup_msp432p401r_ccs.obj (.intvecs:retain)

.text      0    000000e4    000037f8     
                  000000e4    00000a4e     rtsv7M4_T_le_v4SPD16_eabi.lib : _printfi.c.obj (.text:__TI_printfi)
                  00000b32    00000002     startup_msp432p401r_ccs.obj (.text:Default_Handler)
                  00000b34    00000270     rtsv7M4_T_le_v4SPD16_eabi.lib : _printfi.c.obj (.text:_pconv_a)
                  00000da4    000001d0                                   : _printfi.c.obj (.text:_pconv_g)
                  00000f74    000001b6                                   : fd_add_t2.asm.obj (.text)
                  0000112a    00000002                                   : _lock.c.obj (.text:_nop)
                  0000112c    000001ac     main.obj (.text:main)
                  000012d8    00000144     msp432p4xx_driverlib.lib : timer_a.o (.text:privateTimer_AProcessClockSourceDivider)
                  0000141c    0000013c     rtsv7M4_T_le_v4SPD16_eabi.lib : _printfi.c.obj (.text:_pconv_e)
                  00001558    00000136                                   : fd_div_t2.asm.obj (.text)
                  0000168e    00000002                                   : div0.asm.obj (.text)
                  00001690    00000124                                   : _printfi.c.obj (.text:fcvt)
                  000017b4    0000011c     msp432p4xx_driverlib.lib : uart.o (.text:UART_initModule)
                  000018d0    00000114     rtsv7M4_T_le_v4SPD16_eabi.lib : fputs.c.obj (.text:fputs)
                  000019e4    00000110                                   : fopen.c.obj (.text:_openfile)
                  00001af4    00000110                                   : s_scalbn.c.obj (.text:scalbn)
                  00001c04    00000100                                   : memory.c.obj (.text:aligned_alloc)
                  00001d04    000000fc                                   : fd_mul_t2.asm.obj (.text)
                  00001e00    000000e4                                   : memory.c.obj (.text:free)
                  00001ee4    000000dc                                   : setvbuf.c.obj (.text:setvbuf)
                  00001fc0    000000bc                                   : open.c.obj (.text:open)
                  0000207c    000000b8                                   : add_device.c.obj (.text:add_device)
                  00002134    000000b1                                   : _printfi.c.obj (.text:_ltostr)
                  000021e5    00000003     --HOLE-- [fill = 0]
                  000021e8    0000009c                                   : _bufread.c.obj (.text:__TI_buff_read)
                  00002284    0000009c     engr2350_msp432.obj (.text:init_std_uart)
                  00002320    0000009c     rtsv7M4_T_le_v4SPD16_eabi.lib : memcpy_t2.asm.obj (.text)
                  000023bc    00000098     system_msp432p401r.obj (.text:SystemInit)
                  00002454    00000096     rtsv7M4_T_le_v4SPD16_eabi.lib : ull_div_t2.asm.obj (.text)
                  000024ea    00000002     --HOLE-- [fill = 0]
                  000024ec    0000008c                                   : fputc.c.obj (.text:fputc)
                  00002578    00000088     msp432p4xx_driverlib.lib : gpio.o (.text:GPIO_setAsPeripheralModuleFunctionOutputPin)
                  00002600    00000086     rtsv7M4_T_le_v4SPD16_eabi.lib : fd_cmp_t2.asm.obj (.text:__aeabi_cdcmple)
                  00002686    00000086                                   : fd_cmp_t2.asm.obj (.text:__aeabi_cdrcmple)
                  0000270c    00000084                                   : fgetc.c.obj (.text:fgetc)
                  00002790    00000080     engr2350_msp432.obj (.text:dopen)
                  00002810    0000007a     rtsv7M4_T_le_v4SPD16_eabi.lib : memset_t2.asm.obj (.text)
                  0000288a    00000002     --HOLE-- [fill = 0]
                  0000288c    00000074                                   : fclose.c.obj (.text:__TI_closefile)
                  00002900    00000070                                   : memory.c.obj (.text:split)
                  00002970    0000006e                                   : _printfi.c.obj (.text:_mcpy)
                  000029de    00000002     --HOLE-- [fill = 0]
                  000029e0    0000006c                                   : hostrename.c.obj (.text:HOSTrename)
                  00002a4c    0000006a     main.obj (.text:Timer_Init)
                  00002ab6    00000002     --HOLE-- [fill = 0]
                  00002ab8    00000068     rtsv7M4_T_le_v4SPD16_eabi.lib : hostlseek.c.obj (.text:HOSTlseek)
                  00002b20    00000068     msp432p4xx_driverlib.lib : timer_a.o (.text:Timer_A_configureUpMode)
                  00002b88    00000068     rtsv7M4_T_le_v4SPD16_eabi.lib : copy_decompress_lzss.c.obj (.text:decompress:lzss:__TI_decompress_lzss)
                  00002bf0    00000068                                   : printf.c.obj (.text:printf)
                  00002c58    00000064                                   : s_frexp.c.obj (.text:frexp)
                  00002cbc    00000064                                   : fseek.c.obj (.text:fseek)
                  00002d20    00000062                                   : _io_perm.c.obj (.text:__TI_wrt_ok)
                  00002d82    00000002     --HOLE-- [fill = 0]
                  00002d84    00000060                                   : hostopen.c.obj (.text:HOSTopen)
                  00002de4    0000005c                                   : close.c.obj (.text:close)
                  00002e40    00000058                                   : hostread.c.obj (.text:HOSTread)
                  00002e98    00000058                                   : hostwrite.c.obj (.text:HOSTwrite)
                  00002ef0    00000056                                   : _printfi.c.obj (.text:_pconv_f)
                  00002f46    00000054                                   : _ltoa.c.obj (.text:__TI_ltoa)
                  00002f9a    00000002     --HOLE-- [fill = 0]
                  00002f9c    00000054     engr2350_msp432.obj (.text:dread)
                  00002ff0    00000052     rtsv7M4_T_le_v4SPD16_eabi.lib : _printfi.c.obj (.text:_ecpy)
                  00003042    0000004e     msp432p4xx_driverlib.lib : timer_a.o (.text:Timer_A_initCompare)
                  00003090    0000004c     rtsv7M4_T_le_v4SPD16_eabi.lib : fflush.c.obj (.text:__TI_doflush)
                  000030dc    0000004c                                   : atoi.c.obj (.text:atoi)
                  00003128    0000004a                                   : _io_perm.c.obj (.text:__TI_rd_ok)
                  00003172    00000002     --HOLE-- [fill = 0]
                  00003174    00000048     engr2350_msp432.obj (.text:dwrite)
                  000031bc    00000048     rtsv7M4_T_le_v4SPD16_eabi.lib : exit.c.obj (.text:exit)
                  00003204    00000048                                   : fd_toi_t2.asm.obj (.text)
                  0000324c    00000044                                   : hostclose.c.obj (.text:HOSTclose)
                  00003290    00000044                                   : hostunlink.c.obj (.text:HOSTunlink)
                  000032d4    00000044                                   : autoinit.c.obj (.text:__TI_auto_init_nobinit_nopinit:__TI_auto_init_nobinit_nopinit)
                  00003318    00000044                                   : getdevice.c.obj (.text:getdevice)
                  0000335c    00000044                                   : fd_tou_t2.asm.obj (.text)
                  000033a0    00000040     msp432p4xx_driverlib.lib : gpio.o (.text:GPIO_setAsOutputPin)
                  000033e0    0000003e     rtsv7M4_T_le_v4SPD16_eabi.lib : _printfi.c.obj (.text:_fcpy)
                  0000341e    00000038     main.obj (.text:GPIO_Init)
                  00003456    00000002     --HOLE-- [fill = 0]
                  00003458    00000038     rtsv7M4_T_le_v4SPD16_eabi.lib : trgmsg.c.obj (.text:__TI_writemsg)
                  00003490    00000036                                   : strncpy.c.obj (.text:strncpy)
                  000034c6    00000002     --HOLE-- [fill = 0]
                  000034c8    00000034                                   : fopen.c.obj (.text:__TI_cleanup)
                  000034fc    00000034                                   : trgmsg.c.obj (.text:__TI_readmsg)
                  00003530    00000034                                   : boot_cortex_m.c.obj (.text:_c_int00_noargs:_c_int00_noargs)
                  00003564    00000034                                   : fopen.c.obj (.text:freopen)
                  00003598    00000030                                   : getdevice.c.obj (.text:finddevice)
                  000035c8    0000002e                                   : i_tofd_t2.asm.obj (.text)
                  000035f6    00000002     --HOLE-- [fill = 0]
                  000035f8    0000002c                                   : unlink.c.obj (.text:unlink)
                  00003624    00000028     msp432p4xx_driverlib.lib : gpio.o (.text:GPIO_setOutputHighOnPin)
                  0000364c    00000028                              : timer_a.o (.text:Timer_A_setCompareValue)
                  00003674    00000028     rtsv7M4_T_le_v4SPD16_eabi.lib : memory.c.obj (.text:free_list_insert)
                  0000369c    00000028                                   : lseek.c.obj (.text:lseek)
                  000036c4    00000028                                   : read.c.obj (.text:read)
                  000036ec    00000028                                   : write.c.obj (.text:write)
                  00003714    00000020                                   : memchr.c.obj (.text:memchr)
                  00003734    00000020                                   : u_tofd_t2.asm.obj (.text)
                  00003754    0000001c     engr2350_msp432.obj (.text:dclose)
                  00003770    0000001c     rtsv7M4_T_le_v4SPD16_eabi.lib : copy_zero_init.c.obj (.text:decompress:ZI:__TI_zero_init_nomemset:__TI_zero_init_nomemset)
                  0000378c    0000001c                                   : memory.c.obj (.text:free_list_remove)
                  000037a8    0000001c                                   : memccpy.c.obj (.text:memccpy)
                  000037c4    0000001a                                   : s_copysign.c.obj (.text:copysign)
                  000037de    00000018                                   : strcmp.c.obj (.text:strcmp)
                  000037f6    00000016     msp432p4xx_driverlib.lib : timer_a.o (.text:Timer_A_startCounter)
                  0000380c    00000016     rtsv7M4_T_le_v4SPD16_eabi.lib : strchr.c.obj (.text:strchr)
                  00003822    00000014                                   : strcpy.c.obj (.text:strcpy)
                  00003836    00000014                                   : strlen.c.obj (.text:strlen)
                  0000384a    00000012     engr2350_msp432.obj (.text:dlseek)
                  0000385c    00000012     rtsv7M4_T_le_v4SPD16_eabi.lib : wcslen.c.obj (.text:wcslen)
                  0000386e    00000010     engr2350_msp432.obj (.text:drename)
                  0000387e    0000000e     rtsv7M4_T_le_v4SPD16_eabi.lib : copy_decompress_none.c.obj (.text:decompress:none:__TI_decompress_none)
                  0000388c    0000000e     engr2350_msp432.obj (.text:dunlink)
                  0000389a    0000000c     startup_msp432p401r_ccs.obj (.text:Reset_Handler)
                  000038a6    00000002     --HOLE-- [fill = 0]
                  000038a8    0000000c     rtsv7M4_T_le_v4SPD16_eabi.lib : fgetc.c.obj (.text:getchar)
                  000038b4    00000008     engr2350_msp432.obj (.text:SysInit)
                  000038bc    00000008     rtsv7M4_T_le_v4SPD16_eabi.lib : errno.c.obj (.text:__aeabi_errno_addr)
                  000038c4    00000008                                   : memory.c.obj (.text:malloc)
                  000038cc    00000004                                   : printf.c.obj (.text:_outc)
                  000038d0    00000004                                   : printf.c.obj (.text:_outs)
                  000038d4    00000004                                   : pre_init.c.obj (.text:_system_pre_init)
                  000038d8    00000004                                   : exit.c.obj (.text:abort:abort)

.const     0    000038dc    00000161     
                  000038dc    00000101     rtsv7M4_T_le_v4SPD16_eabi.lib : ctype.c.obj (.const:.string:_ctypes_)
                  000039dd    00000003     --HOLE-- [fill = 0]
                  000039e0    00000030     msp432p4xx_driverlib.lib : gpio.o (.const:GPIO_PORT_TO_BASE)
                  00003a10    00000028     engr2350_msp432.obj (.const:$P$T1$2)
                  00003a38    00000005     engr2350_msp432.obj (.const:.string:$P$T0$1)

.cinit     0    00003a40    00000090     
                  00003a40    00000068     (.cinit..data.load) [load image, compression = lzss]
                  00003aa8    0000000c     (__TI_handler_table)
                  00003ab4    00000004     --HOLE-- [fill = 0]
                  00003ab8    00000008     (.cinit..bss.load) [load image, compression = zero_init]
                  00003ac0    00000010     (__TI_cinit_table)

.init_array 
*          0    00000000    00000000     UNINITIALIZED

.binit     0    00000000    00000000     

.sysmem    0    20000000    00000400     UNINITIALIZED
                  20000000    00000010     rtsv7M4_T_le_v4SPD16_eabi.lib : memory.c.obj (.sysmem)
                  20000010    000003f0     --HOLE--

.bss       0    20000400    00000200     UNINITIALIZED
                  20000400    00000120     rtsv7M4_T_le_v4SPD16_eabi.lib : trgmsg.c.obj (.bss:_CIOBUF_)
                  20000520    000000a0     (.common:__TI_tmpnams)
                  200005c0    00000018     (.common:timerUp)
                  200005d8    00000010     (.common:timerComp3)
                  200005e8    00000010     (.common:timerComp4)
                  200005f8    00000008     (.common:parmbuf)

.data      0    20000600    000001f0     UNINITIALIZED
                  20000600    000000f0     rtsv7M4_T_le_v4SPD16_eabi.lib : defs.c.obj (.data:_ftable)
                  200006f0    00000078                                   : host_device.c.obj (.data:_device)
                  20000768    00000050                                   : host_device.c.obj (.data:_stream)
                  200007b8    00000010                                   : defs.c.obj (.data)
                  200007c8    0000000c                                   : exit.c.obj (.data:$O1$$)
                  200007d4    00000008                                   : _lock.c.obj (.data:$O1$$)
                  200007dc    00000008                                   : memory.c.obj (.data:$O1$$)
                  200007e4    00000004                                   : add_device.c.obj (.data)
                  200007e8    00000004                                   : errno.c.obj (.data)
                  200007ec    00000004                                   : open.c.obj (.data)

.stack     0    2000fc00    00000400     UNINITIALIZED
                  2000fc00    00000004     rtsv7M4_T_le_v4SPD16_eabi.lib : boot_cortex_m.c.obj (.stack)
                  2000fc04    000003fc     --HOLE--

__llvm_prf_cnts 
*          0    20000000    00000000     UNINITIALIZED

MODULE SUMMARY

       Module                        code    ro data   rw data
       ------                        ----    -------   -------
    .\
       main.obj                      590     0         112    
    +--+-----------------------------+-------+---------+---------+
       Total:                        590     0         112    
                                                              
    .\src\
       engr2350_msp432.obj           524     45        0      
       startup_msp432p401r_ccs.obj   14      228       0      
       system_msp432p401r.obj        152     0         0      
    +--+-----------------------------+-------+---------+---------+
       Total:                        690     273       0      
                                                              
    C:/ti/simplelink_msp432p4_sdk_3_40_01_02/source/ti/devices/msp432p4xx/driverlib/ccs/msp432p4xx_driverlib.lib
       timer_a.o                     568     0         0      
       gpio.o                        240     48        0      
       uart.o                        284     0         0      
    +--+-----------------------------+-------+---------+---------+
       Total:                        1092    48        0      
                                                              
    C:\ti\ccs1210\ccs\tools\compiler\ti-cgt-arm_20.2.7.LTS\lib\rtsv7M4_T_le_v4SPD16_eabi.lib
       _printfi.c.obj                4851    0         0      
       defs.c.obj                    0       0         832    
       memory.c.obj                  672     0         16     
       trgmsg.c.obj                  108     0         576    
       fd_add_t2.asm.obj             438     0         0      
       host_device.c.obj             0       0         400    
       fopen.c.obj                   376     0         0      
       fd_div_t2.asm.obj             310     0         0      
       fputs.c.obj                   276     0         0      
       s_scalbn.c.obj                272     0         0      
       fd_cmp_t2.asm.obj             268     0         0      
       ctype.c.obj                   0       257       0      
       fd_mul_t2.asm.obj             252     0         0      
       setvbuf.c.obj                 220     0         0      
       open.c.obj                    188     0         8      
       add_device.c.obj              184     0         8      
       _io_perm.c.obj                172     0         0      
       _bufread.c.obj                156     0         0      
       memcpy_t2.asm.obj             156     0         0      
       ull_div_t2.asm.obj            150     0         0      
       fgetc.c.obj                   144     0         0      
       fputc.c.obj                   140     0         0      
       memset_t2.asm.obj             122     0         0      
       fclose.c.obj                  116     0         0      
       getdevice.c.obj               116     0         0      
       hostopen.c.obj                96      0         16     
       printf.c.obj                  112     0         0      
       hostrename.c.obj              108     0         0      
       copy_decompress_lzss.c.obj    104     0         0      
       hostlseek.c.obj               104     0         0      
       exit.c.obj                    76      0         24     
       fseek.c.obj                   100     0         0      
       s_frexp.c.obj                 100     0         0      
       close.c.obj                   92      0         0      
       hostread.c.obj                88      0         0      
       hostwrite.c.obj               88      0         0      
       _ltoa.c.obj                   84      0         0      
       atoi.c.obj                    76      0         0      
       fflush.c.obj                  76      0         0      
       fd_toi_t2.asm.obj             72      0         0      
       autoinit.c.obj                68      0         0      
       fd_tou_t2.asm.obj             68      0         0      
       hostclose.c.obj               68      0         0      
       hostunlink.c.obj              68      0         0      
       strncpy.c.obj                 54      0         0      
       boot_cortex_m.c.obj           52      0         0      
       i_tofd_t2.asm.obj             46      0         0      
       unlink.c.obj                  44      0         0      
       lseek.c.obj                   40      0         0      
       read.c.obj                    40      0         0      
       write.c.obj                   40      0         0      
       memchr.c.obj                  32      0         0      
       u_tofd_t2.asm.obj             32      0         0      
       copy_zero_init.c.obj          28      0         0      
       memccpy.c.obj                 28      0         0      
       s_copysign.c.obj              26      0         0      
       strcmp.c.obj                  24      0         0      
       strchr.c.obj                  22      0         0      
       strcpy.c.obj                  20      0         0      
       strlen.c.obj                  20      0         0      
       _lock.c.obj                   2       0         16     
       wcslen.c.obj                  18      0         0      
       errno.c.obj                   8       0         8      
       copy_decompress_none.c.obj    14      0         0      
       pre_init.c.obj                4       0         0      
       div0.asm.obj                  2       0         0      
    +--+-----------------------------+-------+---------+---------+
       Total:                        11931   257       1904   
                                                              
       Heap:                         0       0         2048   
       Stack:                        0       0         2048   
       Linker Generated:             0       140       0      
    +--+-----------------------------+-------+---------+---------+
       Grand Total:                  14303   718       6112   


LINKER GENERATED COPY TABLES

__TI_cinit_table @ 00003ac0 records: 2, size/record: 8, table size: 16
	.data: load addr=00003a40, load size=00000068 bytes, run addr=20000600, run size=000001f0 bytes, compression=lzss
	.bss: load addr=00003ab8, load size=00000008 bytes, run addr=20000400, run size=00000200 bytes, compression=zero_init


LINKER GENERATED HANDLER TABLE

__TI_handler_table @ 00003aa8 records: 3, size/record: 4, table size: 12
	index: 0, handler: __TI_decompress_lzss
	index: 1, handler: __TI_decompress_none
	index: 2, handler: __TI_zero_init


GLOBAL SYMBOLS: SORTED ALPHABETICALLY BY Name 

address   name                                       
-------   ----                                       
00000b33  ADC14_IRQHandler                           
00000b33  AES256_IRQHandler                          
00000b33  BusFault_Handler                           
000038d9  C$$EXIT                                    
00003487  C$$IO$$                                    
00000b33  COMP_E0_IRQHandler                         
00000b33  COMP_E1_IRQHandler                         
00000b33  CS_IRQHandler                              
00000b33  DMA_ERR_IRQHandler                         
00000b33  DMA_INT0_IRQHandler                        
00000b33  DMA_INT1_IRQHandler                        
00000b33  DMA_INT2_IRQHandler                        
00000b33  DMA_INT3_IRQHandler                        
00000b33  DebugMon_Handler                           
00000b33  Default_Handler                            
00000b33  EUSCIA0_IRQHandler                         
00000b33  EUSCIA1_IRQHandler                         
00000b33  EUSCIA2_IRQHandler                         
00000b33  EUSCIA3_IRQHandler                         
00000b33  EUSCIB0_IRQHandler                         
00000b33  EUSCIB1_IRQHandler                         
00000b33  EUSCIB2_IRQHandler                         
00000b33  EUSCIB3_IRQHandler                         
00000b33  FLCTL_IRQHandler                           
00000b33  FPU_IRQHandler                             
0000341f  GPIO_Init                                  
000033a1  GPIO_setAsOutputPin                        
00002579  GPIO_setAsPeripheralModuleFunctionOutputPin
00003625  GPIO_setOutputHighOnPin                    
0000324d  HOSTclose                                  
00002ab9  HOSTlseek                                  
00002d85  HOSTopen                                   
00002e41  HOSTread                                   
000029e1  HOSTrename                                 
00003291  HOSTunlink                                 
00002e99  HOSTwrite                                  
00000b33  HardFault_Handler                          
00000b33  MemManage_Handler                          
00000b33  NMI_Handler                                
00000b33  PCM_IRQHandler                             
00000b33  PORT1_IRQHandler                           
00000b33  PORT2_IRQHandler                           
00000b33  PORT3_IRQHandler                           
00000b33  PORT4_IRQHandler                           
00000b33  PORT5_IRQHandler                           
00000b33  PORT6_IRQHandler                           
00000b33  PSS_IRQHandler                             
00000b33  PendSV_Handler                             
00000b33  RTC_C_IRQHandler                           
0000389b  Reset_Handler                              
00000b33  SVC_Handler                                
000038b5  SysInit                                    
00000b33  SysTick_Handler                            
000023bd  SystemInit                                 
00000b33  T32_INT1_IRQHandler                        
00000b33  T32_INT2_IRQHandler                        
00000b33  T32_INTC_IRQHandler                        
00000b33  TA0_0_IRQHandler                           
00000b33  TA0_N_IRQHandler                           
00000b33  TA1_0_IRQHandler                           
00000b33  TA1_N_IRQHandler                           
00000b33  TA2_0_IRQHandler                           
00000b33  TA2_N_IRQHandler                           
00000b33  TA3_0_IRQHandler                           
00000b33  TA3_N_IRQHandler                           
00002b21  Timer_A_configureUpMode                    
00003043  Timer_A_initCompare                        
0000364d  Timer_A_setCompareValue                    
000037f7  Timer_A_startCounter                       
00002a4d  Timer_Init                                 
000017b5  UART_initModule                            
00000b33  UsageFault_Handler                         
4000480c  WDTCTL_SYM                                 
00000b33  WDT_A_IRQHandler                           
20000400  __CIOBUF_                                  
20010000  __STACK_END                                
00000400  __STACK_SIZE                               
00000400  __SYSMEM_SIZE                              
00003ac0  __TI_CINIT_Base                            
00003ad0  __TI_CINIT_Limit                           
00003aa8  __TI_Handler_Table_Base                    
00003ab4  __TI_Handler_Table_Limit                   
000032d5  __TI_auto_init_nobinit_nopinit             
000021e9  __TI_buff_read                             
000034c9  __TI_cleanup                               
200007c8  __TI_cleanup_ptr                           
0000288d  __TI_closefile                             
00002b89  __TI_decompress_lzss                       
0000387f  __TI_decompress_none                       
00003091  __TI_doflush                               
200007cc  __TI_dtors_ptr                             
200007d0  __TI_enable_exit_profile_output            
200007b8  __TI_ft_end                                
00002f47  __TI_ltoa                                  
ffffffff  __TI_pprof_out_hndl                        
000000e5  __TI_printfi                               
ffffffff  __TI_prof_data_size                        
ffffffff  __TI_prof_data_start                       
00003129  __TI_rd_ok                                 
000034fd  __TI_readmsg                               
00000000  __TI_static_base__                         
20000520  __TI_tmpnams                               
00003459  __TI_writemsg                              
00002d21  __TI_wrt_ok                                
00003771  __TI_zero_init_nomemset                    
00002601  __aeabi_cdcmpeq                            
00002601  __aeabi_cdcmple                            
00002687  __aeabi_cdrcmple                           
00003205  __aeabi_d2iz                               
0000335d  __aeabi_d2uiz                              
00000f7f  __aeabi_dadd                               
00001559  __aeabi_ddiv                               
00001d05  __aeabi_dmul                               
00000f75  __aeabi_dsub                               
000038bd  __aeabi_errno_addr                         
000035c9  __aeabi_i2d                                
0000168f  __aeabi_idiv0                              
0000168f  __aeabi_ldiv0                              
00002811  __aeabi_memclr                             
00002811  __aeabi_memclr4                            
00002811  __aeabi_memclr8                            
00002321  __aeabi_memcpy                             
00002321  __aeabi_memcpy4                            
00002321  __aeabi_memcpy8                            
00002813  __aeabi_memset                             
00002813  __aeabi_memset4                            
00002813  __aeabi_memset8                            
200007c4  __aeabi_stderr                             
200007bc  __aeabi_stdin                              
200007c0  __aeabi_stdout                             
00003735  __aeabi_ui2d                               
00002455  __aeabi_uldivmod                           
ffffffff  __binit__                                  
ffffffff  __c_args__                                 
UNDEFED   __mpu_init                                 
2000fc00  __stack                                    
20000000  __start___llvm_prf_cnts                    
20000000  __stop___llvm_prf_cnts                     
00003531  _c_int00_noargs                            
000038dc  _ctypes_                                   
200006f0  _device                                    
20000600  _ftable                                    
200007d4  _lock                                      
0000112b  _nop                                       
20000768  _stream                                    
20000000  _sys_memory                                
UNDEFED   _system_post_cinit                         
000038d5  _system_pre_init                           
200007d8  _unlock                                    
000038d9  abort                                      
0000207d  add_device                                 
00001c05  aligned_alloc                              
000030dd  atoi                                       
ffffffff  binit                                      
00002de5  close                                      
000037c5  copysign                                   
000037c5  copysignl                                  
00003755  dclose                                     
0000384b  dlseek                                     
00002791  dopen                                      
00002f9d  dread                                      
0000386f  drename                                    
0000388d  dunlink                                    
00003175  dwrite                                     
200007e8  errno                                      
000031bd  exit                                       
0000270d  fgetc                                      
00003599  finddevice                                 
000024ed  fputc                                      
000018d1  fputs                                      
00001e01  free                                       
00003565  freopen                                    
00002c59  frexp                                      
00002c59  frexpl                                     
00002cbd  fseek                                      
0000270d  getc                                       
000038a9  getchar                                    
00003319  getdevice                                  
00002285  init_std_uart                              
00000000  interruptVectors                           
00001af5  ldexp                                      
00001af5  ldexpl                                     
0000369d  lseek                                      
0000112d  main                                       
000038c5  malloc                                     
00001c05  memalign                                   
000037a9  memccpy                                    
00003715  memchr                                     
00002321  memcpy                                     
00002819  memset                                     
00001fc1  open                                       
200005f8  parmbuf                                    
00002bf1  printf                                     
000024ed  putc                                       
000036c5  read                                       
000035f9  remove                                     
00001af5  scalbn                                     
00001af5  scalbnl                                    
00001ee5  setvbuf                                    
0000380d  strchr                                     
000037df  strcmp                                     
00003823  strcpy                                     
00003837  strlen                                     
00003491  strncpy                                    
200005d8  timerComp3                                 
200005e8  timerComp4                                 
200005c0  timerUp                                    
000035f9  unlink                                     
0000385d  wcslen                                     
000036ed  write                                      


GLOBAL SYMBOLS: SORTED BY Symbol Address 

address   name                                       
-------   ----                                       
00000000  __TI_static_base__                         
00000000  interruptVectors                           
000000e5  __TI_printfi                               
00000400  __STACK_SIZE                               
00000400  __SYSMEM_SIZE                              
00000b33  ADC14_IRQHandler                           
00000b33  AES256_IRQHandler                          
00000b33  BusFault_Handler                           
00000b33  COMP_E0_IRQHandler                         
00000b33  COMP_E1_IRQHandler                         
00000b33  CS_IRQHandler                              
00000b33  DMA_ERR_IRQHandler                         
00000b33  DMA_INT0_IRQHandler                        
00000b33  DMA_INT1_IRQHandler                        
00000b33  DMA_INT2_IRQHandler                        
00000b33  DMA_INT3_IRQHandler                        
00000b33  DebugMon_Handler                           
00000b33  Default_Handler                            
00000b33  EUSCIA0_IRQHandler                         
00000b33  EUSCIA1_IRQHandler                         
00000b33  EUSCIA2_IRQHandler                         
00000b33  EUSCIA3_IRQHandler                         
00000b33  EUSCIB0_IRQHandler                         
00000b33  EUSCIB1_IRQHandler                         
00000b33  EUSCIB2_IRQHandler                         
00000b33  EUSCIB3_IRQHandler                         
00000b33  FLCTL_IRQHandler                           
00000b33  FPU_IRQHandler                             
00000b33  HardFault_Handler                          
00000b33  MemManage_Handler                          
00000b33  NMI_Handler                                
00000b33  PCM_IRQHandler                             
00000b33  PORT1_IRQHandler                           
00000b33  PORT2_IRQHandler                           
00000b33  PORT3_IRQHandler                           
00000b33  PORT4_IRQHandler                           
00000b33  PORT5_IRQHandler                           
00000b33  PORT6_IRQHandler                           
00000b33  PSS_IRQHandler                             
00000b33  PendSV_Handler                             
00000b33  RTC_C_IRQHandler                           
00000b33  SVC_Handler                                
00000b33  SysTick_Handler                            
00000b33  T32_INT1_IRQHandler                        
00000b33  T32_INT2_IRQHandler                        
00000b33  T32_INTC_IRQHandler                        
00000b33  TA0_0_IRQHandler                           
00000b33  TA0_N_IRQHandler                           
00000b33  TA1_0_IRQHandler                           
00000b33  TA1_N_IRQHandler                           
00000b33  TA2_0_IRQHandler                           
00000b33  TA2_N_IRQHandler                           
00000b33  TA3_0_IRQHandler                           
00000b33  TA3_N_IRQHandler                           
00000b33  UsageFault_Handler                         
00000b33  WDT_A_IRQHandler                           
00000f75  __aeabi_dsub                               
00000f7f  __aeabi_dadd                               
0000112b  _nop                                       
0000112d  main                                       
00001559  __aeabi_ddiv                               
0000168f  __aeabi_idiv0                              
0000168f  __aeabi_ldiv0                              
000017b5  UART_initModule                            
000018d1  fputs                                      
00001af5  ldexp                                      
00001af5  ldexpl                                     
00001af5  scalbn                                     
00001af5  scalbnl                                    
00001c05  aligned_alloc                              
00001c05  memalign                                   
00001d05  __aeabi_dmul                               
00001e01  free                                       
00001ee5  setvbuf                                    
00001fc1  open                                       
0000207d  add_device                                 
000021e9  __TI_buff_read                             
00002285  init_std_uart                              
00002321  __aeabi_memcpy                             
00002321  __aeabi_memcpy4                            
00002321  __aeabi_memcpy8                            
00002321  memcpy                                     
000023bd  SystemInit                                 
00002455  __aeabi_uldivmod                           
000024ed  fputc                                      
000024ed  putc                                       
00002579  GPIO_setAsPeripheralModuleFunctionOutputPin
00002601  __aeabi_cdcmpeq                            
00002601  __aeabi_cdcmple                            
00002687  __aeabi_cdrcmple                           
0000270d  fgetc                                      
0000270d  getc                                       
00002791  dopen                                      
00002811  __aeabi_memclr                             
00002811  __aeabi_memclr4                            
00002811  __aeabi_memclr8                            
00002813  __aeabi_memset                             
00002813  __aeabi_memset4                            
00002813  __aeabi_memset8                            
00002819  memset                                     
0000288d  __TI_closefile                             
000029e1  HOSTrename                                 
00002a4d  Timer_Init                                 
00002ab9  HOSTlseek                                  
00002b21  Timer_A_configureUpMode                    
00002b89  __TI_decompress_lzss                       
00002bf1  printf                                     
00002c59  frexp                                      
00002c59  frexpl                                     
00002cbd  fseek                                      
00002d21  __TI_wrt_ok                                
00002d85  HOSTopen                                   
00002de5  close                                      
00002e41  HOSTread                                   
00002e99  HOSTwrite                                  
00002f47  __TI_ltoa                                  
00002f9d  dread                                      
00003043  Timer_A_initCompare                        
00003091  __TI_doflush                               
000030dd  atoi                                       
00003129  __TI_rd_ok                                 
00003175  dwrite                                     
000031bd  exit                                       
00003205  __aeabi_d2iz                               
0000324d  HOSTclose                                  
00003291  HOSTunlink                                 
000032d5  __TI_auto_init_nobinit_nopinit             
00003319  getdevice                                  
0000335d  __aeabi_d2uiz                              
000033a1  GPIO_setAsOutputPin                        
0000341f  GPIO_Init                                  
00003459  __TI_writemsg                              
00003487  C$$IO$$                                    
00003491  strncpy                                    
000034c9  __TI_cleanup                               
000034fd  __TI_readmsg                               
00003531  _c_int00_noargs                            
00003565  freopen                                    
00003599  finddevice                                 
000035c9  __aeabi_i2d                                
000035f9  remove                                     
000035f9  unlink                                     
00003625  GPIO_setOutputHighOnPin                    
0000364d  Timer_A_setCompareValue                    
0000369d  lseek                                      
000036c5  read                                       
000036ed  write                                      
00003715  memchr                                     
00003735  __aeabi_ui2d                               
00003755  dclose                                     
00003771  __TI_zero_init_nomemset                    
000037a9  memccpy                                    
000037c5  copysign                                   
000037c5  copysignl                                  
000037df  strcmp                                     
000037f7  Timer_A_startCounter                       
0000380d  strchr                                     
00003823  strcpy                                     
00003837  strlen                                     
0000384b  dlseek                                     
0000385d  wcslen                                     
0000386f  drename                                    
0000387f  __TI_decompress_none                       
0000388d  dunlink                                    
0000389b  Reset_Handler                              
000038a9  getchar                                    
000038b5  SysInit                                    
000038bd  __aeabi_errno_addr                         
000038c5  malloc                                     
000038d5  _system_pre_init                           
000038d9  C$$EXIT                                    
000038d9  abort                                      
000038dc  _ctypes_                                   
00003aa8  __TI_Handler_Table_Base                    
00003ab4  __TI_Handler_Table_Limit                   
00003ac0  __TI_CINIT_Base                            
00003ad0  __TI_CINIT_Limit                           
20000000  __start___llvm_prf_cnts                    
20000000  __stop___llvm_prf_cnts                     
20000000  _sys_memory                                
20000400  __CIOBUF_                                  
20000520  __TI_tmpnams                               
200005c0  timerUp                                    
200005d8  timerComp3                                 
200005e8  timerComp4                                 
200005f8  parmbuf                                    
20000600  _ftable                                    
200006f0  _device                                    
20000768  _stream                                    
200007b8  __TI_ft_end                                
200007bc  __aeabi_stdin                              
200007c0  __aeabi_stdout                             
200007c4  __aeabi_stderr                             
200007c8  __TI_cleanup_ptr                           
200007cc  __TI_dtors_ptr                             
200007d0  __TI_enable_exit_profile_output            
200007d4  _lock                                      
200007d8  _unlock                                    
200007e8  errno                                      
2000fc00  __stack                                    
20010000  __STACK_END                                
4000480c  WDTCTL_SYM                                 
ffffffff  __TI_pprof_out_hndl                        
ffffffff  __TI_prof_data_size                        
ffffffff  __TI_prof_data_start                       
ffffffff  __binit__                                  
ffffffff  __c_args__                                 
ffffffff  binit                                      
UNDEFED   __mpu_init                                 
UNDEFED   _system_post_cinit                         

[210 symbols]
