******************************************************************************
                  TI ARM Linker PC v20.2.7                     
******************************************************************************
>> Linked Mon Mar 27 15:05:52 2023

OUTPUT FILE NAME:   <EmCon_Lab02.out>
ENTRY POINT SYMBOL: "_c_int00_noargs"  address: 00003f75


MEMORY CONFIGURATION

         name            origin    length      used     unused   attr    fill
----------------------  --------  ---------  --------  --------  ----  --------
  MAIN                  00000000   00040000  0000462d  0003b9d3  R  X
  INFO                  00200000   00004000  00000000  00004000  R  X
  SRAM_CODE             01000000   00010000  00000ccc  0000f334  RW X
  SRAM_DATA             20000000   00010000  00000ccc  0000f334  RW  


SEGMENT ALLOCATION MAP

run origin  load origin   length   init length attrs members
----------  ----------- ---------- ----------- ----- -------
00000000    00000000    00004630   00004630    r-x
  00000000    00000000    000000e4   000000e4    r-- .intvecs
  000000e4    000000e4    0000431c   0000431c    r-x .text
  00004400    00004400    00000185   00000185    r-- .const
  00004588    00004588    000000a8   000000a8    r-- .cinit
20000000    20000000    000008cc   00000000    rw-
  20000000    20000000    000000e8   00000000    rw- .vtable
  200000e8    200000e8    00000400   00000000    rw- .sysmem
  200004e8    200004e8    000001fc   00000000    rw- .data
  200006e4    200006e4    000001e8   00000000    rw- .bss
2000fc00    2000fc00    00000400   00000000    rw-
  2000fc00    2000fc00    00000400   00000000    rw- .stack


SECTION ALLOCATION MAP

 output                                  attributes/
section   page    origin      length       input sections
--------  ----  ----------  ----------   ----------------
.intvecs   0    00000000    000000e4     
                  00000000    000000e4     startup_msp432p401r_ccs.obj (.intvecs:retain)

.text      0    000000e4    0000431c     
                  000000e4    00000a4e     rtsv7M4_T_le_v4SPD16_eabi.lib : _printfi.c.obj (.text:__TI_printfi)
                  00000b32    00000002     startup_msp432p401r_ccs.obj (.text:Default_Handler)
                  00000b34    000003c1     main.obj (.text:give_instr)
                  00000ef5    00000001     --HOLE-- [fill = 0]
                  00000ef6    00000002     rtsv7M4_T_le_v4SPD16_eabi.lib : _lock.c.obj (.text:_nop)
                  00000ef8    00000270                                   : _printfi.c.obj (.text:_pconv_a)
                  00001168    000001d0                                   : _printfi.c.obj (.text:_pconv_g)
                  00001338    000001b8     main.obj (.text:main)
                  000014f0    000001b6     rtsv7M4_T_le_v4SPD16_eabi.lib : fd_add_t2.asm.obj (.text)
                  000016a6    0000019a     main.obj (.text:RGBtest)
                  00001840    00000144     msp432p4xx_driverlib.lib : timer_a.o (.text:privateTimer_AProcessClockSourceDivider)
                  00001984    0000013c     rtsv7M4_T_le_v4SPD16_eabi.lib : _printfi.c.obj (.text:_pconv_e)
                  00001ac0    00000138     main.obj (.text:guess_color)
                  00001bf8    00000136     rtsv7M4_T_le_v4SPD16_eabi.lib : fd_div_t2.asm.obj (.text)
                  00001d2e    00000002                                   : div0.asm.obj (.text)
                  00001d30    00000124                                   : _printfi.c.obj (.text:fcvt)
                  00001e54    0000011c     msp432p4xx_driverlib.lib : uart.o (.text:UART_initModule)
                  00001f70    00000114     rtsv7M4_T_le_v4SPD16_eabi.lib : fputs.c.obj (.text:fputs)
                  00002084    00000110                                   : fopen.c.obj (.text:_openfile)
                  00002194    00000110                                   : s_scalbn.c.obj (.text:scalbn)
                  000022a4    00000100                                   : memory.c.obj (.text:aligned_alloc)
                  000023a4    000000fc                                   : fd_mul_t2.asm.obj (.text)
                  000024a0    000000e4                                   : memory.c.obj (.text:free)
                  00002584    000000dc                                   : setvbuf.c.obj (.text:setvbuf)
                  00002660    000000d8     main.obj (.text:give_decreasing_patten)
                  00002738    000000d0     main.obj (.text:give_pattern)
                  00002808    000000cc     main.obj (.text:pb_ISR)
                  000028d4    000000bc     rtsv7M4_T_le_v4SPD16_eabi.lib : open.c.obj (.text:open)
                  00002990    000000b8                                   : add_device.c.obj (.text:add_device)
                  00002a48    000000b1                                   : _printfi.c.obj (.text:_ltostr)
                  00002af9    00000003     --HOLE-- [fill = 0]
                  00002afc    000000ac     engr2350_msp432.obj (.text:init_motor_PWM)
                  00002ba8    0000009c     engr2350_msp432.obj (.text:init_std_uart)
                  00002c44    0000009c     rtsv7M4_T_le_v4SPD16_eabi.lib : memcpy_t2.asm.obj (.text)
                  00002ce0    00000098     system_msp432p401r.obj (.text:SystemInit)
                  00002d78    00000096     rtsv7M4_T_le_v4SPD16_eabi.lib : ull_div_t2.asm.obj (.text)
                  00002e0e    00000002     --HOLE-- [fill = 0]
                  00002e10    00000090     main.obj (.text:Timer_init)
                  00002ea0    0000008c     rtsv7M4_T_le_v4SPD16_eabi.lib : fputc.c.obj (.text:fputc)
                  00002f2c    00000086                                   : fd_cmp_t2.asm.obj (.text:__aeabi_cdcmple)
                  00002fb2    00000086                                   : fd_cmp_t2.asm.obj (.text:__aeabi_cdrcmple)
                  00003038    00000080     msp432p4xx_driverlib.lib : interrupt.o (.text:Interrupt_enableInterrupt)
                  000030b8    00000080     engr2350_msp432.obj (.text:dopen)
                  00003138    0000007a     rtsv7M4_T_le_v4SPD16_eabi.lib : memset_t2.asm.obj (.text)
                  000031b2    00000002     --HOLE-- [fill = 0]
                  000031b4    00000074                                   : fclose.c.obj (.text:__TI_closefile)
                  00003228    00000070                                   : memory.c.obj (.text:split)
                  00003298    0000006e                                   : _printfi.c.obj (.text:_mcpy)
                  00003306    0000006e                                   : fd_tos_t2.asm.obj (.text)
                  00003374    0000006c                                   : hostrename.c.obj (.text:HOSTrename)
                  000033e0    0000006c     main.obj (.text:delay_second)
                  0000344c    00000068     rtsv7M4_T_le_v4SPD16_eabi.lib : hostlseek.c.obj (.text:HOSTlseek)
                  000034b4    00000068     msp432p4xx_driverlib.lib : timer_a.o (.text:Timer_A_configureUpMode)
                  0000351c    00000068     rtsv7M4_T_le_v4SPD16_eabi.lib : copy_decompress_lzss.c.obj (.text:decompress:lzss:__TI_decompress_lzss)
                  00003584    00000068                                   : printf.c.obj (.text:printf)
                  000035ec    00000064                                   : s_frexp.c.obj (.text:frexp)
                  00003650    00000064                                   : fseek.c.obj (.text:fseek)
                  000036b4    00000062                                   : _io_perm.c.obj (.text:__TI_wrt_ok)
                  00003716    00000002     --HOLE-- [fill = 0]
                  00003718    00000060                                   : hostopen.c.obj (.text:HOSTopen)
                  00003778    0000005c     msp432p4xx_driverlib.lib : interrupt.o (.text:Interrupt_registerInterrupt)
                  000037d4    0000005c     rtsv7M4_T_le_v4SPD16_eabi.lib : close.c.obj (.text:close)
                  00003830    00000058     msp432p4xx_driverlib.lib : gpio.o (.text:GPIO_setAsInputPinWithPullDownResistor)
                  00003888    00000058                              : gpio.o (.text:GPIO_setAsInputPinWithPullUpResistor)
                  000038e0    00000058     rtsv7M4_T_le_v4SPD16_eabi.lib : hostread.c.obj (.text:HOSTread)
                  00003938    00000058                                   : hostwrite.c.obj (.text:HOSTwrite)
                  00003990    00000056                                   : _printfi.c.obj (.text:_pconv_f)
                  000039e6    00000054                                   : _ltoa.c.obj (.text:__TI_ltoa)
                  00003a3a    00000002     --HOLE-- [fill = 0]
                  00003a3c    00000054     engr2350_msp432.obj (.text:dread)
                  00003a90    00000052     rtsv7M4_T_le_v4SPD16_eabi.lib : _printfi.c.obj (.text:_ecpy)
                  00003ae2    0000004c                                   : fflush.c.obj (.text:__TI_doflush)
                  00003b2e    00000002     --HOLE-- [fill = 0]
                  00003b30    0000004c                                   : atoi.c.obj (.text:atoi)
                  00003b7c    00000048     engr2350_msp432.obj (.text:dwrite)
                  00003bc4    00000048     rtsv7M4_T_le_v4SPD16_eabi.lib : exit.c.obj (.text:exit)
                  00003c0c    00000048                                   : fd_toi_t2.asm.obj (.text)
                  00003c54    00000044     main.obj (.text:GPIOInit)
                  00003c98    00000044     rtsv7M4_T_le_v4SPD16_eabi.lib : hostclose.c.obj (.text:HOSTclose)
                  00003cdc    00000044                                   : hostunlink.c.obj (.text:HOSTunlink)
                  00003d20    00000044                                   : autoinit.c.obj (.text:__TI_auto_init_nobinit_nopinit:__TI_auto_init_nobinit_nopinit)
                  00003d64    00000044                                   : getdevice.c.obj (.text:getdevice)
                  00003da8    00000040     msp432p4xx_driverlib.lib : gpio.o (.text:GPIO_setAsOutputPin)
                  00003de8    0000003e     rtsv7M4_T_le_v4SPD16_eabi.lib : _printfi.c.obj (.text:_fcpy)
                  00003e26    00000002     --HOLE-- [fill = 0]
                  00003e28    0000003c     msp432p4xx_driverlib.lib : gpio.o (.text:GPIO_interruptEdgeSelect)
                  00003e64    00000038     rtsv7M4_T_le_v4SPD16_eabi.lib : trgmsg.c.obj (.text:__TI_writemsg)
                  00003e9c    00000038                                   : fs_tod_t2.asm.obj (.text)
                  00003ed4    00000036                                   : strncpy.c.obj (.text:strncpy)
                  00003f0a    00000002     --HOLE-- [fill = 0]
                  00003f0c    00000034                                   : fopen.c.obj (.text:__TI_cleanup)
                  00003f40    00000034                                   : trgmsg.c.obj (.text:__TI_readmsg)
                  00003f74    00000034                                   : boot_cortex_m.c.obj (.text:_c_int00_noargs:_c_int00_noargs)
                  00003fa8    00000034                                   : fopen.c.obj (.text:freopen)
                  00003fdc    00000034                                   : rand.c.obj (.text:rand)
                  00004010    00000030     msp432p4xx_driverlib.lib : gpio.o (.text:GPIO_getInputPinValue)
                  00004040    00000030     rtsv7M4_T_le_v4SPD16_eabi.lib : getdevice.c.obj (.text:finddevice)
                  00004070    0000002e                                   : i_tofd_t2.asm.obj (.text)
                  0000409e    00000002     --HOLE-- [fill = 0]
                  000040a0    0000002c                                   : unlink.c.obj (.text:unlink)
                  000040cc    00000028     msp432p4xx_driverlib.lib : gpio.o (.text:GPIO_clearInterruptFlag)
                  000040f4    00000028                              : gpio.o (.text:GPIO_enableInterrupt)
                  0000411c    00000028                              : gpio.o (.text:GPIO_setOutputHighOnPin)
                  00004144    00000028                              : gpio.o (.text:GPIO_setOutputLowOnPin)
                  0000416c    00000028     rtsv7M4_T_le_v4SPD16_eabi.lib : memory.c.obj (.text:free_list_insert)
                  00004194    00000028                                   : lseek.c.obj (.text:lseek)
                  000041bc    00000028                                   : write.c.obj (.text:write)
                  000041e4    00000024     msp432p4xx_driverlib.lib : gpio.o (.text:GPIO_registerInterrupt)
                  00004208    00000020     rtsv7M4_T_le_v4SPD16_eabi.lib : memchr.c.obj (.text:memchr)
                  00004228    00000020                                   : u_tofd_t2.asm.obj (.text)
                  00004248    0000001c     engr2350_msp432.obj (.text:dclose)
                  00004264    0000001c     rtsv7M4_T_le_v4SPD16_eabi.lib : copy_zero_init.c.obj (.text:decompress:ZI:__TI_zero_init_nomemset:__TI_zero_init_nomemset)
                  00004280    0000001c                                   : memory.c.obj (.text:free_list_remove)
                  0000429c    0000001c                                   : memccpy.c.obj (.text:memccpy)
                  000042b8    0000001a                                   : s_copysign.c.obj (.text:copysign)
                  000042d2    00000018                                   : strcmp.c.obj (.text:strcmp)
                  000042ea    00000016     msp432p4xx_driverlib.lib : timer_a.o (.text:Timer_A_clearInterruptFlag)
                  00004300    00000016                              : timer_a.o (.text:Timer_A_startCounter)
                  00004316    00000016     rtsv7M4_T_le_v4SPD16_eabi.lib : strchr.c.obj (.text:strchr)
                  0000432c    00000014                                   : strcpy.c.obj (.text:strcpy)
                  00004340    00000014                                   : strlen.c.obj (.text:strlen)
                  00004354    00000012     msp432p4xx_driverlib.lib : timer_a.o (.text:Timer_A_getInterruptStatus)
                  00004366    00000012     engr2350_msp432.obj (.text:dlseek)
                  00004378    00000012     rtsv7M4_T_le_v4SPD16_eabi.lib : wcslen.c.obj (.text:wcslen)
                  0000438a    00000010     engr2350_msp432.obj (.text:drename)
                  0000439a    00000002     --HOLE-- [fill = 0]
                  0000439c    00000010     main.obj (.text:updateCount)
                  000043ac    0000000e     rtsv7M4_T_le_v4SPD16_eabi.lib : copy_decompress_none.c.obj (.text:decompress:none:__TI_decompress_none)
                  000043ba    0000000e     engr2350_msp432.obj (.text:dunlink)
                  000043c8    0000000c     startup_msp432p401r_ccs.obj (.text:Reset_Handler)
                  000043d4    0000000c     engr2350_msp432.obj (.text:SysInit)
                  000043e0    00000008     rtsv7M4_T_le_v4SPD16_eabi.lib : errno.c.obj (.text:__aeabi_errno_addr)
                  000043e8    00000008                                   : memory.c.obj (.text:malloc)
                  000043f0    00000004                                   : printf.c.obj (.text:_outc)
                  000043f4    00000004                                   : printf.c.obj (.text:_outs)
                  000043f8    00000004                                   : pre_init.c.obj (.text:_system_pre_init)
                  000043fc    00000004                                   : exit.c.obj (.text:abort:abort)

.const     0    00004400    00000185     
                  00004400    00000101     rtsv7M4_T_le_v4SPD16_eabi.lib : ctype.c.obj (.const:.string:_ctypes_)
                  00004501    00000003     --HOLE-- [fill = 0]
                  00004504    00000030     msp432p4xx_driverlib.lib : gpio.o (.const:GPIO_PORT_TO_BASE)
                  00004534    00000028     engr2350_msp432.obj (.const:$P$T1$2)
                  0000455c    0000001c     msp432p4xx_driverlib.lib : gpio.o (.const:GPIO_PORT_TO_INT)
                  00004578    00000008                              : interrupt.o (.const:g_pulEnRegs)
                  00004580    00000005     engr2350_msp432.obj (.const:.string:$P$T0$1)

.cinit     0    00004588    000000a8     
                  00004588    0000006f     (.cinit..data.load) [load image, compression = lzss]
                  000045f7    00000001     --HOLE-- [fill = 0]
                  000045f8    0000000c     (__TI_handler_table)
                  00004604    00000004     --HOLE-- [fill = 0]
                  00004608    00000008     (.cinit..bss.load) [load image, compression = zero_init]
                  00004610    00000008     (.cinit..vtable.load) [load image, compression = zero_init]
                  00004618    00000018     (__TI_cinit_table)

.init_array 
*          0    00000000    00000000     UNINITIALIZED

.binit     0    00000000    00000000     

.vtable    0    20000000    000000e8     UNINITIALIZED
                  20000000    000000e8     msp432p4xx_driverlib.lib : interrupt.o (.vtable)

.sysmem    0    200000e8    00000400     UNINITIALIZED
                  200000e8    00000010     rtsv7M4_T_le_v4SPD16_eabi.lib : memory.c.obj (.sysmem)
                  200000f8    000003f0     --HOLE--

.data      0    200004e8    000001fc     UNINITIALIZED
                  200004e8    000000f0     rtsv7M4_T_le_v4SPD16_eabi.lib : defs.c.obj (.data:_ftable)
                  200005d8    00000078                                   : host_device.c.obj (.data:_device)
                  20000650    00000050                                   : host_device.c.obj (.data:_stream)
                  200006a0    00000010                                   : defs.c.obj (.data)
                  200006b0    0000000c                                   : exit.c.obj (.data:$O1$$)
                  200006bc    00000008                                   : _lock.c.obj (.data:$O1$$)
                  200006c4    00000008                                   : memory.c.obj (.data:$O1$$)
                  200006cc    00000008     main.obj (.data)
                  200006d4    00000004     rtsv7M4_T_le_v4SPD16_eabi.lib : add_device.c.obj (.data)
                  200006d8    00000004                                   : errno.c.obj (.data)
                  200006dc    00000004                                   : open.c.obj (.data)
                  200006e0    00000004                                   : rand.c.obj (.data)

.bss       0    200006e4    000001e8     UNINITIALIZED
                  200006e4    00000120     rtsv7M4_T_le_v4SPD16_eabi.lib : trgmsg.c.obj (.bss:_CIOBUF_)
                  20000804    000000a0     (.common:__TI_tmpnams)
                  200008a4    00000018     (.common:temp)
                  200008bc    00000008     (.common:parmbuf)
                  200008c4    00000008     (.common:pattern)

.stack     0    2000fc00    00000400     UNINITIALIZED
                  2000fc00    00000004     rtsv7M4_T_le_v4SPD16_eabi.lib : boot_cortex_m.c.obj (.stack)
                  2000fc04    000003fc     --HOLE--

__llvm_prf_cnts 
*          0    20000000    00000000     UNINITIALIZED

MODULE SUMMARY

       Module                        code    ro data   rw data
       ------                        ----    -------   -------
    .\
       main.obj                      3087    0         80     
    +--+-----------------------------+-------+---------+---------+
       Total:                        3087    0         80     
                                                              
    .\src\
       engr2350_msp432.obj           700     45        0      
       startup_msp432p401r_ccs.obj   14      228       0      
       system_msp432p401r.obj        152     0         0      
    +--+-----------------------------+-------+---------+---------+
       Total:                        866     273       0      
                                                              
    C:/ti/simplelink_msp432p4_sdk_3_40_01_02/source/ti/devices/msp432p4xx/driverlib/ccs/msp432p4xx_driverlib.lib
       interrupt.o                   220     8         464    
       gpio.o                        544     76        0      
       timer_a.o                     490     0         0      
       uart.o                        284     0         0      
    +--+-----------------------------+-------+---------+---------+
       Total:                        1538    84        464    
                                                              
    C:\ti\ccs1210\ccs\tools\compiler\ti-cgt-arm_20.2.7.LTS\lib\rtsv7M4_T_le_v4SPD16_eabi.lib
       _printfi.c.obj                4851    0         0      
       defs.c.obj                    0       0         832    
       memory.c.obj                  672     0         16     
       trgmsg.c.obj                  108     0         576    
       fd_add_t2.asm.obj             438     0         0      
       host_device.c.obj             0       0         400    
       fopen.c.obj                   376     0         0      
       fd_div_t2.asm.obj             310     0         0      
       fputs.c.obj                   276     0         0      
       s_scalbn.c.obj                272     0         0      
       fd_cmp_t2.asm.obj             268     0         0      
       ctype.c.obj                   0       257       0      
       fd_mul_t2.asm.obj             252     0         0      
       setvbuf.c.obj                 220     0         0      
       open.c.obj                    188     0         8      
       add_device.c.obj              184     0         8      
       memcpy_t2.asm.obj             156     0         0      
       ull_div_t2.asm.obj            150     0         0      
       fputc.c.obj                   140     0         0      
       memset_t2.asm.obj             122     0         0      
       fclose.c.obj                  116     0         0      
       getdevice.c.obj               116     0         0      
       hostopen.c.obj                96      0         16     
       printf.c.obj                  112     0         0      
       fd_tos_t2.asm.obj             110     0         0      
       hostrename.c.obj              108     0         0      
       copy_decompress_lzss.c.obj    104     0         0      
       hostlseek.c.obj               104     0         0      
       exit.c.obj                    76      0         24     
       fseek.c.obj                   100     0         0      
       s_frexp.c.obj                 100     0         0      
       _io_perm.c.obj                98      0         0      
       close.c.obj                   92      0         0      
       hostread.c.obj                88      0         0      
       hostwrite.c.obj               88      0         0      
       _ltoa.c.obj                   84      0         0      
       atoi.c.obj                    76      0         0      
       fflush.c.obj                  76      0         0      
       fd_toi_t2.asm.obj             72      0         0      
       autoinit.c.obj                68      0         0      
       hostclose.c.obj               68      0         0      
       hostunlink.c.obj              68      0         0      
       rand.c.obj                    52      0         8      
       fs_tod_t2.asm.obj             56      0         0      
       strncpy.c.obj                 54      0         0      
       boot_cortex_m.c.obj           52      0         0      
       i_tofd_t2.asm.obj             46      0         0      
       unlink.c.obj                  44      0         0      
       lseek.c.obj                   40      0         0      
       write.c.obj                   40      0         0      
       memchr.c.obj                  32      0         0      
       u_tofd_t2.asm.obj             32      0         0      
       copy_zero_init.c.obj          28      0         0      
       memccpy.c.obj                 28      0         0      
       s_copysign.c.obj              26      0         0      
       strcmp.c.obj                  24      0         0      
       strchr.c.obj                  22      0         0      
       strcpy.c.obj                  20      0         0      
       strlen.c.obj                  20      0         0      
       _lock.c.obj                   2       0         16     
       wcslen.c.obj                  18      0         0      
       errno.c.obj                   8       0         8      
       copy_decompress_none.c.obj    14      0         0      
       pre_init.c.obj                4       0         0      
       div0.asm.obj                  2       0         0      
    +--+-----------------------------+-------+---------+---------+
       Total:                        11667   257       1912   
                                                              
       Heap:                         0       0         2048   
       Stack:                        0       0         2048   
       Linker Generated:             0       163       0      
    +--+-----------------------------+-------+---------+---------+
       Grand Total:                  17158   777       6552   


LINKER GENERATED COPY TABLES

__TI_cinit_table @ 00004618 records: 3, size/record: 8, table size: 24
	.data: load addr=00004588, load size=0000006f bytes, run addr=200004e8, run size=000001fc bytes, compression=lzss
	.bss: load addr=00004608, load size=00000008 bytes, run addr=200006e4, run size=000001e8 bytes, compression=zero_init
	.vtable: load addr=00004610, load size=00000008 bytes, run addr=20000000, run size=000000e8 bytes, compression=zero_init


LINKER GENERATED HANDLER TABLE

__TI_handler_table @ 000045f8 records: 3, size/record: 4, table size: 12
	index: 0, handler: __TI_zero_init
	index: 1, handler: __TI_decompress_lzss
	index: 2, handler: __TI_decompress_none


GLOBAL SYMBOLS: SORTED ALPHABETICALLY BY Name 

address   name                                  
-------   ----                                  
00000b33  ADC14_IRQHandler                      
00000b33  AES256_IRQHandler                     
00000b33  BusFault_Handler                      
000043fd  C$$EXIT                               
00003e93  C$$IO$$                               
00000b33  COMP_E0_IRQHandler                    
00000b33  COMP_E1_IRQHandler                    
00000b33  CS_IRQHandler                         
00000b33  DMA_ERR_IRQHandler                    
00000b33  DMA_INT0_IRQHandler                   
00000b33  DMA_INT1_IRQHandler                   
00000b33  DMA_INT2_IRQHandler                   
00000b33  DMA_INT3_IRQHandler                   
00000b33  DebugMon_Handler                      
00000b33  Default_Handler                       
00000b33  EUSCIA0_IRQHandler                    
00000b33  EUSCIA1_IRQHandler                    
00000b33  EUSCIA2_IRQHandler                    
00000b33  EUSCIA3_IRQHandler                    
00000b33  EUSCIB0_IRQHandler                    
00000b33  EUSCIB1_IRQHandler                    
00000b33  EUSCIB2_IRQHandler                    
00000b33  EUSCIB3_IRQHandler                    
00000b33  FLCTL_IRQHandler                      
00000b33  FPU_IRQHandler                        
00003c55  GPIOInit                              
000040cd  GPIO_clearInterruptFlag               
000040f5  GPIO_enableInterrupt                  
00004011  GPIO_getInputPinValue                 
00003e29  GPIO_interruptEdgeSelect              
000041e5  GPIO_registerInterrupt                
00003831  GPIO_setAsInputPinWithPullDownResistor
00003889  GPIO_setAsInputPinWithPullUpResistor  
00003da9  GPIO_setAsOutputPin                   
0000411d  GPIO_setOutputHighOnPin               
00004145  GPIO_setOutputLowOnPin                
00003c99  HOSTclose                             
0000344d  HOSTlseek                             
00003719  HOSTopen                              
000038e1  HOSTread                              
00003375  HOSTrename                            
00003cdd  HOSTunlink                            
00003939  HOSTwrite                             
00000b33  HardFault_Handler                     
00003039  Interrupt_enableInterrupt             
00003779  Interrupt_registerInterrupt           
00000b33  MemManage_Handler                     
00000b33  NMI_Handler                           
00000b33  PCM_IRQHandler                        
00000b33  PORT1_IRQHandler                      
00000b33  PORT2_IRQHandler                      
00000b33  PORT3_IRQHandler                      
00000b33  PORT4_IRQHandler                      
00000b33  PORT5_IRQHandler                      
00000b33  PORT6_IRQHandler                      
00000b33  PSS_IRQHandler                        
00000b33  PendSV_Handler                        
000016a7  RGBtest                               
00000b33  RTC_C_IRQHandler                      
000043c9  Reset_Handler                         
00000b33  SVC_Handler                           
000043d5  SysInit                               
00000b33  SysTick_Handler                       
00002ce1  SystemInit                            
00000b33  T32_INT1_IRQHandler                   
00000b33  T32_INT2_IRQHandler                   
00000b33  T32_INTC_IRQHandler                   
00000b33  TA0_0_IRQHandler                      
00000b33  TA0_N_IRQHandler                      
00000b33  TA1_0_IRQHandler                      
00000b33  TA1_N_IRQHandler                      
00000b33  TA2_0_IRQHandler                      
00000b33  TA2_N_IRQHandler                      
00000b33  TA3_0_IRQHandler                      
00000b33  TA3_N_IRQHandler                      
000042eb  Timer_A_clearInterruptFlag            
000034b5  Timer_A_configureUpMode               
00004355  Timer_A_getInterruptStatus            
00004301  Timer_A_startCounter                  
00002e11  Timer_init                            
00001e55  UART_initModule                       
00000b33  UsageFault_Handler                    
4000480c  WDTCTL_SYM                            
00000b33  WDT_A_IRQHandler                      
200006e4  __CIOBUF_                             
20010000  __STACK_END                           
00000400  __STACK_SIZE                          
00000400  __SYSMEM_SIZE                         
00004618  __TI_CINIT_Base                       
00004630  __TI_CINIT_Limit                      
000045f8  __TI_Handler_Table_Base               
00004604  __TI_Handler_Table_Limit              
00003d21  __TI_auto_init_nobinit_nopinit        
00003f0d  __TI_cleanup                          
200006b0  __TI_cleanup_ptr                      
000031b5  __TI_closefile                        
0000351d  __TI_decompress_lzss                  
000043ad  __TI_decompress_none                  
00003ae3  __TI_doflush                          
200006b4  __TI_dtors_ptr                        
200006b8  __TI_enable_exit_profile_output       
200006a0  __TI_ft_end                           
000039e7  __TI_ltoa                             
ffffffff  __TI_pprof_out_hndl                   
000000e5  __TI_printfi                          
ffffffff  __TI_prof_data_size                   
ffffffff  __TI_prof_data_start                  
00003f41  __TI_readmsg                          
00000000  __TI_static_base__                    
20000804  __TI_tmpnams                          
00003e65  __TI_writemsg                         
000036b5  __TI_wrt_ok                           
00004265  __TI_zero_init_nomemset               
00002f2d  __aeabi_cdcmpeq                       
00002f2d  __aeabi_cdcmple                       
00002fb3  __aeabi_cdrcmple                      
00003307  __aeabi_d2f                           
00003c0d  __aeabi_d2iz                          
000014fb  __aeabi_dadd                          
00001bf9  __aeabi_ddiv                          
000023a5  __aeabi_dmul                          
000014f1  __aeabi_dsub                          
000043e1  __aeabi_errno_addr                    
00003e9d  __aeabi_f2d                           
00004071  __aeabi_i2d                           
00001d2f  __aeabi_idiv0                         
00001d2f  __aeabi_ldiv0                         
00003139  __aeabi_memclr                        
00003139  __aeabi_memclr4                       
00003139  __aeabi_memclr8                       
00002c45  __aeabi_memcpy                        
00002c45  __aeabi_memcpy4                       
00002c45  __aeabi_memcpy8                       
0000313b  __aeabi_memset                        
0000313b  __aeabi_memset4                       
0000313b  __aeabi_memset8                       
200006ac  __aeabi_stderr                        
200006a4  __aeabi_stdin                         
200006a8  __aeabi_stdout                        
00004229  __aeabi_ui2d                          
00002d79  __aeabi_uldivmod                      
ffffffff  __binit__                             
ffffffff  __c_args__                            
UNDEFED   __mpu_init                            
2000fc00  __stack                               
20000000  __start___llvm_prf_cnts               
20000000  __stop___llvm_prf_cnts                
00003f75  _c_int00_noargs                       
00004400  _ctypes_                              
200005d8  _device                               
200004e8  _ftable                               
200006bc  _lock                                 
00000ef7  _nop                                  
20000650  _stream                               
200000e8  _sys_memory                           
UNDEFED   _system_post_cinit                    
000043f9  _system_pre_init                      
200006c0  _unlock                               
000043fd  abort                                 
00002991  add_device                            
000022a5  aligned_alloc                         
00003b31  atoi                                  
ffffffff  binit                                 
000037d5  close                                 
000042b9  copysign                              
000042b9  copysignl                             
200006cc  count                                 
00004249  dclose                                
000033e1  delay_second                          
00004367  dlseek                                
000030b9  dopen                                 
00003a3d  dread                                 
0000438b  drename                               
000043bb  dunlink                               
00003b7d  dwrite                                
200006d1  end                                   
200006d8  errno                                 
00003bc5  exit                                  
00004041  finddevice                            
00002ea1  fputc                                 
00001f71  fputs                                 
000024a1  free                                  
00003fa9  freopen                               
000035ed  frexp                                 
000035ed  frexpl                                
00003651  fseek                                 
20000000  g_pfnRAMVectors                       
00003d65  getdevice                             
00002661  give_decreasing_patten                
00000b35  give_instr                            
00002739  give_pattern                          
00001ac1  guess_color                           
200006d3  init_guess                            
00002afd  init_motor_PWM                        
00002ba9  init_std_uart                         
00000000  interruptVectors                      
00002195  ldexp                                 
00002195  ldexpl                                
00004195  lseek                                 
00001339  main                                  
000043e9  malloc                                
000022a5  memalign                              
0000429d  memccpy                               
00004209  memchr                                
00002c45  memcpy                                
00003141  memset                                
000028d5  open                                  
200008bc  parmbuf                               
200008c4  pattern                               
00002809  pb_ISR                                
00003585  printf                                
00002ea1  putc                                  
00003fdd  rand                                  
200006ce  reminder                              
000040a1  remove                                
200006d2  restart                               
200006cf  round                                 
00002195  scalbn                                
00002195  scalbnl                               
00002585  setvbuf                               
200006d0  start                                 
00004317  strchr                                
000042d3  strcmp                                
0000432d  strcpy                                
00004341  strlen                                
00003ed5  strncpy                               
200008a4  temp                                  
000040a1  unlink                                
0000439d  updateCount                           
00004379  wcslen                                
000041bd  write                                 


GLOBAL SYMBOLS: SORTED BY Symbol Address 

address   name                                  
-------   ----                                  
00000000  __TI_static_base__                    
00000000  interruptVectors                      
000000e5  __TI_printfi                          
00000400  __STACK_SIZE                          
00000400  __SYSMEM_SIZE                         
00000b33  ADC14_IRQHandler                      
00000b33  AES256_IRQHandler                     
00000b33  BusFault_Handler                      
00000b33  COMP_E0_IRQHandler                    
00000b33  COMP_E1_IRQHandler                    
00000b33  CS_IRQHandler                         
00000b33  DMA_ERR_IRQHandler                    
00000b33  DMA_INT0_IRQHandler                   
00000b33  DMA_INT1_IRQHandler                   
00000b33  DMA_INT2_IRQHandler                   
00000b33  DMA_INT3_IRQHandler                   
00000b33  DebugMon_Handler                      
00000b33  Default_Handler                       
00000b33  EUSCIA0_IRQHandler                    
00000b33  EUSCIA1_IRQHandler                    
00000b33  EUSCIA2_IRQHandler                    
00000b33  EUSCIA3_IRQHandler                    
00000b33  EUSCIB0_IRQHandler                    
00000b33  EUSCIB1_IRQHandler                    
00000b33  EUSCIB2_IRQHandler                    
00000b33  EUSCIB3_IRQHandler                    
00000b33  FLCTL_IRQHandler                      
00000b33  FPU_IRQHandler                        
00000b33  HardFault_Handler                     
00000b33  MemManage_Handler                     
00000b33  NMI_Handler                           
00000b33  PCM_IRQHandler                        
00000b33  PORT1_IRQHandler                      
00000b33  PORT2_IRQHandler                      
00000b33  PORT3_IRQHandler                      
00000b33  PORT4_IRQHandler                      
00000b33  PORT5_IRQHandler                      
00000b33  PORT6_IRQHandler                      
00000b33  PSS_IRQHandler                        
00000b33  PendSV_Handler                        
00000b33  RTC_C_IRQHandler                      
00000b33  SVC_Handler                           
00000b33  SysTick_Handler                       
00000b33  T32_INT1_IRQHandler                   
00000b33  T32_INT2_IRQHandler                   
00000b33  T32_INTC_IRQHandler                   
00000b33  TA0_0_IRQHandler                      
00000b33  TA0_N_IRQHandler                      
00000b33  TA1_0_IRQHandler                      
00000b33  TA1_N_IRQHandler                      
00000b33  TA2_0_IRQHandler                      
00000b33  TA2_N_IRQHandler                      
00000b33  TA3_0_IRQHandler                      
00000b33  TA3_N_IRQHandler                      
00000b33  UsageFault_Handler                    
00000b33  WDT_A_IRQHandler                      
00000b35  give_instr                            
00000ef7  _nop                                  
00001339  main                                  
000014f1  __aeabi_dsub                          
000014fb  __aeabi_dadd                          
000016a7  RGBtest                               
00001ac1  guess_color                           
00001bf9  __aeabi_ddiv                          
00001d2f  __aeabi_idiv0                         
00001d2f  __aeabi_ldiv0                         
00001e55  UART_initModule                       
00001f71  fputs                                 
00002195  ldexp                                 
00002195  ldexpl                                
00002195  scalbn                                
00002195  scalbnl                               
000022a5  aligned_alloc                         
000022a5  memalign                              
000023a5  __aeabi_dmul                          
000024a1  free                                  
00002585  setvbuf                               
00002661  give_decreasing_patten                
00002739  give_pattern                          
00002809  pb_ISR                                
000028d5  open                                  
00002991  add_device                            
00002afd  init_motor_PWM                        
00002ba9  init_std_uart                         
00002c45  __aeabi_memcpy                        
00002c45  __aeabi_memcpy4                       
00002c45  __aeabi_memcpy8                       
00002c45  memcpy                                
00002ce1  SystemInit                            
00002d79  __aeabi_uldivmod                      
00002e11  Timer_init                            
00002ea1  fputc                                 
00002ea1  putc                                  
00002f2d  __aeabi_cdcmpeq                       
00002f2d  __aeabi_cdcmple                       
00002fb3  __aeabi_cdrcmple                      
00003039  Interrupt_enableInterrupt             
000030b9  dopen                                 
00003139  __aeabi_memclr                        
00003139  __aeabi_memclr4                       
00003139  __aeabi_memclr8                       
0000313b  __aeabi_memset                        
0000313b  __aeabi_memset4                       
0000313b  __aeabi_memset8                       
00003141  memset                                
000031b5  __TI_closefile                        
00003307  __aeabi_d2f                           
00003375  HOSTrename                            
000033e1  delay_second                          
0000344d  HOSTlseek                             
000034b5  Timer_A_configureUpMode               
0000351d  __TI_decompress_lzss                  
00003585  printf                                
000035ed  frexp                                 
000035ed  frexpl                                
00003651  fseek                                 
000036b5  __TI_wrt_ok                           
00003719  HOSTopen                              
00003779  Interrupt_registerInterrupt           
000037d5  close                                 
00003831  GPIO_setAsInputPinWithPullDownResistor
00003889  GPIO_setAsInputPinWithPullUpResistor  
000038e1  HOSTread                              
00003939  HOSTwrite                             
000039e7  __TI_ltoa                             
00003a3d  dread                                 
00003ae3  __TI_doflush                          
00003b31  atoi                                  
00003b7d  dwrite                                
00003bc5  exit                                  
00003c0d  __aeabi_d2iz                          
00003c55  GPIOInit                              
00003c99  HOSTclose                             
00003cdd  HOSTunlink                            
00003d21  __TI_auto_init_nobinit_nopinit        
00003d65  getdevice                             
00003da9  GPIO_setAsOutputPin                   
00003e29  GPIO_interruptEdgeSelect              
00003e65  __TI_writemsg                         
00003e93  C$$IO$$                               
00003e9d  __aeabi_f2d                           
00003ed5  strncpy                               
00003f0d  __TI_cleanup                          
00003f41  __TI_readmsg                          
00003f75  _c_int00_noargs                       
00003fa9  freopen                               
00003fdd  rand                                  
00004011  GPIO_getInputPinValue                 
00004041  finddevice                            
00004071  __aeabi_i2d                           
000040a1  remove                                
000040a1  unlink                                
000040cd  GPIO_clearInterruptFlag               
000040f5  GPIO_enableInterrupt                  
0000411d  GPIO_setOutputHighOnPin               
00004145  GPIO_setOutputLowOnPin                
00004195  lseek                                 
000041bd  write                                 
000041e5  GPIO_registerInterrupt                
00004209  memchr                                
00004229  __aeabi_ui2d                          
00004249  dclose                                
00004265  __TI_zero_init_nomemset               
0000429d  memccpy                               
000042b9  copysign                              
000042b9  copysignl                             
000042d3  strcmp                                
000042eb  Timer_A_clearInterruptFlag            
00004301  Timer_A_startCounter                  
00004317  strchr                                
0000432d  strcpy                                
00004341  strlen                                
00004355  Timer_A_getInterruptStatus            
00004367  dlseek                                
00004379  wcslen                                
0000438b  drename                               
0000439d  updateCount                           
000043ad  __TI_decompress_none                  
000043bb  dunlink                               
000043c9  Reset_Handler                         
000043d5  SysInit                               
000043e1  __aeabi_errno_addr                    
000043e9  malloc                                
000043f9  _system_pre_init                      
000043fd  C$$EXIT                               
000043fd  abort                                 
00004400  _ctypes_                              
000045f8  __TI_Handler_Table_Base               
00004604  __TI_Handler_Table_Limit              
00004618  __TI_CINIT_Base                       
00004630  __TI_CINIT_Limit                      
20000000  __start___llvm_prf_cnts               
20000000  __stop___llvm_prf_cnts                
20000000  g_pfnRAMVectors                       
200000e8  _sys_memory                           
200004e8  _ftable                               
200005d8  _device                               
20000650  _stream                               
200006a0  __TI_ft_end                           
200006a4  __aeabi_stdin                         
200006a8  __aeabi_stdout                        
200006ac  __aeabi_stderr                        
200006b0  __TI_cleanup_ptr                      
200006b4  __TI_dtors_ptr                        
200006b8  __TI_enable_exit_profile_output       
200006bc  _lock                                 
200006c0  _unlock                               
200006cc  count                                 
200006ce  reminder                              
200006cf  round                                 
200006d0  start                                 
200006d1  end                                   
200006d2  restart                               
200006d3  init_guess                            
200006d8  errno                                 
200006e4  __CIOBUF_                             
20000804  __TI_tmpnams                          
200008a4  temp                                  
200008bc  parmbuf                               
200008c4  pattern                               
2000fc00  __stack                               
20010000  __STACK_END                           
4000480c  WDTCTL_SYM                            
ffffffff  __TI_pprof_out_hndl                   
ffffffff  __TI_prof_data_size                   
ffffffff  __TI_prof_data_start                  
ffffffff  __binit__                             
ffffffff  __c_args__                            
ffffffff  binit                                 
UNDEFED   __mpu_init                            
UNDEFED   _system_post_cinit                    

[231 symbols]
