<?xml version="1.0" encoding="ISO-8859-1" ?>
<link_info>
   <banner>TI ARM Linker PC v20.2.7.LTS</banner>
   <copyright>Copyright (c) 1996-2018 Texas Instruments Incorporated</copyright>
   <link_time>0x63e15826</link_time>
   <link_errors>0x0</link_errors>
   <output_file>EmCon_Activity5.1Arrays.out</output_file>
   <entry_point>
      <name>_c_int00_noargs</name>
      <address>0x3105</address>
   </entry_point>
   <input_file_list>
      <input_file id="fl-2">
         <path>.\</path>
         <kind>object</kind>
         <file>main.obj</file>
         <name>main.obj</name>
      </input_file>
      <input_file id="fl-3">
         <path>.\src\</path>
         <kind>object</kind>
         <file>engr2350_msp432.obj</file>
         <name>engr2350_msp432.obj</name>
      </input_file>
      <input_file id="fl-4">
         <path>.\src\</path>
         <kind>object</kind>
         <file>startup_msp432p401r_ccs.obj</file>
         <name>startup_msp432p401r_ccs.obj</name>
      </input_file>
      <input_file id="fl-5">
         <path>.\src\</path>
         <kind>object</kind>
         <file>system_msp432p401r.obj</file>
         <name>system_msp432p401r.obj</name>
      </input_file>
      <input_file id="fl-f">
         <kind>object</kind>
         <file>&lt;internal&gt;</file>
         <name>&lt;internal&gt;</name>
      </input_file>
      <input_file id="fl-10">
         <path>C:\ti\simplelink_msp432p4_sdk_3_40_01_02\source\ti\devices\msp432p4xx\driverlib\ccs\</path>
         <kind>archive</kind>
         <file>msp432p4xx_driverlib.lib</file>
         <name>uart.o</name>
      </input_file>
      <input_file id="fl-11">
         <path>C:\ti\simplelink_msp432p4_sdk_3_40_01_02\source\ti\devices\msp432p4xx\driverlib\ccs\</path>
         <kind>archive</kind>
         <file>msp432p4xx_driverlib.lib</file>
         <name>interrupt.o</name>
      </input_file>
      <input_file id="fl-12">
         <path>C:\ti\simplelink_msp432p4_sdk_3_40_01_02\source\ti\devices\msp432p4xx\driverlib\ccs\</path>
         <kind>archive</kind>
         <file>msp432p4xx_driverlib.lib</file>
         <name>cpu.o</name>
      </input_file>
      <input_file id="fl-c8">
         <path>C:\ti\ccs1210\ccs\tools\compiler\ti-cgt-arm_20.2.7.LTS\lib\</path>
         <kind>archive</kind>
         <file>rtsv7M4_T_le_v4SPD16_eabi.lib</file>
         <name>printf.c.obj</name>
      </input_file>
      <input_file id="fl-c9">
         <path>C:\ti\ccs1210\ccs\tools\compiler\ti-cgt-arm_20.2.7.LTS\lib\</path>
         <kind>archive</kind>
         <file>rtsv7M4_T_le_v4SPD16_eabi.lib</file>
         <name>_printfi.c.obj</name>
      </input_file>
      <input_file id="fl-ca">
         <path>C:\ti\ccs1210\ccs\tools\compiler\ti-cgt-arm_20.2.7.LTS\lib\</path>
         <kind>archive</kind>
         <file>rtsv7M4_T_le_v4SPD16_eabi.lib</file>
         <name>fopen.c.obj</name>
      </input_file>
      <input_file id="fl-cb">
         <path>C:\ti\ccs1210\ccs\tools\compiler\ti-cgt-arm_20.2.7.LTS\lib\</path>
         <kind>archive</kind>
         <file>rtsv7M4_T_le_v4SPD16_eabi.lib</file>
         <name>fputc.c.obj</name>
      </input_file>
      <input_file id="fl-cc">
         <path>C:\ti\ccs1210\ccs\tools\compiler\ti-cgt-arm_20.2.7.LTS\lib\</path>
         <kind>archive</kind>
         <file>rtsv7M4_T_le_v4SPD16_eabi.lib</file>
         <name>fputs.c.obj</name>
      </input_file>
      <input_file id="fl-cd">
         <path>C:\ti\ccs1210\ccs\tools\compiler\ti-cgt-arm_20.2.7.LTS\lib\</path>
         <kind>archive</kind>
         <file>rtsv7M4_T_le_v4SPD16_eabi.lib</file>
         <name>_io_perm.c.obj</name>
      </input_file>
      <input_file id="fl-ce">
         <path>C:\ti\ccs1210\ccs\tools\compiler\ti-cgt-arm_20.2.7.LTS\lib\</path>
         <kind>archive</kind>
         <file>rtsv7M4_T_le_v4SPD16_eabi.lib</file>
         <name>setvbuf.c.obj</name>
      </input_file>
      <input_file id="fl-cf">
         <path>C:\ti\ccs1210\ccs\tools\compiler\ti-cgt-arm_20.2.7.LTS\lib\</path>
         <kind>archive</kind>
         <file>rtsv7M4_T_le_v4SPD16_eabi.lib</file>
         <name>fd_add_t2.asm.obj</name>
      </input_file>
      <input_file id="fl-d0">
         <path>C:\ti\ccs1210\ccs\tools\compiler\ti-cgt-arm_20.2.7.LTS\lib\</path>
         <kind>archive</kind>
         <file>rtsv7M4_T_le_v4SPD16_eabi.lib</file>
         <name>fd_cmp_t2.asm.obj</name>
      </input_file>
      <input_file id="fl-d1">
         <path>C:\ti\ccs1210\ccs\tools\compiler\ti-cgt-arm_20.2.7.LTS\lib\</path>
         <kind>archive</kind>
         <file>rtsv7M4_T_le_v4SPD16_eabi.lib</file>
         <name>fd_div_t2.asm.obj</name>
      </input_file>
      <input_file id="fl-d2">
         <path>C:\ti\ccs1210\ccs\tools\compiler\ti-cgt-arm_20.2.7.LTS\lib\</path>
         <kind>archive</kind>
         <file>rtsv7M4_T_le_v4SPD16_eabi.lib</file>
         <name>fd_mul_t2.asm.obj</name>
      </input_file>
      <input_file id="fl-d3">
         <path>C:\ti\ccs1210\ccs\tools\compiler\ti-cgt-arm_20.2.7.LTS\lib\</path>
         <kind>archive</kind>
         <file>rtsv7M4_T_le_v4SPD16_eabi.lib</file>
         <name>fd_toi_t2.asm.obj</name>
      </input_file>
      <input_file id="fl-d4">
         <path>C:\ti\ccs1210\ccs\tools\compiler\ti-cgt-arm_20.2.7.LTS\lib\</path>
         <kind>archive</kind>
         <file>rtsv7M4_T_le_v4SPD16_eabi.lib</file>
         <name>i_tofd_t2.asm.obj</name>
      </input_file>
      <input_file id="fl-d5">
         <path>C:\ti\ccs1210\ccs\tools\compiler\ti-cgt-arm_20.2.7.LTS\lib\</path>
         <kind>archive</kind>
         <file>rtsv7M4_T_le_v4SPD16_eabi.lib</file>
         <name>memcpy_t2.asm.obj</name>
      </input_file>
      <input_file id="fl-d6">
         <path>C:\ti\ccs1210\ccs\tools\compiler\ti-cgt-arm_20.2.7.LTS\lib\</path>
         <kind>archive</kind>
         <file>rtsv7M4_T_le_v4SPD16_eabi.lib</file>
         <name>memset_t2.asm.obj</name>
      </input_file>
      <input_file id="fl-d7">
         <path>C:\ti\ccs1210\ccs\tools\compiler\ti-cgt-arm_20.2.7.LTS\lib\</path>
         <kind>archive</kind>
         <file>rtsv7M4_T_le_v4SPD16_eabi.lib</file>
         <name>ull_div_t2.asm.obj</name>
      </input_file>
      <input_file id="fl-d8">
         <path>C:\ti\ccs1210\ccs\tools\compiler\ti-cgt-arm_20.2.7.LTS\lib\</path>
         <kind>archive</kind>
         <file>rtsv7M4_T_le_v4SPD16_eabi.lib</file>
         <name>copy_zero_init.c.obj</name>
      </input_file>
      <input_file id="fl-d9">
         <path>C:\ti\ccs1210\ccs\tools\compiler\ti-cgt-arm_20.2.7.LTS\lib\</path>
         <kind>archive</kind>
         <file>rtsv7M4_T_le_v4SPD16_eabi.lib</file>
         <name>copy_decompress_none.c.obj</name>
      </input_file>
      <input_file id="fl-da">
         <path>C:\ti\ccs1210\ccs\tools\compiler\ti-cgt-arm_20.2.7.LTS\lib\</path>
         <kind>archive</kind>
         <file>rtsv7M4_T_le_v4SPD16_eabi.lib</file>
         <name>copy_decompress_lzss.c.obj</name>
      </input_file>
      <input_file id="fl-db">
         <path>C:\ti\ccs1210\ccs\tools\compiler\ti-cgt-arm_20.2.7.LTS\lib\</path>
         <kind>archive</kind>
         <file>rtsv7M4_T_le_v4SPD16_eabi.lib</file>
         <name>exit.c.obj</name>
      </input_file>
      <input_file id="fl-dc">
         <path>C:\ti\ccs1210\ccs\tools\compiler\ti-cgt-arm_20.2.7.LTS\lib\</path>
         <kind>archive</kind>
         <file>rtsv7M4_T_le_v4SPD16_eabi.lib</file>
         <name>_lock.c.obj</name>
      </input_file>
      <input_file id="fl-dd">
         <path>C:\ti\ccs1210\ccs\tools\compiler\ti-cgt-arm_20.2.7.LTS\lib\</path>
         <kind>archive</kind>
         <file>rtsv7M4_T_le_v4SPD16_eabi.lib</file>
         <name>_ltoa.c.obj</name>
      </input_file>
      <input_file id="fl-de">
         <path>C:\ti\ccs1210\ccs\tools\compiler\ti-cgt-arm_20.2.7.LTS\lib\</path>
         <kind>archive</kind>
         <file>rtsv7M4_T_le_v4SPD16_eabi.lib</file>
         <name>atoi.c.obj</name>
      </input_file>
      <input_file id="fl-df">
         <path>C:\ti\ccs1210\ccs\tools\compiler\ti-cgt-arm_20.2.7.LTS\lib\</path>
         <kind>archive</kind>
         <file>rtsv7M4_T_le_v4SPD16_eabi.lib</file>
         <name>ctype.c.obj</name>
      </input_file>
      <input_file id="fl-e0">
         <path>C:\ti\ccs1210\ccs\tools\compiler\ti-cgt-arm_20.2.7.LTS\lib\</path>
         <kind>archive</kind>
         <file>rtsv7M4_T_le_v4SPD16_eabi.lib</file>
         <name>defs.c.obj</name>
      </input_file>
      <input_file id="fl-e1">
         <path>C:\ti\ccs1210\ccs\tools\compiler\ti-cgt-arm_20.2.7.LTS\lib\</path>
         <kind>archive</kind>
         <file>rtsv7M4_T_le_v4SPD16_eabi.lib</file>
         <name>memccpy.c.obj</name>
      </input_file>
      <input_file id="fl-e2">
         <path>C:\ti\ccs1210\ccs\tools\compiler\ti-cgt-arm_20.2.7.LTS\lib\</path>
         <kind>archive</kind>
         <file>rtsv7M4_T_le_v4SPD16_eabi.lib</file>
         <name>memchr.c.obj</name>
      </input_file>
      <input_file id="fl-e3">
         <path>C:\ti\ccs1210\ccs\tools\compiler\ti-cgt-arm_20.2.7.LTS\lib\</path>
         <kind>archive</kind>
         <file>rtsv7M4_T_le_v4SPD16_eabi.lib</file>
         <name>memory.c.obj</name>
      </input_file>
      <input_file id="fl-e4">
         <path>C:\ti\ccs1210\ccs\tools\compiler\ti-cgt-arm_20.2.7.LTS\lib\</path>
         <kind>archive</kind>
         <file>rtsv7M4_T_le_v4SPD16_eabi.lib</file>
         <name>rand.c.obj</name>
      </input_file>
      <input_file id="fl-e5">
         <path>C:\ti\ccs1210\ccs\tools\compiler\ti-cgt-arm_20.2.7.LTS\lib\</path>
         <kind>archive</kind>
         <file>rtsv7M4_T_le_v4SPD16_eabi.lib</file>
         <name>strchr.c.obj</name>
      </input_file>
      <input_file id="fl-e6">
         <path>C:\ti\ccs1210\ccs\tools\compiler\ti-cgt-arm_20.2.7.LTS\lib\</path>
         <kind>archive</kind>
         <file>rtsv7M4_T_le_v4SPD16_eabi.lib</file>
         <name>strlen.c.obj</name>
      </input_file>
      <input_file id="fl-e7">
         <path>C:\ti\ccs1210\ccs\tools\compiler\ti-cgt-arm_20.2.7.LTS\lib\</path>
         <kind>archive</kind>
         <file>rtsv7M4_T_le_v4SPD16_eabi.lib</file>
         <name>boot_cortex_m.c.obj</name>
      </input_file>
      <input_file id="fl-e8">
         <path>C:\ti\ccs1210\ccs\tools\compiler\ti-cgt-arm_20.2.7.LTS\lib\</path>
         <kind>archive</kind>
         <file>rtsv7M4_T_le_v4SPD16_eabi.lib</file>
         <name>write.c.obj</name>
      </input_file>
      <input_file id="fl-e9">
         <path>C:\ti\ccs1210\ccs\tools\compiler\ti-cgt-arm_20.2.7.LTS\lib\</path>
         <kind>archive</kind>
         <file>rtsv7M4_T_le_v4SPD16_eabi.lib</file>
         <name>host_device.c.obj</name>
      </input_file>
      <input_file id="fl-ea">
         <path>C:\ti\ccs1210\ccs\tools\compiler\ti-cgt-arm_20.2.7.LTS\lib\</path>
         <kind>archive</kind>
         <file>rtsv7M4_T_le_v4SPD16_eabi.lib</file>
         <name>open.c.obj</name>
      </input_file>
      <input_file id="fl-eb">
         <path>C:\ti\ccs1210\ccs\tools\compiler\ti-cgt-arm_20.2.7.LTS\lib\</path>
         <kind>archive</kind>
         <file>rtsv7M4_T_le_v4SPD16_eabi.lib</file>
         <name>add_device.c.obj</name>
      </input_file>
      <input_file id="fl-ec">
         <path>C:\ti\ccs1210\ccs\tools\compiler\ti-cgt-arm_20.2.7.LTS\lib\</path>
         <kind>archive</kind>
         <file>rtsv7M4_T_le_v4SPD16_eabi.lib</file>
         <name>errno.c.obj</name>
      </input_file>
      <input_file id="fl-ed">
         <path>C:\ti\ccs1210\ccs\tools\compiler\ti-cgt-arm_20.2.7.LTS\lib\</path>
         <kind>archive</kind>
         <file>rtsv7M4_T_le_v4SPD16_eabi.lib</file>
         <name>wcslen.c.obj</name>
      </input_file>
      <input_file id="fl-ee">
         <path>C:\ti\ccs1210\ccs\tools\compiler\ti-cgt-arm_20.2.7.LTS\lib\</path>
         <kind>archive</kind>
         <file>rtsv7M4_T_le_v4SPD16_eabi.lib</file>
         <name>s_frexp.c.obj</name>
      </input_file>
      <input_file id="fl-ef">
         <path>C:\ti\ccs1210\ccs\tools\compiler\ti-cgt-arm_20.2.7.LTS\lib\</path>
         <kind>archive</kind>
         <file>rtsv7M4_T_le_v4SPD16_eabi.lib</file>
         <name>s_scalbn.c.obj</name>
      </input_file>
      <input_file id="fl-f0">
         <path>C:\ti\ccs1210\ccs\tools\compiler\ti-cgt-arm_20.2.7.LTS\lib\</path>
         <kind>archive</kind>
         <file>rtsv7M4_T_le_v4SPD16_eabi.lib</file>
         <name>fclose.c.obj</name>
      </input_file>
      <input_file id="fl-f1">
         <path>C:\ti\ccs1210\ccs\tools\compiler\ti-cgt-arm_20.2.7.LTS\lib\</path>
         <kind>archive</kind>
         <file>rtsv7M4_T_le_v4SPD16_eabi.lib</file>
         <name>fflush.c.obj</name>
      </input_file>
      <input_file id="fl-f2">
         <path>C:\ti\ccs1210\ccs\tools\compiler\ti-cgt-arm_20.2.7.LTS\lib\</path>
         <kind>archive</kind>
         <file>rtsv7M4_T_le_v4SPD16_eabi.lib</file>
         <name>fseek.c.obj</name>
      </input_file>
      <input_file id="fl-f3">
         <path>C:\ti\ccs1210\ccs\tools\compiler\ti-cgt-arm_20.2.7.LTS\lib\</path>
         <kind>archive</kind>
         <file>rtsv7M4_T_le_v4SPD16_eabi.lib</file>
         <name>getdevice.c.obj</name>
      </input_file>
      <input_file id="fl-f4">
         <path>C:\ti\ccs1210\ccs\tools\compiler\ti-cgt-arm_20.2.7.LTS\lib\</path>
         <kind>archive</kind>
         <file>rtsv7M4_T_le_v4SPD16_eabi.lib</file>
         <name>div0.asm.obj</name>
      </input_file>
      <input_file id="fl-f5">
         <path>C:\ti\ccs1210\ccs\tools\compiler\ti-cgt-arm_20.2.7.LTS\lib\</path>
         <kind>archive</kind>
         <file>rtsv7M4_T_le_v4SPD16_eabi.lib</file>
         <name>autoinit.c.obj</name>
      </input_file>
      <input_file id="fl-f6">
         <path>C:\ti\ccs1210\ccs\tools\compiler\ti-cgt-arm_20.2.7.LTS\lib\</path>
         <kind>archive</kind>
         <file>rtsv7M4_T_le_v4SPD16_eabi.lib</file>
         <name>pre_init.c.obj</name>
      </input_file>
      <input_file id="fl-f7">
         <path>C:\ti\ccs1210\ccs\tools\compiler\ti-cgt-arm_20.2.7.LTS\lib\</path>
         <kind>archive</kind>
         <file>rtsv7M4_T_le_v4SPD16_eabi.lib</file>
         <name>cpy_tbl.c.obj</name>
      </input_file>
      <input_file id="fl-f8">
         <path>C:\ti\ccs1210\ccs\tools\compiler\ti-cgt-arm_20.2.7.LTS\lib\</path>
         <kind>archive</kind>
         <file>rtsv7M4_T_le_v4SPD16_eabi.lib</file>
         <name>args_main.c.obj</name>
      </input_file>
      <input_file id="fl-f9">
         <path>C:\ti\ccs1210\ccs\tools\compiler\ti-cgt-arm_20.2.7.LTS\lib\</path>
         <kind>archive</kind>
         <file>rtsv7M4_T_le_v4SPD16_eabi.lib</file>
         <name>strcmp.c.obj</name>
      </input_file>
      <input_file id="fl-fa">
         <path>C:\ti\ccs1210\ccs\tools\compiler\ti-cgt-arm_20.2.7.LTS\lib\</path>
         <kind>archive</kind>
         <file>rtsv7M4_T_le_v4SPD16_eabi.lib</file>
         <name>strncpy.c.obj</name>
      </input_file>
      <input_file id="fl-fb">
         <path>C:\ti\ccs1210\ccs\tools\compiler\ti-cgt-arm_20.2.7.LTS\lib\</path>
         <kind>archive</kind>
         <file>rtsv7M4_T_le_v4SPD16_eabi.lib</file>
         <name>hostclose.c.obj</name>
      </input_file>
      <input_file id="fl-fc">
         <path>C:\ti\ccs1210\ccs\tools\compiler\ti-cgt-arm_20.2.7.LTS\lib\</path>
         <kind>archive</kind>
         <file>rtsv7M4_T_le_v4SPD16_eabi.lib</file>
         <name>hostlseek.c.obj</name>
      </input_file>
      <input_file id="fl-fd">
         <path>C:\ti\ccs1210\ccs\tools\compiler\ti-cgt-arm_20.2.7.LTS\lib\</path>
         <kind>archive</kind>
         <file>rtsv7M4_T_le_v4SPD16_eabi.lib</file>
         <name>hostopen.c.obj</name>
      </input_file>
      <input_file id="fl-fe">
         <path>C:\ti\ccs1210\ccs\tools\compiler\ti-cgt-arm_20.2.7.LTS\lib\</path>
         <kind>archive</kind>
         <file>rtsv7M4_T_le_v4SPD16_eabi.lib</file>
         <name>hostread.c.obj</name>
      </input_file>
      <input_file id="fl-ff">
         <path>C:\ti\ccs1210\ccs\tools\compiler\ti-cgt-arm_20.2.7.LTS\lib\</path>
         <kind>archive</kind>
         <file>rtsv7M4_T_le_v4SPD16_eabi.lib</file>
         <name>hostrename.c.obj</name>
      </input_file>
      <input_file id="fl-100">
         <path>C:\ti\ccs1210\ccs\tools\compiler\ti-cgt-arm_20.2.7.LTS\lib\</path>
         <kind>archive</kind>
         <file>rtsv7M4_T_le_v4SPD16_eabi.lib</file>
         <name>hostunlink.c.obj</name>
      </input_file>
      <input_file id="fl-101">
         <path>C:\ti\ccs1210\ccs\tools\compiler\ti-cgt-arm_20.2.7.LTS\lib\</path>
         <kind>archive</kind>
         <file>rtsv7M4_T_le_v4SPD16_eabi.lib</file>
         <name>hostwrite.c.obj</name>
      </input_file>
      <input_file id="fl-102">
         <path>C:\ti\ccs1210\ccs\tools\compiler\ti-cgt-arm_20.2.7.LTS\lib\</path>
         <kind>archive</kind>
         <file>rtsv7M4_T_le_v4SPD16_eabi.lib</file>
         <name>trgmsg.c.obj</name>
      </input_file>
      <input_file id="fl-103">
         <path>C:\ti\ccs1210\ccs\tools\compiler\ti-cgt-arm_20.2.7.LTS\lib\</path>
         <kind>archive</kind>
         <file>rtsv7M4_T_le_v4SPD16_eabi.lib</file>
         <name>remove.c.obj</name>
      </input_file>
      <input_file id="fl-104">
         <path>C:\ti\ccs1210\ccs\tools\compiler\ti-cgt-arm_20.2.7.LTS\lib\</path>
         <kind>archive</kind>
         <file>rtsv7M4_T_le_v4SPD16_eabi.lib</file>
         <name>lseek.c.obj</name>
      </input_file>
      <input_file id="fl-105">
         <path>C:\ti\ccs1210\ccs\tools\compiler\ti-cgt-arm_20.2.7.LTS\lib\</path>
         <kind>archive</kind>
         <file>rtsv7M4_T_le_v4SPD16_eabi.lib</file>
         <name>close.c.obj</name>
      </input_file>
      <input_file id="fl-106">
         <path>C:\ti\ccs1210\ccs\tools\compiler\ti-cgt-arm_20.2.7.LTS\lib\</path>
         <kind>archive</kind>
         <file>rtsv7M4_T_le_v4SPD16_eabi.lib</file>
         <name>s_copysign.c.obj</name>
      </input_file>
      <input_file id="fl-107">
         <path>C:\ti\ccs1210\ccs\tools\compiler\ti-cgt-arm_20.2.7.LTS\lib\</path>
         <kind>archive</kind>
         <file>rtsv7M4_T_le_v4SPD16_eabi.lib</file>
         <name>strcpy.c.obj</name>
      </input_file>
      <input_file id="fl-108">
         <path>C:\ti\ccs1210\ccs\tools\compiler\ti-cgt-arm_20.2.7.LTS\lib\</path>
         <kind>archive</kind>
         <file>rtsv7M4_T_le_v4SPD16_eabi.lib</file>
         <name>unlink.c.obj</name>
      </input_file>
   </input_file_list>
   <object_component_list>
      <object_component id="oc-26">
         <name>.intvecs:retain</name>
         <load_address>0x0</load_address>
         <run_address>0x0</run_address>
         <size>0xe4</size>
         <input_file_ref idref="fl-4"/>
      </object_component>
      <object_component id="oc-144">
         <name>.text:__TI_printfi</name>
         <load_address>0xe4</load_address>
         <run_address>0xe4</run_address>
         <size>0xa4e</size>
         <input_file_ref idref="fl-c9"/>
      </object_component>
      <object_component id="oc-70">
         <name>.text:Default_Handler</name>
         <load_address>0xb32</load_address>
         <run_address>0xb32</run_address>
         <size>0x2</size>
         <input_file_ref idref="fl-4"/>
      </object_component>
      <object_component id="oc-a0">
         <name>.text:main</name>
         <load_address>0xb34</load_address>
         <run_address>0xb34</run_address>
         <size>0x294</size>
         <input_file_ref idref="fl-2"/>
      </object_component>
      <object_component id="oc-1fc">
         <name>.text:_pconv_a</name>
         <load_address>0xdc8</load_address>
         <run_address>0xdc8</run_address>
         <size>0x270</size>
         <input_file_ref idref="fl-c9"/>
      </object_component>
      <object_component id="oc-1ea">
         <name>.text:_pconv_g</name>
         <load_address>0x1038</load_address>
         <run_address>0x1038</run_address>
         <size>0x1d0</size>
         <input_file_ref idref="fl-c9"/>
      </object_component>
      <object_component id="oc-2ef">
         <name>.text</name>
         <load_address>0x1208</load_address>
         <run_address>0x1208</run_address>
         <size>0x1b6</size>
         <input_file_ref idref="fl-cf"/>
      </object_component>
      <object_component id="oc-220">
         <name>.text:_nop</name>
         <load_address>0x13be</load_address>
         <run_address>0x13be</run_address>
         <size>0x2</size>
         <input_file_ref idref="fl-dc"/>
      </object_component>
      <object_component id="oc-1f6">
         <name>.text:_pconv_e</name>
         <load_address>0x13c0</load_address>
         <run_address>0x13c0</run_address>
         <size>0x13c</size>
         <input_file_ref idref="fl-c9"/>
      </object_component>
      <object_component id="oc-2d5">
         <name>.text</name>
         <load_address>0x14fc</load_address>
         <run_address>0x14fc</run_address>
         <size>0x136</size>
         <input_file_ref idref="fl-d1"/>
      </object_component>
      <object_component id="oc-3f4">
         <name>.text</name>
         <load_address>0x1632</load_address>
         <run_address>0x1632</run_address>
         <size>0x2</size>
         <input_file_ref idref="fl-f4"/>
      </object_component>
      <object_component id="oc-301">
         <name>.text:fcvt</name>
         <load_address>0x1634</load_address>
         <run_address>0x1634</run_address>
         <size>0x124</size>
         <input_file_ref idref="fl-c9"/>
      </object_component>
      <object_component id="oc-2a6">
         <name>.text:UART_initModule</name>
         <load_address>0x1758</load_address>
         <run_address>0x1758</run_address>
         <size>0x11c</size>
         <input_file_ref idref="fl-10"/>
      </object_component>
      <object_component id="oc-22e">
         <name>.text:fputs</name>
         <load_address>0x1874</load_address>
         <run_address>0x1874</run_address>
         <size>0x114</size>
         <input_file_ref idref="fl-cc"/>
      </object_component>
      <object_component id="oc-274">
         <name>.text:_openfile</name>
         <load_address>0x1988</load_address>
         <run_address>0x1988</run_address>
         <size>0x110</size>
         <input_file_ref idref="fl-ca"/>
      </object_component>
      <object_component id="oc-315">
         <name>.text:scalbn</name>
         <load_address>0x1a98</load_address>
         <run_address>0x1a98</run_address>
         <size>0x110</size>
         <input_file_ref idref="fl-ef"/>
      </object_component>
      <object_component id="oc-3d1">
         <name>.text:aligned_alloc</name>
         <load_address>0x1ba8</load_address>
         <run_address>0x1ba8</run_address>
         <size>0x100</size>
         <input_file_ref idref="fl-e3"/>
      </object_component>
      <object_component id="oc-2d0">
         <name>.text</name>
         <load_address>0x1ca8</load_address>
         <run_address>0x1ca8</run_address>
         <size>0xfc</size>
         <input_file_ref idref="fl-d2"/>
      </object_component>
      <object_component id="oc-27c">
         <name>.text:free</name>
         <load_address>0x1da4</load_address>
         <run_address>0x1da4</run_address>
         <size>0xe4</size>
         <input_file_ref idref="fl-e3"/>
      </object_component>
      <object_component id="oc-19e">
         <name>.text:setvbuf</name>
         <load_address>0x1e88</load_address>
         <run_address>0x1e88</run_address>
         <size>0xdc</size>
         <input_file_ref idref="fl-ce"/>
      </object_component>
      <object_component id="oc-3bb">
         <name>.text:open</name>
         <load_address>0x1f64</load_address>
         <run_address>0x1f64</run_address>
         <size>0xbc</size>
         <input_file_ref idref="fl-ea"/>
      </object_component>
      <object_component id="oc-192">
         <name>.text:add_device</name>
         <load_address>0x2020</load_address>
         <run_address>0x2020</run_address>
         <size>0xb8</size>
         <input_file_ref idref="fl-eb"/>
      </object_component>
      <object_component id="oc-1df">
         <name>.text:_ltostr</name>
         <load_address>0x20d8</load_address>
         <run_address>0x20d8</run_address>
         <size>0xb1</size>
         <input_file_ref idref="fl-c9"/>
      </object_component>
      <object_component id="oc-13d">
         <name>.text:init_std_uart</name>
         <load_address>0x218c</load_address>
         <run_address>0x218c</run_address>
         <size>0x9c</size>
         <input_file_ref idref="fl-3"/>
      </object_component>
      <object_component id="oc-3a">
         <name>.text</name>
         <load_address>0x2228</load_address>
         <run_address>0x2228</run_address>
         <size>0x9c</size>
         <input_file_ref idref="fl-d5"/>
      </object_component>
      <object_component id="oc-b2">
         <name>.text:SystemInit</name>
         <load_address>0x22c4</load_address>
         <run_address>0x22c4</run_address>
         <size>0x98</size>
         <input_file_ref idref="fl-5"/>
      </object_component>
      <object_component id="oc-2c9">
         <name>.text</name>
         <load_address>0x235c</load_address>
         <run_address>0x235c</run_address>
         <size>0x96</size>
         <input_file_ref idref="fl-d7"/>
      </object_component>
      <object_component id="oc-235">
         <name>.text:fputc</name>
         <load_address>0x23f4</load_address>
         <run_address>0x23f4</run_address>
         <size>0x8c</size>
         <input_file_ref idref="fl-cb"/>
      </object_component>
      <object_component id="oc-1e5">
         <name>.text:__aeabi_cdcmple</name>
         <load_address>0x2480</load_address>
         <run_address>0x2480</run_address>
         <size>0x86</size>
         <input_file_ref idref="fl-d0"/>
      </object_component>
      <object_component id="oc-2da">
         <name>.text:__aeabi_cdrcmple</name>
         <load_address>0x2506</load_address>
         <run_address>0x2506</run_address>
         <size>0x86</size>
         <input_file_ref idref="fl-d0"/>
      </object_component>
      <object_component id="oc-1c5">
         <name>.text:dopen</name>
         <load_address>0x258c</load_address>
         <run_address>0x258c</run_address>
         <size>0x80</size>
         <input_file_ref idref="fl-3"/>
      </object_component>
      <object_component id="oc-94">
         <name>.text</name>
         <load_address>0x260c</load_address>
         <run_address>0x260c</run_address>
         <size>0x7a</size>
         <input_file_ref idref="fl-d6"/>
      </object_component>
      <object_component id="oc-26e">
         <name>.text:__TI_closefile</name>
         <load_address>0x2688</load_address>
         <run_address>0x2688</run_address>
         <size>0x74</size>
         <input_file_ref idref="fl-f0"/>
      </object_component>
      <object_component id="oc-480">
         <name>.text:split</name>
         <load_address>0x26fc</load_address>
         <run_address>0x26fc</run_address>
         <size>0x70</size>
         <input_file_ref idref="fl-e3"/>
      </object_component>
      <object_component id="oc-2fa">
         <name>.text:_mcpy</name>
         <load_address>0x276c</load_address>
         <run_address>0x276c</run_address>
         <size>0x6e</size>
         <input_file_ref idref="fl-c9"/>
      </object_component>
      <object_component id="oc-39c">
         <name>.text:HOSTrename</name>
         <load_address>0x27dc</load_address>
         <run_address>0x27dc</run_address>
         <size>0x6c</size>
         <input_file_ref idref="fl-ff"/>
      </object_component>
      <object_component id="oc-390">
         <name>.text:HOSTlseek</name>
         <load_address>0x2848</load_address>
         <run_address>0x2848</run_address>
         <size>0x68</size>
         <input_file_ref idref="fl-fc"/>
      </object_component>
      <object_component id="oc-17">
         <name>.text:decompress:lzss:__TI_decompress_lzss</name>
         <load_address>0x28b0</load_address>
         <run_address>0x28b0</run_address>
         <size>0x68</size>
         <input_file_ref idref="fl-da"/>
      </object_component>
      <object_component id="oc-e3">
         <name>.text:printf</name>
         <load_address>0x2918</load_address>
         <run_address>0x2918</run_address>
         <size>0x68</size>
         <input_file_ref idref="fl-c8"/>
      </object_component>
      <object_component id="oc-30f">
         <name>.text:frexp</name>
         <load_address>0x2980</load_address>
         <run_address>0x2980</run_address>
         <size>0x64</size>
         <input_file_ref idref="fl-ee"/>
      </object_component>
      <object_component id="oc-429">
         <name>.text:fseek</name>
         <load_address>0x29e4</load_address>
         <run_address>0x29e4</run_address>
         <size>0x64</size>
         <input_file_ref idref="fl-f2"/>
      </object_component>
      <object_component id="oc-346">
         <name>.text:__TI_wrt_ok</name>
         <load_address>0x2a48</load_address>
         <run_address>0x2a48</run_address>
         <size>0x62</size>
         <input_file_ref idref="fl-cd"/>
      </object_component>
      <object_component id="oc-378">
         <name>.text:HOSTopen</name>
         <load_address>0x2aac</load_address>
         <run_address>0x2aac</run_address>
         <size>0x60</size>
         <input_file_ref idref="fl-fd"/>
      </object_component>
      <object_component id="oc-3ac">
         <name>.text:close</name>
         <load_address>0x2b0c</load_address>
         <run_address>0x2b0c</run_address>
         <size>0x5c</size>
         <input_file_ref idref="fl-105"/>
      </object_component>
      <object_component id="oc-384">
         <name>.text:HOSTread</name>
         <load_address>0x2b68</load_address>
         <run_address>0x2b68</run_address>
         <size>0x58</size>
         <input_file_ref idref="fl-fe"/>
      </object_component>
      <object_component id="oc-38a">
         <name>.text:HOSTwrite</name>
         <load_address>0x2bc0</load_address>
         <run_address>0x2bc0</run_address>
         <size>0x58</size>
         <input_file_ref idref="fl-101"/>
      </object_component>
      <object_component id="oc-1f0">
         <name>.text:_pconv_f</name>
         <load_address>0x2c18</load_address>
         <run_address>0x2c18</run_address>
         <size>0x56</size>
         <input_file_ref idref="fl-c9"/>
      </object_component>
      <object_component id="oc-2e4">
         <name>.text:__TI_ltoa</name>
         <load_address>0x2c6e</load_address>
         <run_address>0x2c6e</run_address>
         <size>0x54</size>
         <input_file_ref idref="fl-dd"/>
      </object_component>
      <object_component id="oc-1a7">
         <name>.text:dread</name>
         <load_address>0x2cc4</load_address>
         <run_address>0x2cc4</run_address>
         <size>0x54</size>
         <input_file_ref idref="fl-3"/>
      </object_component>
      <object_component id="oc-2f4">
         <name>.text:_ecpy</name>
         <load_address>0x2d18</load_address>
         <run_address>0x2d18</run_address>
         <size>0x52</size>
         <input_file_ref idref="fl-c9"/>
      </object_component>
      <object_component id="oc-352">
         <name>.text:__TI_doflush</name>
         <load_address>0x2d6a</load_address>
         <run_address>0x2d6a</run_address>
         <size>0x4c</size>
         <input_file_ref idref="fl-f1"/>
      </object_component>
      <object_component id="oc-1d9">
         <name>.text:atoi</name>
         <load_address>0x2db8</load_address>
         <run_address>0x2db8</run_address>
         <size>0x4c</size>
         <input_file_ref idref="fl-de"/>
      </object_component>
      <object_component id="oc-1ad">
         <name>.text:dwrite</name>
         <load_address>0x2e04</load_address>
         <run_address>0x2e04</run_address>
         <size>0x48</size>
         <input_file_ref idref="fl-3"/>
      </object_component>
      <object_component id="oc-ff">
         <name>.text:exit</name>
         <load_address>0x2e4c</load_address>
         <run_address>0x2e4c</run_address>
         <size>0x48</size>
         <input_file_ref idref="fl-db"/>
      </object_component>
      <object_component id="oc-2df">
         <name>.text</name>
         <load_address>0x2e94</load_address>
         <run_address>0x2e94</run_address>
         <size>0x48</size>
         <input_file_ref idref="fl-d3"/>
      </object_component>
      <object_component id="oc-37e">
         <name>.text:HOSTclose</name>
         <load_address>0x2edc</load_address>
         <run_address>0x2edc</run_address>
         <size>0x44</size>
         <input_file_ref idref="fl-fb"/>
      </object_component>
      <object_component id="oc-396">
         <name>.text:HOSTunlink</name>
         <load_address>0x2f20</load_address>
         <run_address>0x2f20</run_address>
         <size>0x44</size>
         <input_file_ref idref="fl-100"/>
      </object_component>
      <object_component id="oc-105">
         <name>.text:__TI_auto_init_nobinit_nopinit:__TI_auto_init_nobinit_nopinit</name>
         <load_address>0x2f64</load_address>
         <run_address>0x2f64</run_address>
         <size>0x44</size>
         <input_file_ref idref="fl-f5"/>
      </object_component>
      <object_component id="oc-46e">
         <name>.text:getdevice</name>
         <load_address>0x2fa8</load_address>
         <run_address>0x2fa8</run_address>
         <size>0x44</size>
         <input_file_ref idref="fl-f3"/>
      </object_component>
      <object_component id="oc-307">
         <name>.text:_fcpy</name>
         <load_address>0x2fec</load_address>
         <run_address>0x2fec</run_address>
         <size>0x3e</size>
         <input_file_ref idref="fl-c9"/>
      </object_component>
      <object_component id="oc-443">
         <name>.text:__TI_writemsg</name>
         <load_address>0x302c</load_address>
         <run_address>0x302c</run_address>
         <size>0x38</size>
         <input_file_ref idref="fl-102"/>
      </object_component>
      <object_component id="oc-262">
         <name>.text:strncpy</name>
         <load_address>0x3064</load_address>
         <run_address>0x3064</run_address>
         <size>0x36</size>
         <input_file_ref idref="fl-fa"/>
      </object_component>
      <object_component id="oc-288">
         <name>.text:__TI_cleanup</name>
         <load_address>0x309c</load_address>
         <run_address>0x309c</run_address>
         <size>0x34</size>
         <input_file_ref idref="fl-ca"/>
      </object_component>
      <object_component id="oc-449">
         <name>.text:__TI_readmsg</name>
         <load_address>0x30d0</load_address>
         <run_address>0x30d0</run_address>
         <size>0x34</size>
         <input_file_ref idref="fl-102"/>
      </object_component>
      <object_component id="oc-58">
         <name>.text:_c_int00_noargs:_c_int00_noargs</name>
         <load_address>0x3104</load_address>
         <run_address>0x3104</run_address>
         <size>0x34</size>
         <input_file_ref idref="fl-e7"/>
      </object_component>
      <object_component id="oc-198">
         <name>.text:freopen</name>
         <load_address>0x3138</load_address>
         <run_address>0x3138</run_address>
         <size>0x34</size>
         <input_file_ref idref="fl-ca"/>
      </object_component>
      <object_component id="oc-e9">
         <name>.text:rand</name>
         <load_address>0x316c</load_address>
         <run_address>0x316c</run_address>
         <size>0x34</size>
         <input_file_ref idref="fl-e4"/>
      </object_component>
      <object_component id="oc-25c">
         <name>.text:finddevice</name>
         <load_address>0x31a0</load_address>
         <run_address>0x31a0</run_address>
         <size>0x30</size>
         <input_file_ref idref="fl-f3"/>
      </object_component>
      <object_component id="oc-2ea">
         <name>.text</name>
         <load_address>0x31d0</load_address>
         <run_address>0x31d0</run_address>
         <size>0x2e</size>
         <input_file_ref idref="fl-d4"/>
      </object_component>
      <object_component id="oc-3b2">
         <name>.text:unlink</name>
         <load_address>0x3200</load_address>
         <run_address>0x3200</run_address>
         <size>0x2c</size>
         <input_file_ref idref="fl-108"/>
      </object_component>
      <object_component id="oc-3ca">
         <name>.text:free_list_insert</name>
         <load_address>0x322c</load_address>
         <run_address>0x322c</run_address>
         <size>0x28</size>
         <input_file_ref idref="fl-e3"/>
      </object_component>
      <object_component id="oc-4b7">
         <name>.text:lseek</name>
         <load_address>0x3254</load_address>
         <run_address>0x3254</run_address>
         <size>0x28</size>
         <input_file_ref idref="fl-104"/>
      </object_component>
      <object_component id="oc-358">
         <name>.text:write</name>
         <load_address>0x327c</load_address>
         <run_address>0x327c</run_address>
         <size>0x28</size>
         <input_file_ref idref="fl-e8"/>
      </object_component>
      <object_component id="oc-34c">
         <name>.text:memchr</name>
         <load_address>0x32a4</load_address>
         <run_address>0x32a4</run_address>
         <size>0x20</size>
         <input_file_ref idref="fl-e2"/>
      </object_component>
      <object_component id="oc-1cb">
         <name>.text:dclose</name>
         <load_address>0x32c4</load_address>
         <run_address>0x32c4</run_address>
         <size>0x1c</size>
         <input_file_ref idref="fl-3"/>
      </object_component>
      <object_component id="oc-46">
         <name>.text:decompress:ZI:__TI_zero_init_nomemset:__TI_zero_init_nomemset</name>
         <load_address>0x32e0</load_address>
         <run_address>0x32e0</run_address>
         <size>0x1c</size>
         <input_file_ref idref="fl-d8"/>
      </object_component>
      <object_component id="oc-3c4">
         <name>.text:free_list_remove</name>
         <load_address>0x32fc</load_address>
         <run_address>0x32fc</run_address>
         <size>0x1c</size>
         <input_file_ref idref="fl-e3"/>
      </object_component>
      <object_component id="oc-202">
         <name>.text:memccpy</name>
         <load_address>0x3318</load_address>
         <run_address>0x3318</run_address>
         <size>0x1c</size>
         <input_file_ref idref="fl-e1"/>
      </object_component>
      <object_component id="oc-40d">
         <name>.text:copysign</name>
         <load_address>0x3334</load_address>
         <run_address>0x3334</run_address>
         <size>0x1a</size>
         <input_file_ref idref="fl-106"/>
      </object_component>
      <object_component id="oc-36e">
         <name>.text:strcmp</name>
         <load_address>0x334e</load_address>
         <run_address>0x334e</run_address>
         <size>0x18</size>
         <input_file_ref idref="fl-f9"/>
      </object_component>
      <object_component id="oc-31b">
         <name>.text:strchr</name>
         <load_address>0x3366</load_address>
         <run_address>0x3366</run_address>
         <size>0x16</size>
         <input_file_ref idref="fl-e5"/>
      </object_component>
      <object_component id="oc-45d">
         <name>.text:strcpy</name>
         <load_address>0x337c</load_address>
         <run_address>0x337c</run_address>
         <size>0x14</size>
         <input_file_ref idref="fl-107"/>
      </object_component>
      <object_component id="oc-1d3">
         <name>.text:strlen</name>
         <load_address>0x3390</load_address>
         <run_address>0x3390</run_address>
         <size>0x14</size>
         <input_file_ref idref="fl-e6"/>
      </object_component>
      <object_component id="oc-1b3">
         <name>.text:dlseek</name>
         <load_address>0x33a4</load_address>
         <run_address>0x33a4</run_address>
         <size>0x12</size>
         <input_file_ref idref="fl-3"/>
      </object_component>
      <object_component id="oc-208">
         <name>.text:wcslen</name>
         <load_address>0x33b6</load_address>
         <run_address>0x33b6</run_address>
         <size>0x12</size>
         <input_file_ref idref="fl-ed"/>
      </object_component>
      <object_component id="oc-1bf">
         <name>.text:drename</name>
         <load_address>0x33c8</load_address>
         <run_address>0x33c8</run_address>
         <size>0x10</size>
         <input_file_ref idref="fl-3"/>
      </object_component>
      <object_component id="oc-1d">
         <name>.text:decompress:none:__TI_decompress_none</name>
         <load_address>0x33d8</load_address>
         <run_address>0x33d8</run_address>
         <size>0xe</size>
         <input_file_ref idref="fl-d9"/>
      </object_component>
      <object_component id="oc-1b9">
         <name>.text:dunlink</name>
         <load_address>0x33e6</load_address>
         <run_address>0x33e6</run_address>
         <size>0xe</size>
         <input_file_ref idref="fl-3"/>
      </object_component>
      <object_component id="oc-6a">
         <name>.text:Reset_Handler</name>
         <load_address>0x33f4</load_address>
         <run_address>0x33f4</run_address>
         <size>0xc</size>
         <input_file_ref idref="fl-4"/>
      </object_component>
      <object_component id="oc-dd">
         <name>.text:SysInit</name>
         <load_address>0x3400</load_address>
         <run_address>0x3400</run_address>
         <size>0x8</size>
         <input_file_ref idref="fl-3"/>
      </object_component>
      <object_component id="oc-20e">
         <name>.text:__aeabi_errno_addr</name>
         <load_address>0x3408</load_address>
         <run_address>0x3408</run_address>
         <size>0x8</size>
         <input_file_ref idref="fl-ec"/>
      </object_component>
      <object_component id="oc-282">
         <name>.text:malloc</name>
         <load_address>0x3410</load_address>
         <run_address>0x3410</run_address>
         <size>0x8</size>
         <input_file_ref idref="fl-e3"/>
      </object_component>
      <object_component id="oc-156">
         <name>.text:_outc</name>
         <load_address>0x3418</load_address>
         <run_address>0x3418</run_address>
         <size>0x4</size>
         <input_file_ref idref="fl-c8"/>
      </object_component>
      <object_component id="oc-150">
         <name>.text:_outs</name>
         <load_address>0x341c</load_address>
         <run_address>0x341c</run_address>
         <size>0x4</size>
         <input_file_ref idref="fl-c8"/>
      </object_component>
      <object_component id="oc-9a">
         <name>.text:_system_pre_init</name>
         <load_address>0x3420</load_address>
         <run_address>0x3420</run_address>
         <size>0x4</size>
         <input_file_ref idref="fl-f6"/>
      </object_component>
      <object_component id="oc-f9">
         <name>.text:abort:abort</name>
         <load_address>0x3424</load_address>
         <run_address>0x3424</run_address>
         <size>0x4</size>
         <input_file_ref idref="fl-db"/>
      </object_component>
      <object_component id="oc-2c4">
         <name>.const:.string:_ctypes_</name>
         <load_address>0x3428</load_address>
         <run_address>0x3428</run_address>
         <size>0x101</size>
         <input_file_ref idref="fl-df"/>
      </object_component>
      <object_component id="oc-2ac">
         <name>.const:$P$T1$2</name>
         <load_address>0x352c</load_address>
         <run_address>0x352c</run_address>
         <size>0x28</size>
         <input_file_ref idref="fl-3"/>
      </object_component>
      <object_component id="oc-1a4">
         <name>.const:.string:$P$T0$1</name>
         <load_address>0x3554</load_address>
         <run_address>0x3554</run_address>
         <size>0x5</size>
         <input_file_ref idref="fl-3"/>
      </object_component>
      <object_component id="oc-52b">
         <name>.cinit..data.load</name>
         <load_address>0x3560</load_address>
         <run_address>0x3560</run_address>
         <size>0x82</size>
      </object_component>
      <object_component id="oc-529">
         <name>__TI_handler_table</name>
         <load_address>0x35e4</load_address>
         <run_address>0x35e4</run_address>
         <size>0xc</size>
      </object_component>
      <object_component id="oc-52c">
         <name>.cinit..bss.load</name>
         <load_address>0x35f0</load_address>
         <run_address>0x35f0</run_address>
         <size>0x8</size>
      </object_component>
      <object_component id="oc-52a">
         <name>__TI_cinit_table</name>
         <load_address>0x35f8</load_address>
         <run_address>0x35f8</run_address>
         <size>0x10</size>
      </object_component>
      <object_component id="oc-4fd">
         <name>.binit</name>
         <load_address>0x0</load_address>
         <run_address>0x0</run_address>
         <size>0x0</size>
      </object_component>
      <object_component id="oc-ef">
         <name>.data:array1</name>
         <load_address>0x200005b8</load_address>
         <run_address>0x200005b8</run_address>
         <size>0x28</size>
         <input_file_ref idref="fl-2"/>
      </object_component>
      <object_component id="oc-176">
         <name>.data:$O1$$</name>
         <load_address>0x200005f0</load_address>
         <run_address>0x200005f0</run_address>
         <size>0xc</size>
         <input_file_ref idref="fl-db"/>
      </object_component>
      <object_component id="oc-14a">
         <name>.data:$O1$$</name>
         <load_address>0x200005fc</load_address>
         <run_address>0x200005fc</run_address>
         <size>0x8</size>
         <input_file_ref idref="fl-dc"/>
      </object_component>
      <object_component id="oc-14d">
         <name>.data:_ftable</name>
         <load_address>0x20000400</load_address>
         <run_address>0x20000400</run_address>
         <size>0xf0</size>
         <input_file_ref idref="fl-e0"/>
      </object_component>
      <object_component id="oc-3d8">
         <name>.data</name>
         <load_address>0x200005e0</load_address>
         <run_address>0x200005e0</run_address>
         <size>0x10</size>
         <input_file_ref idref="fl-e0"/>
      </object_component>
      <object_component id="oc-47b">
         <name>.data:$O1$$</name>
         <load_address>0x20000604</load_address>
         <run_address>0x20000604</run_address>
         <size>0x8</size>
         <input_file_ref idref="fl-e3"/>
      </object_component>
      <object_component id="oc-163">
         <name>.data</name>
         <load_address>0x20000618</load_address>
         <run_address>0x20000618</run_address>
         <size>0x4</size>
         <input_file_ref idref="fl-e4"/>
      </object_component>
      <object_component id="oc-269">
         <name>.data:_device</name>
         <load_address>0x200004f0</load_address>
         <run_address>0x200004f0</run_address>
         <size>0x78</size>
         <input_file_ref idref="fl-e9"/>
      </object_component>
      <object_component id="oc-434">
         <name>.data:_stream</name>
         <load_address>0x20000568</load_address>
         <run_address>0x20000568</run_address>
         <size>0x50</size>
         <input_file_ref idref="fl-e9"/>
      </object_component>
      <object_component id="oc-478">
         <name>.data</name>
         <load_address>0x20000614</load_address>
         <run_address>0x20000614</run_address>
         <size>0x4</size>
         <input_file_ref idref="fl-ea"/>
      </object_component>
      <object_component id="oc-268">
         <name>.data</name>
         <load_address>0x2000060c</load_address>
         <run_address>0x2000060c</run_address>
         <size>0x4</size>
         <input_file_ref idref="fl-eb"/>
      </object_component>
      <object_component id="oc-32b">
         <name>.data</name>
         <load_address>0x20000610</load_address>
         <run_address>0x20000610</run_address>
         <size>0x4</size>
         <input_file_ref idref="fl-ec"/>
      </object_component>
      <object_component id="oc-4c9">
         <name>.bss:_CIOBUF_</name>
         <uninitialized>true</uninitialized>
         <run_address>0x2000061c</run_address>
         <size>0x120</size>
         <input_file_ref idref="fl-102"/>
      </object_component>
      <object_component id="oc-3b8">
         <name>.common:__TI_tmpnams</name>
         <uninitialized>true</uninitialized>
         <run_address>0x2000073c</run_address>
         <size>0xa0</size>
      </object_component>
      <object_component id="oc-44f">
         <name>.common:parmbuf</name>
         <uninitialized>true</uninitialized>
         <run_address>0x200007dc</run_address>
         <size>0x8</size>
      </object_component>
      <object_component id="oc-29">
         <name>.sysmem</name>
         <uninitialized>true</uninitialized>
         <run_address>0x20000000</run_address>
         <size>0x10</size>
         <input_file_ref idref="fl-e3"/>
      </object_component>
      <object_component id="oc-52f">
         <name>.sysmem</name>
         <uninitialized>true</uninitialized>
         <run_address>0x20000000</run_address>
         <size>0x0</size>
      </object_component>
      <object_component id="oc-2c">
         <name>.stack</name>
         <uninitialized>true</uninitialized>
         <run_address>0x2000fc00</run_address>
         <size>0x4</size>
         <input_file_ref idref="fl-e7"/>
      </object_component>
      <object_component id="oc-52e">
         <name>.stack</name>
         <uninitialized>true</uninitialized>
         <run_address>0x2000fc00</run_address>
         <size>0x0</size>
      </object_component>
      <object_component id="oc-f3">
         <name>.debug_info</name>
         <load_address>0x0</load_address>
         <run_address>0x0</run_address>
         <size>0x5bf</size>
         <input_file_ref idref="fl-2"/>
      </object_component>
      <object_component id="oc-f0">
         <name>.debug_info</name>
         <load_address>0x5bf</load_address>
         <run_address>0x5bf</run_address>
         <size>0xd7</size>
         <input_file_ref idref="fl-2"/>
      </object_component>
      <object_component id="oc-a1">
         <name>.debug_info</name>
         <load_address>0x696</load_address>
         <run_address>0x696</run_address>
         <size>0x21f</size>
         <input_file_ref idref="fl-2"/>
      </object_component>
      <object_component id="oc-bc">
         <name>.debug_info</name>
         <load_address>0x8b5</load_address>
         <run_address>0x8b5</run_address>
         <size>0x26b</size>
         <input_file_ref idref="fl-2"/>
      </object_component>
      <object_component id="oc-170">
         <name>.debug_info</name>
         <load_address>0xb20</load_address>
         <run_address>0xb20</run_address>
         <size>0x1028</size>
         <input_file_ref idref="fl-2"/>
      </object_component>
      <object_component id="oc-16b">
         <name>.debug_info</name>
         <load_address>0x1b48</load_address>
         <run_address>0x1b48</run_address>
         <size>0x37e2</size>
         <input_file_ref idref="fl-2"/>
      </object_component>
      <object_component id="oc-35">
         <name>.debug_info</name>
         <load_address>0x532a</load_address>
         <run_address>0x532a</run_address>
         <size>0x84</size>
         <input_file_ref idref="fl-2"/>
      </object_component>
      <object_component id="oc-138">
         <name>.debug_info</name>
         <load_address>0x53ae</load_address>
         <run_address>0x53ae</run_address>
         <size>0x2a4</size>
         <input_file_ref idref="fl-2"/>
      </object_component>
      <object_component id="oc-3e8">
         <name>.debug_info</name>
         <load_address>0x5652</load_address>
         <run_address>0x5652</run_address>
         <size>0xef</size>
         <input_file_ref idref="fl-2"/>
      </object_component>
      <object_component id="oc-f4">
         <name>.debug_info</name>
         <load_address>0x5741</load_address>
         <run_address>0x5741</run_address>
         <size>0xbb</size>
         <input_file_ref idref="fl-2"/>
      </object_component>
      <object_component id="oc-2bd">
         <name>.debug_info</name>
         <load_address>0x57fc</load_address>
         <run_address>0x57fc</run_address>
         <size>0xcc</size>
         <input_file_ref idref="fl-2"/>
      </object_component>
      <object_component id="oc-29f">
         <name>.debug_info</name>
         <load_address>0x58c8</load_address>
         <run_address>0x58c8</run_address>
         <size>0x2c</size>
         <input_file_ref idref="fl-2"/>
      </object_component>
      <object_component id="oc-15e">
         <name>.debug_info</name>
         <load_address>0x58f4</load_address>
         <run_address>0x58f4</run_address>
         <size>0x2c</size>
         <input_file_ref idref="fl-2"/>
      </object_component>
      <object_component id="oc-2b0">
         <name>.debug_info</name>
         <load_address>0x5920</load_address>
         <run_address>0x5920</run_address>
         <size>0x102</size>
         <input_file_ref idref="fl-2"/>
      </object_component>
      <object_component id="oc-1d2">
         <name>.debug_info</name>
         <load_address>0x5a22</load_address>
         <run_address>0x5a22</run_address>
         <size>0x77a</size>
         <input_file_ref idref="fl-3"/>
      </object_component>
      <object_component id="oc-1a5">
         <name>.debug_info</name>
         <load_address>0x619c</load_address>
         <run_address>0x619c</run_address>
         <size>0xe7</size>
         <input_file_ref idref="fl-3"/>
      </object_component>
      <object_component id="oc-2ad">
         <name>.debug_info</name>
         <load_address>0x6283</load_address>
         <run_address>0x6283</run_address>
         <size>0xe7</size>
         <input_file_ref idref="fl-3"/>
      </object_component>
      <object_component id="oc-de">
         <name>.debug_info</name>
         <load_address>0x636a</load_address>
         <run_address>0x636a</run_address>
         <size>0x144</size>
         <input_file_ref idref="fl-3"/>
      </object_component>
      <object_component id="oc-13e">
         <name>.debug_info</name>
         <load_address>0x64ae</load_address>
         <run_address>0x64ae</run_address>
         <size>0x195</size>
         <input_file_ref idref="fl-3"/>
      </object_component>
      <object_component id="oc-1c6">
         <name>.debug_info</name>
         <load_address>0x6643</load_address>
         <run_address>0x6643</run_address>
         <size>0x1db</size>
         <input_file_ref idref="fl-3"/>
      </object_component>
      <object_component id="oc-1cc">
         <name>.debug_info</name>
         <load_address>0x681e</load_address>
         <run_address>0x681e</run_address>
         <size>0x164</size>
         <input_file_ref idref="fl-3"/>
      </object_component>
      <object_component id="oc-1a9">
         <name>.debug_info</name>
         <load_address>0x6982</load_address>
         <run_address>0x6982</run_address>
         <size>0x1b4</size>
         <input_file_ref idref="fl-3"/>
      </object_component>
      <object_component id="oc-1ae">
         <name>.debug_info</name>
         <load_address>0x6b36</load_address>
         <run_address>0x6b36</run_address>
         <size>0x1b6</size>
         <input_file_ref idref="fl-3"/>
      </object_component>
      <object_component id="oc-1b4">
         <name>.debug_info</name>
         <load_address>0x6cec</load_address>
         <run_address>0x6cec</run_address>
         <size>0x1b3</size>
         <input_file_ref idref="fl-3"/>
      </object_component>
      <object_component id="oc-1ba">
         <name>.debug_info</name>
         <load_address>0x6e9f</load_address>
         <run_address>0x6e9f</run_address>
         <size>0x157</size>
         <input_file_ref idref="fl-3"/>
      </object_component>
      <object_component id="oc-1c1">
         <name>.debug_info</name>
         <load_address>0x6ff6</load_address>
         <run_address>0x6ff6</run_address>
         <size>0x19a</size>
         <input_file_ref idref="fl-3"/>
      </object_component>
      <object_component id="oc-2b8">
         <name>.debug_info</name>
         <load_address>0x7190</load_address>
         <run_address>0x7190</run_address>
         <size>0x37e2</size>
         <input_file_ref idref="fl-3"/>
      </object_component>
      <object_component id="oc-298">
         <name>.debug_info</name>
         <load_address>0xa972</load_address>
         <run_address>0xa972</run_address>
         <size>0x8b</size>
         <input_file_ref idref="fl-3"/>
      </object_component>
      <object_component id="oc-78">
         <name>.debug_info</name>
         <load_address>0xa9fd</load_address>
         <run_address>0xa9fd</run_address>
         <size>0x2d6</size>
         <input_file_ref idref="fl-4"/>
      </object_component>
      <object_component id="oc-27">
         <name>.debug_info</name>
         <load_address>0xacd3</load_address>
         <run_address>0xacd3</run_address>
         <size>0x102</size>
         <input_file_ref idref="fl-4"/>
      </object_component>
      <object_component id="oc-6d">
         <name>.debug_info</name>
         <load_address>0xadd5</load_address>
         <run_address>0xadd5</run_address>
         <size>0x165</size>
         <input_file_ref idref="fl-4"/>
      </object_component>
      <object_component id="oc-71">
         <name>.debug_info</name>
         <load_address>0xaf3a</load_address>
         <run_address>0xaf3a</run_address>
         <size>0x14d</size>
         <input_file_ref idref="fl-4"/>
      </object_component>
      <object_component id="oc-b6">
         <name>.debug_info</name>
         <load_address>0xb087</load_address>
         <run_address>0xb087</run_address>
         <size>0x142</size>
         <input_file_ref idref="fl-5"/>
      </object_component>
      <object_component id="oc-3e5">
         <name>.debug_info</name>
         <load_address>0xb1c9</load_address>
         <run_address>0xb1c9</run_address>
         <size>0x6eb</size>
         <input_file_ref idref="fl-10"/>
      </object_component>
      <object_component id="oc-2a7">
         <name>.debug_info</name>
         <load_address>0xb8b4</load_address>
         <run_address>0xb8b4</run_address>
         <size>0x234</size>
         <input_file_ref idref="fl-10"/>
      </object_component>
      <object_component id="oc-492">
         <name>.debug_info</name>
         <load_address>0xbae8</load_address>
         <run_address>0xbae8</run_address>
         <size>0x431a</size>
         <input_file_ref idref="fl-10"/>
      </object_component>
      <object_component id="oc-49c">
         <name>.debug_info</name>
         <load_address>0xfe02</load_address>
         <run_address>0xfe02</run_address>
         <size>0x26b</size>
         <input_file_ref idref="fl-10"/>
      </object_component>
      <object_component id="oc-497">
         <name>.debug_info</name>
         <load_address>0x1006d</load_address>
         <run_address>0x1006d</run_address>
         <size>0x1028</size>
         <input_file_ref idref="fl-10"/>
      </object_component>
      <object_component id="oc-48b">
         <name>.debug_info</name>
         <load_address>0x11095</load_address>
         <run_address>0x11095</run_address>
         <size>0x297</size>
         <input_file_ref idref="fl-10"/>
      </object_component>
      <object_component id="oc-4e9">
         <name>.debug_info</name>
         <load_address>0x1132c</load_address>
         <run_address>0x1132c</run_address>
         <size>0xef</size>
         <input_file_ref idref="fl-10"/>
      </object_component>
      <object_component id="oc-3e0">
         <name>.debug_info</name>
         <load_address>0x1141b</load_address>
         <run_address>0x1141b</run_address>
         <size>0xbb</size>
         <input_file_ref idref="fl-10"/>
      </object_component>
      <object_component id="oc-4a1">
         <name>.debug_info</name>
         <load_address>0x114d6</load_address>
         <run_address>0x114d6</run_address>
         <size>0x102</size>
         <input_file_ref idref="fl-10"/>
      </object_component>
      <object_component id="oc-15d">
         <name>.debug_info</name>
         <load_address>0x115d8</load_address>
         <run_address>0x115d8</run_address>
         <size>0x3e5</size>
         <input_file_ref idref="fl-c8"/>
      </object_component>
      <object_component id="oc-159">
         <name>.debug_info</name>
         <load_address>0x119bd</load_address>
         <run_address>0x119bd</run_address>
         <size>0x157</size>
         <input_file_ref idref="fl-c8"/>
      </object_component>
      <object_component id="oc-154">
         <name>.debug_info</name>
         <load_address>0x11b14</load_address>
         <run_address>0x11b14</run_address>
         <size>0x166</size>
         <input_file_ref idref="fl-c8"/>
      </object_component>
      <object_component id="oc-e7">
         <name>.debug_info</name>
         <load_address>0x11c7a</load_address>
         <run_address>0x11c7a</run_address>
         <size>0x1ac</size>
         <input_file_ref idref="fl-c8"/>
      </object_component>
      <object_component id="oc-23e">
         <name>.debug_info</name>
         <load_address>0x11e26</load_address>
         <run_address>0x11e26</run_address>
         <size>0xb2</size>
         <input_file_ref idref="fl-c8"/>
      </object_component>
      <object_component id="oc-215">
         <name>.debug_info</name>
         <load_address>0x11ed8</load_address>
         <run_address>0x11ed8</run_address>
         <size>0x590</size>
         <input_file_ref idref="fl-c9"/>
      </object_component>
      <object_component id="oc-1e0">
         <name>.debug_info</name>
         <load_address>0x12468</load_address>
         <run_address>0x12468</run_address>
         <size>0x21e</size>
         <input_file_ref idref="fl-c9"/>
      </object_component>
      <object_component id="oc-2f6">
         <name>.debug_info</name>
         <load_address>0x12686</load_address>
         <run_address>0x12686</run_address>
         <size>0x1b3</size>
         <input_file_ref idref="fl-c9"/>
      </object_component>
      <object_component id="oc-2fb">
         <name>.debug_info</name>
         <load_address>0x12839</load_address>
         <run_address>0x12839</run_address>
         <size>0x21b</size>
         <input_file_ref idref="fl-c9"/>
      </object_component>
      <object_component id="oc-1eb">
         <name>.debug_info</name>
         <load_address>0x12a54</load_address>
         <run_address>0x12a54</run_address>
         <size>0x3c0</size>
         <input_file_ref idref="fl-c9"/>
      </object_component>
      <object_component id="oc-303">
         <name>.debug_info</name>
         <load_address>0x12e14</load_address>
         <run_address>0x12e14</run_address>
         <size>0x30a</size>
         <input_file_ref idref="fl-c9"/>
      </object_component>
      <object_component id="oc-308">
         <name>.debug_info</name>
         <load_address>0x1311e</load_address>
         <run_address>0x1311e</run_address>
         <size>0x215</size>
         <input_file_ref idref="fl-c9"/>
      </object_component>
      <object_component id="oc-1f1">
         <name>.debug_info</name>
         <load_address>0x13333</load_address>
         <run_address>0x13333</run_address>
         <size>0x215</size>
         <input_file_ref idref="fl-c9"/>
      </object_component>
      <object_component id="oc-1f8">
         <name>.debug_info</name>
         <load_address>0x13548</load_address>
         <run_address>0x13548</run_address>
         <size>0x304</size>
         <input_file_ref idref="fl-c9"/>
      </object_component>
      <object_component id="oc-1fd">
         <name>.debug_info</name>
         <load_address>0x1384c</load_address>
         <run_address>0x1384c</run_address>
         <size>0x4b5</size>
         <input_file_ref idref="fl-c9"/>
      </object_component>
      <object_component id="oc-145">
         <name>.debug_info</name>
         <load_address>0x13d01</load_address>
         <run_address>0x13d01</run_address>
         <size>0x5f4</size>
         <input_file_ref idref="fl-c9"/>
      </object_component>
      <object_component id="oc-216">
         <name>.debug_info</name>
         <load_address>0x142f5</load_address>
         <run_address>0x142f5</run_address>
         <size>0x86</size>
         <input_file_ref idref="fl-c9"/>
      </object_component>
      <object_component id="oc-337">
         <name>.debug_info</name>
         <load_address>0x1437b</load_address>
         <run_address>0x1437b</run_address>
         <size>0x39</size>
         <input_file_ref idref="fl-c9"/>
      </object_component>
      <object_component id="oc-424">
         <name>.debug_info</name>
         <load_address>0x143b4</load_address>
         <run_address>0x143b4</run_address>
         <size>0xb6</size>
         <input_file_ref idref="fl-c9"/>
      </object_component>
      <object_component id="oc-33c">
         <name>.debug_info</name>
         <load_address>0x1446a</load_address>
         <run_address>0x1446a</run_address>
         <size>0x46</size>
         <input_file_ref idref="fl-c9"/>
      </object_component>
      <object_component id="oc-21b">
         <name>.debug_info</name>
         <load_address>0x144b0</load_address>
         <run_address>0x144b0</run_address>
         <size>0x46</size>
         <input_file_ref idref="fl-c9"/>
      </object_component>
      <object_component id="oc-332">
         <name>.debug_info</name>
         <load_address>0x144f6</load_address>
         <run_address>0x144f6</run_address>
         <size>0x2c</size>
         <input_file_ref idref="fl-c9"/>
      </object_component>
      <object_component id="oc-27b">
         <name>.debug_info</name>
         <load_address>0x14522</load_address>
         <run_address>0x14522</run_address>
         <size>0x3f5</size>
         <input_file_ref idref="fl-ca"/>
      </object_component>
      <object_component id="oc-277">
         <name>.debug_info</name>
         <load_address>0x14917</load_address>
         <run_address>0x14917</run_address>
         <size>0x20e</size>
         <input_file_ref idref="fl-ca"/>
      </object_component>
      <object_component id="oc-28b">
         <name>.debug_info</name>
         <load_address>0x14b25</load_address>
         <run_address>0x14b25</run_address>
         <size>0x176</size>
         <input_file_ref idref="fl-ca"/>
      </object_component>
      <object_component id="oc-19b">
         <name>.debug_info</name>
         <load_address>0x14c9b</load_address>
         <run_address>0x14c9b</run_address>
         <size>0x1e4</size>
         <input_file_ref idref="fl-ca"/>
      </object_component>
      <object_component id="oc-c3">
         <name>.debug_info</name>
         <load_address>0x14e7f</load_address>
         <run_address>0x14e7f</run_address>
         <size>0x2c</size>
         <input_file_ref idref="fl-ca"/>
      </object_component>
      <object_component id="oc-361">
         <name>.debug_info</name>
         <load_address>0x14eab</load_address>
         <run_address>0x14eab</run_address>
         <size>0x383</size>
         <input_file_ref idref="fl-cb"/>
      </object_component>
      <object_component id="oc-237">
         <name>.debug_info</name>
         <load_address>0x1522e</load_address>
         <run_address>0x1522e</run_address>
         <size>0x1ea</size>
         <input_file_ref idref="fl-cb"/>
      </object_component>
      <object_component id="oc-35f">
         <name>.debug_info</name>
         <load_address>0x15418</load_address>
         <run_address>0x15418</run_address>
         <size>0x3fc</size>
         <input_file_ref idref="fl-cc"/>
      </object_component>
      <object_component id="oc-22f">
         <name>.debug_info</name>
         <load_address>0x15814</load_address>
         <run_address>0x15814</run_address>
         <size>0x2e2</size>
         <input_file_ref idref="fl-cc"/>
      </object_component>
      <object_component id="oc-d4">
         <name>.debug_info</name>
         <load_address>0x15af6</load_address>
         <run_address>0x15af6</run_address>
         <size>0x2c</size>
         <input_file_ref idref="fl-cc"/>
      </object_component>
      <object_component id="oc-3de">
         <name>.debug_info</name>
         <load_address>0x15b22</load_address>
         <run_address>0x15b22</run_address>
         <size>0x300</size>
         <input_file_ref idref="fl-cd"/>
      </object_component>
      <object_component id="oc-349">
         <name>.debug_info</name>
         <load_address>0x15e22</load_address>
         <run_address>0x15e22</run_address>
         <size>0x19c</size>
         <input_file_ref idref="fl-cd"/>
      </object_component>
      <object_component id="oc-290">
         <name>.debug_info</name>
         <load_address>0x15fbe</load_address>
         <run_address>0x15fbe</run_address>
         <size>0xbf</size>
         <input_file_ref idref="fl-cd"/>
      </object_component>
      <object_component id="oc-28f">
         <name>.debug_info</name>
         <load_address>0x1607d</load_address>
         <run_address>0x1607d</run_address>
         <size>0x374</size>
         <input_file_ref idref="fl-ce"/>
      </object_component>
      <object_component id="oc-1a0">
         <name>.debug_info</name>
         <load_address>0x163f1</load_address>
         <run_address>0x163f1</run_address>
         <size>0x20b</size>
         <input_file_ref idref="fl-ce"/>
      </object_component>
      <object_component id="oc-2f0">
         <name>.debug_info</name>
         <load_address>0x165fc</load_address>
         <run_address>0x165fc</run_address>
         <size>0x14c</size>
         <input_file_ref idref="fl-cf"/>
      </object_component>
      <object_component id="oc-1e6">
         <name>.debug_info</name>
         <load_address>0x16748</load_address>
         <run_address>0x16748</run_address>
         <size>0x128</size>
         <input_file_ref idref="fl-d0"/>
      </object_component>
      <object_component id="oc-2db">
         <name>.debug_info</name>
         <load_address>0x16870</load_address>
         <run_address>0x16870</run_address>
         <size>0x12a</size>
         <input_file_ref idref="fl-d0"/>
      </object_component>
      <object_component id="oc-2d8">
         <name>.debug_info</name>
         <load_address>0x1699a</load_address>
         <run_address>0x1699a</run_address>
         <size>0x13a</size>
         <input_file_ref idref="fl-d1"/>
      </object_component>
      <object_component id="oc-2d3">
         <name>.debug_info</name>
         <load_address>0x16ad4</load_address>
         <run_address>0x16ad4</run_address>
         <size>0x13a</size>
         <input_file_ref idref="fl-d2"/>
      </object_component>
      <object_component id="oc-2e1">
         <name>.debug_info</name>
         <load_address>0x16c0e</load_address>
         <run_address>0x16c0e</run_address>
         <size>0x12e</size>
         <input_file_ref idref="fl-d3"/>
      </object_component>
      <object_component id="oc-2eb">
         <name>.debug_info</name>
         <load_address>0x16d3c</load_address>
         <run_address>0x16d3c</run_address>
         <size>0x12c</size>
         <input_file_ref idref="fl-d4"/>
      </object_component>
      <object_component id="oc-3d">
         <name>.debug_info</name>
         <load_address>0x16e68</load_address>
         <run_address>0x16e68</run_address>
         <size>0x119</size>
         <input_file_ref idref="fl-d5"/>
      </object_component>
      <object_component id="oc-95">
         <name>.debug_info</name>
         <load_address>0x16f81</load_address>
         <run_address>0x16f81</run_address>
         <size>0x147</size>
         <input_file_ref idref="fl-d6"/>
      </object_component>
      <object_component id="oc-2ca">
         <name>.debug_info</name>
         <load_address>0x170c8</load_address>
         <run_address>0x170c8</run_address>
         <size>0x134</size>
         <input_file_ref idref="fl-d7"/>
      </object_component>
      <object_component id="oc-93">
         <name>.debug_info</name>
         <load_address>0x171fc</load_address>
         <run_address>0x171fc</run_address>
         <size>0x2d4</size>
         <input_file_ref idref="fl-d8"/>
      </object_component>
      <object_component id="oc-47">
         <name>.debug_info</name>
         <load_address>0x174d0</load_address>
         <run_address>0x174d0</run_address>
         <size>0x1d2</size>
         <input_file_ref idref="fl-d8"/>
      </object_component>
      <object_component id="oc-8e">
         <name>.debug_info</name>
         <load_address>0x176a2</load_address>
         <run_address>0x176a2</run_address>
         <size>0x46</size>
         <input_file_ref idref="fl-d8"/>
      </object_component>
      <object_component id="oc-45">
         <name>.debug_info</name>
         <load_address>0x176e8</load_address>
         <run_address>0x176e8</run_address>
         <size>0x2a8</size>
         <input_file_ref idref="fl-d9"/>
      </object_component>
      <object_component id="oc-1e">
         <name>.debug_info</name>
         <load_address>0x17990</load_address>
         <run_address>0x17990</run_address>
         <size>0x1ea</size>
         <input_file_ref idref="fl-d9"/>
      </object_component>
      <object_component id="oc-40">
         <name>.debug_info</name>
         <load_address>0x17b7a</load_address>
         <run_address>0x17b7a</run_address>
         <size>0x46</size>
         <input_file_ref idref="fl-d9"/>
      </object_component>
      <object_component id="oc-86">
         <name>.debug_info</name>
         <load_address>0x17bc0</load_address>
         <run_address>0x17bc0</run_address>
         <size>0x2c</size>
         <input_file_ref idref="fl-d9"/>
      </object_component>
      <object_component id="oc-84">
         <name>.debug_info</name>
         <load_address>0x17bec</load_address>
         <run_address>0x17bec</run_address>
         <size>0x29e</size>
         <input_file_ref idref="fl-da"/>
      </object_component>
      <object_component id="oc-18">
         <name>.debug_info</name>
         <load_address>0x17e8a</load_address>
         <run_address>0x17e8a</run_address>
         <size>0x250</size>
         <input_file_ref idref="fl-da"/>
      </object_component>
      <object_component id="oc-30">
         <name>.debug_info</name>
         <load_address>0x180da</load_address>
         <run_address>0x180da</run_address>
         <size>0x60</size>
         <input_file_ref idref="fl-da"/>
      </object_component>
      <object_component id="oc-cd">
         <name>.debug_info</name>
         <load_address>0x1813a</load_address>
         <run_address>0x1813a</run_address>
         <size>0x46</size>
         <input_file_ref idref="fl-da"/>
      </object_component>
      <object_component id="oc-7f">
         <name>.debug_info</name>
         <load_address>0x18180</load_address>
         <run_address>0x18180</run_address>
         <size>0x39</size>
         <input_file_ref idref="fl-da"/>
      </object_component>
      <object_component id="oc-17a">
         <name>.debug_info</name>
         <load_address>0x181b9</load_address>
         <run_address>0x181b9</run_address>
         <size>0x3ad</size>
         <input_file_ref idref="fl-db"/>
      </object_component>
      <object_component id="oc-177">
         <name>.debug_info</name>
         <load_address>0x18566</load_address>
         <run_address>0x18566</run_address>
         <size>0x190</size>
         <input_file_ref idref="fl-db"/>
      </object_component>
      <object_component id="oc-fc">
         <name>.debug_info</name>
         <load_address>0x186f6</load_address>
         <run_address>0x186f6</run_address>
         <size>0x122</size>
         <input_file_ref idref="fl-db"/>
      </object_component>
      <object_component id="oc-101">
         <name>.debug_info</name>
         <load_address>0x18818</load_address>
         <run_address>0x18818</run_address>
         <size>0x184</size>
         <input_file_ref idref="fl-db"/>
      </object_component>
      <object_component id="oc-228">
         <name>.debug_info</name>
         <load_address>0x1899c</load_address>
         <run_address>0x1899c</run_address>
         <size>0x2c9</size>
         <input_file_ref idref="fl-dc"/>
      </object_component>
      <object_component id="oc-14b">
         <name>.debug_info</name>
         <load_address>0x18c65</load_address>
         <run_address>0x18c65</run_address>
         <size>0x11e</size>
         <input_file_ref idref="fl-dc"/>
      </object_component>
      <object_component id="oc-222">
         <name>.debug_info</name>
         <load_address>0x18d83</load_address>
         <run_address>0x18d83</run_address>
         <size>0x12e</size>
         <input_file_ref idref="fl-dc"/>
      </object_component>
      <object_component id="oc-3ff">
         <name>.debug_info</name>
         <load_address>0x18eb1</load_address>
         <run_address>0x18eb1</run_address>
         <size>0x29c</size>
         <input_file_ref idref="fl-dd"/>
      </object_component>
      <object_component id="oc-2e5">
         <name>.debug_info</name>
         <load_address>0x1914d</load_address>
         <run_address>0x1914d</run_address>
         <size>0x1da</size>
         <input_file_ref idref="fl-dd"/>
      </object_component>
      <object_component id="oc-2c8">
         <name>.debug_info</name>
         <load_address>0x19327</load_address>
         <run_address>0x19327</run_address>
         <size>0x2b9</size>
         <input_file_ref idref="fl-de"/>
      </object_component>
      <object_component id="oc-1da">
         <name>.debug_info</name>
         <load_address>0x195e0</load_address>
         <run_address>0x195e0</run_address>
         <size>0x17c</size>
         <input_file_ref idref="fl-de"/>
      </object_component>
      <object_component id="oc-3f1">
         <name>.debug_info</name>
         <load_address>0x1975c</load_address>
         <run_address>0x1975c</run_address>
         <size>0xf9</size>
         <input_file_ref idref="fl-df"/>
      </object_component>
      <object_component id="oc-2c5">
         <name>.debug_info</name>
         <load_address>0x19855</load_address>
         <run_address>0x19855</run_address>
         <size>0x105</size>
         <input_file_ref idref="fl-df"/>
      </object_component>
      <object_component id="oc-22c">
         <name>.debug_info</name>
         <load_address>0x1995a</load_address>
         <run_address>0x1995a</run_address>
         <size>0x144</size>
         <input_file_ref idref="fl-e0"/>
      </object_component>
      <object_component id="oc-14e">
         <name>.debug_info</name>
         <load_address>0x19a9e</load_address>
         <run_address>0x19a9e</run_address>
         <size>0x102</size>
         <input_file_ref idref="fl-e0"/>
      </object_component>
      <object_component id="oc-3d9">
         <name>.debug_info</name>
         <load_address>0x19ba0</load_address>
         <run_address>0x19ba0</run_address>
         <size>0x18f</size>
         <input_file_ref idref="fl-e0"/>
      </object_component>
      <object_component id="oc-323">
         <name>.debug_info</name>
         <load_address>0x19d2f</load_address>
         <run_address>0x19d2f</run_address>
         <size>0x2a7</size>
         <input_file_ref idref="fl-e1"/>
      </object_component>
      <object_component id="oc-204">
         <name>.debug_info</name>
         <load_address>0x19fd6</load_address>
         <run_address>0x19fd6</run_address>
         <size>0x1b8</size>
[...]
         <value>0x2e95</value>
         <object_component_ref idref="oc-2df"/>
      </symbol>
      <symbol id="sm-449">
         <name>__aeabi_i2d</name>
         <value>0x31d1</value>
         <object_component_ref idref="oc-2ea"/>
      </symbol>
      <symbol id="sm-464">
         <name>memcpy</name>
         <value>0x2229</value>
         <object_component_ref idref="oc-3a"/>
      </symbol>
      <symbol id="sm-465">
         <name>__aeabi_memcpy</name>
         <value>0x2229</value>
         <object_component_ref idref="oc-3a"/>
      </symbol>
      <symbol id="sm-466">
         <name>__aeabi_memcpy8</name>
         <value>0x2229</value>
         <object_component_ref idref="oc-3a"/>
      </symbol>
      <symbol id="sm-467">
         <name>__aeabi_memcpy4</name>
         <value>0x2229</value>
         <object_component_ref idref="oc-3a"/>
      </symbol>
      <symbol id="sm-476">
         <name>__aeabi_memset</name>
         <value>0x260f</value>
         <object_component_ref idref="oc-94"/>
      </symbol>
      <symbol id="sm-477">
         <name>memset</name>
         <value>0x2615</value>
         <object_component_ref idref="oc-94"/>
      </symbol>
      <symbol id="sm-478">
         <name>__aeabi_memset8</name>
         <value>0x260f</value>
         <object_component_ref idref="oc-94"/>
      </symbol>
      <symbol id="sm-479">
         <name>__aeabi_memset4</name>
         <value>0x260f</value>
         <object_component_ref idref="oc-94"/>
      </symbol>
      <symbol id="sm-47a">
         <name>__aeabi_memclr8</name>
         <value>0x260d</value>
         <object_component_ref idref="oc-94"/>
      </symbol>
      <symbol id="sm-47b">
         <name>__aeabi_memclr4</name>
         <value>0x260d</value>
         <object_component_ref idref="oc-94"/>
      </symbol>
      <symbol id="sm-47c">
         <name>__aeabi_memclr</name>
         <value>0x260d</value>
         <object_component_ref idref="oc-94"/>
      </symbol>
      <symbol id="sm-489">
         <name>__aeabi_uldivmod</name>
         <value>0x235d</value>
         <object_component_ref idref="oc-2c9"/>
      </symbol>
      <symbol id="sm-49d">
         <name>__TI_zero_init_nomemset</name>
         <value>0x32e1</value>
         <object_component_ref idref="oc-46"/>
      </symbol>
      <symbol id="sm-4b4">
         <name>__TI_decompress_none</name>
         <value>0x33d9</value>
         <object_component_ref idref="oc-1d"/>
      </symbol>
      <symbol id="sm-4d7">
         <name>__TI_decompress_lzss</name>
         <value>0x28b1</value>
         <object_component_ref idref="oc-17"/>
      </symbol>
      <symbol id="sm-4fd">
         <name>C$$EXIT</name>
         <value>0x3425</value>
         <object_component_ref idref="oc-f9"/>
      </symbol>
      <symbol id="sm-4fe">
         <name>abort</name>
         <value>0x3425</value>
         <object_component_ref idref="oc-f9"/>
      </symbol>
      <symbol id="sm-4ff">
         <name>__TI_dtors_ptr</name>
         <value>0x200005f4</value>
         <object_component_ref idref="oc-176"/>
      </symbol>
      <symbol id="sm-500">
         <name>__TI_cleanup_ptr</name>
         <value>0x200005f0</value>
         <object_component_ref idref="oc-176"/>
      </symbol>
      <symbol id="sm-501">
         <name>__TI_enable_exit_profile_output</name>
         <value>0x200005f8</value>
         <object_component_ref idref="oc-176"/>
      </symbol>
      <symbol id="sm-502">
         <name>exit</name>
         <value>0x2e4d</value>
         <object_component_ref idref="oc-ff"/>
      </symbol>
      <symbol id="sm-517">
         <name>_nop</name>
         <value>0x13bf</value>
         <object_component_ref idref="oc-220"/>
      </symbol>
      <symbol id="sm-518">
         <name>_lock</name>
         <value>0x200005fc</value>
         <object_component_ref idref="oc-14a"/>
      </symbol>
      <symbol id="sm-519">
         <name>_unlock</name>
         <value>0x20000600</value>
         <object_component_ref idref="oc-14a"/>
      </symbol>
      <symbol id="sm-528">
         <name>__TI_ltoa</name>
         <value>0x2c6f</value>
         <object_component_ref idref="oc-2e4"/>
      </symbol>
      <symbol id="sm-53e">
         <name>atoi</name>
         <value>0x2db9</value>
         <object_component_ref idref="oc-1d9"/>
      </symbol>
      <symbol id="sm-549">
         <name>_ctypes_</name>
         <value>0x3428</value>
         <object_component_ref idref="oc-2c4"/>
      </symbol>
      <symbol id="sm-55e">
         <name>__TI_tmpnams</name>
         <value>0x2000073c</value>
      </symbol>
      <symbol id="sm-55f">
         <name>__aeabi_stdout</name>
         <value>0x200005e8</value>
         <object_component_ref idref="oc-3d8"/>
      </symbol>
      <symbol id="sm-560">
         <name>__aeabi_stderr</name>
         <value>0x200005ec</value>
         <object_component_ref idref="oc-3d8"/>
      </symbol>
      <symbol id="sm-561">
         <name>__aeabi_stdin</name>
         <value>0x200005e4</value>
         <object_component_ref idref="oc-3d8"/>
      </symbol>
      <symbol id="sm-562">
         <name>_ftable</name>
         <value>0x20000400</value>
         <object_component_ref idref="oc-14d"/>
      </symbol>
      <symbol id="sm-563">
         <name>__TI_ft_end</name>
         <value>0x200005e0</value>
         <object_component_ref idref="oc-3d8"/>
      </symbol>
      <symbol id="sm-573">
         <name>memccpy</name>
         <value>0x3319</value>
         <object_component_ref idref="oc-202"/>
      </symbol>
      <symbol id="sm-583">
         <name>memchr</name>
         <value>0x32a5</value>
         <object_component_ref idref="oc-34c"/>
      </symbol>
      <symbol id="sm-607">
         <name>_sys_memory</name>
         <value>0x20000000</value>
         <object_component_ref idref="oc-29"/>
      </symbol>
      <symbol id="sm-608">
         <name>free</name>
         <value>0x1da5</value>
         <object_component_ref idref="oc-27c"/>
      </symbol>
      <symbol id="sm-609">
         <name>memalign</name>
         <value>0x1ba9</value>
         <object_component_ref idref="oc-3d1"/>
      </symbol>
      <symbol id="sm-60a">
         <name>malloc</name>
         <value>0x3411</value>
         <object_component_ref idref="oc-282"/>
      </symbol>
      <symbol id="sm-60b">
         <name>aligned_alloc</name>
         <value>0x1ba9</value>
         <object_component_ref idref="oc-3d1"/>
      </symbol>
      <symbol id="sm-621">
         <name>rand</name>
         <value>0x316d</value>
         <object_component_ref idref="oc-e9"/>
      </symbol>
      <symbol id="sm-631">
         <name>strchr</name>
         <value>0x3367</value>
         <object_component_ref idref="oc-31b"/>
      </symbol>
      <symbol id="sm-63f">
         <name>strlen</name>
         <value>0x3391</value>
         <object_component_ref idref="oc-1d3"/>
      </symbol>
      <symbol id="sm-652">
         <name>__stack</name>
         <value>0x2000fc00</value>
         <object_component_ref idref="oc-2c"/>
      </symbol>
      <symbol id="sm-653">
         <name>_c_int00_noargs</name>
         <value>0x3105</value>
         <object_component_ref idref="oc-58"/>
      </symbol>
      <symbol id="sm-668">
         <name>write</name>
         <value>0x327d</value>
         <object_component_ref idref="oc-358"/>
      </symbol>
      <symbol id="sm-679">
         <name>_stream</name>
         <value>0x20000568</value>
         <object_component_ref idref="oc-434"/>
      </symbol>
      <symbol id="sm-67a">
         <name>_device</name>
         <value>0x200004f0</value>
         <object_component_ref idref="oc-269"/>
      </symbol>
      <symbol id="sm-697">
         <name>open</name>
         <value>0x1f65</value>
         <object_component_ref idref="oc-3bb"/>
      </symbol>
      <symbol id="sm-6b7">
         <name>add_device</name>
         <value>0x2021</value>
         <object_component_ref idref="oc-192"/>
      </symbol>
      <symbol id="sm-6cd">
         <name>__aeabi_errno_addr</name>
         <value>0x3409</value>
         <object_component_ref idref="oc-20e"/>
      </symbol>
      <symbol id="sm-6ce">
         <name>errno</name>
         <value>0x20000610</value>
         <object_component_ref idref="oc-32b"/>
      </symbol>
      <symbol id="sm-6e7">
         <name>wcslen</name>
         <value>0x33b7</value>
         <object_component_ref idref="oc-208"/>
      </symbol>
      <symbol id="sm-707">
         <name>frexpl</name>
         <value>0x2981</value>
         <object_component_ref idref="oc-30f"/>
      </symbol>
      <symbol id="sm-708">
         <name>frexp</name>
         <value>0x2981</value>
         <object_component_ref idref="oc-30f"/>
      </symbol>
      <symbol id="sm-725">
         <name>scalbn</name>
         <value>0x1a99</value>
         <object_component_ref idref="oc-315"/>
      </symbol>
      <symbol id="sm-726">
         <name>scalbnl</name>
         <value>0x1a99</value>
         <object_component_ref idref="oc-315"/>
      </symbol>
      <symbol id="sm-727">
         <name>ldexpl</name>
         <value>0x1a99</value>
         <object_component_ref idref="oc-315"/>
      </symbol>
      <symbol id="sm-728">
         <name>ldexp</name>
         <value>0x1a99</value>
         <object_component_ref idref="oc-315"/>
      </symbol>
      <symbol id="sm-73d">
         <name>__TI_closefile</name>
         <value>0x2689</value>
         <object_component_ref idref="oc-26e"/>
      </symbol>
      <symbol id="sm-74d">
         <name>__TI_doflush</name>
         <value>0x2d6b</value>
         <object_component_ref idref="oc-352"/>
      </symbol>
      <symbol id="sm-75f">
         <name>fseek</name>
         <value>0x29e5</value>
         <object_component_ref idref="oc-429"/>
      </symbol>
      <symbol id="sm-77d">
         <name>finddevice</name>
         <value>0x31a1</value>
         <object_component_ref idref="oc-25c"/>
      </symbol>
      <symbol id="sm-77e">
         <name>getdevice</name>
         <value>0x2fa9</value>
         <object_component_ref idref="oc-46e"/>
      </symbol>
      <symbol id="sm-788">
         <name>__aeabi_idiv0</name>
         <value>0x1633</value>
         <object_component_ref idref="oc-3f4"/>
      </symbol>
      <symbol id="sm-789">
         <name>__aeabi_ldiv0</name>
         <value>0x1633</value>
         <object_component_ref idref="oc-3f4"/>
      </symbol>
      <symbol id="sm-7b1">
         <name>__TI_auto_init_nobinit_nopinit</name>
         <value>0x2f65</value>
         <object_component_ref idref="oc-105"/>
      </symbol>
      <symbol id="sm-7bb">
         <name>_system_pre_init</name>
         <value>0x3421</value>
         <object_component_ref idref="oc-9a"/>
      </symbol>
      <symbol id="sm-7cc">
         <name>strcmp</name>
         <value>0x334f</value>
         <object_component_ref idref="oc-36e"/>
      </symbol>
      <symbol id="sm-7dc">
         <name>strncpy</name>
         <value>0x3065</value>
         <object_component_ref idref="oc-262"/>
      </symbol>
      <symbol id="sm-7ed">
         <name>HOSTclose</name>
         <value>0x2edd</value>
         <object_component_ref idref="oc-37e"/>
      </symbol>
      <symbol id="sm-7fe">
         <name>HOSTlseek</name>
         <value>0x2849</value>
         <object_component_ref idref="oc-390"/>
      </symbol>
      <symbol id="sm-810">
         <name>parmbuf</name>
         <value>0x200007dc</value>
      </symbol>
      <symbol id="sm-811">
         <name>HOSTopen</name>
         <value>0x2aad</value>
         <object_component_ref idref="oc-378"/>
      </symbol>
      <symbol id="sm-822">
         <name>HOSTread</name>
         <value>0x2b69</value>
         <object_component_ref idref="oc-384"/>
      </symbol>
      <symbol id="sm-833">
         <name>HOSTrename</name>
         <value>0x27dd</value>
         <object_component_ref idref="oc-39c"/>
      </symbol>
      <symbol id="sm-844">
         <name>HOSTunlink</name>
         <value>0x2f21</value>
         <object_component_ref idref="oc-396"/>
      </symbol>
      <symbol id="sm-855">
         <name>HOSTwrite</name>
         <value>0x2bc1</value>
         <object_component_ref idref="oc-38a"/>
      </symbol>
      <symbol id="sm-879">
         <name>__TI_readmsg</name>
         <value>0x30d1</value>
         <object_component_ref idref="oc-449"/>
      </symbol>
      <symbol id="sm-87a">
         <name>C$$IO$$</name>
         <value>0x305b</value>
         <object_component_ref idref="oc-443"/>
      </symbol>
      <symbol id="sm-87b">
         <name>__CIOBUF_</name>
         <value>0x2000061c</value>
         <object_component_ref idref="oc-4c9"/>
      </symbol>
      <symbol id="sm-87c">
         <name>__TI_writemsg</name>
         <value>0x302d</value>
         <object_component_ref idref="oc-443"/>
      </symbol>
      <symbol id="sm-88d">
         <name>lseek</name>
         <value>0x3255</value>
         <object_component_ref idref="oc-4b7"/>
      </symbol>
      <symbol id="sm-8a1">
         <name>close</name>
         <value>0x2b0d</value>
         <object_component_ref idref="oc-3ac"/>
      </symbol>
      <symbol id="sm-8ab">
         <name>copysign</name>
         <value>0x3335</value>
         <object_component_ref idref="oc-40d"/>
      </symbol>
      <symbol id="sm-8ac">
         <name>copysignl</name>
         <value>0x3335</value>
         <object_component_ref idref="oc-40d"/>
      </symbol>
      <symbol id="sm-8ba">
         <name>strcpy</name>
         <value>0x337d</value>
         <object_component_ref idref="oc-45d"/>
      </symbol>
      <symbol id="sm-8ca">
         <name>unlink</name>
         <value>0x3201</value>
         <object_component_ref idref="oc-3b2"/>
      </symbol>
      <symbol id="sm-8cb">
         <name>__TI_static_base__</name>
         <value>0x0</value>
      </symbol>
      <symbol id="sm-8ce">
         <name>__mpu_init</name>
         <value>0x0</value>
      </symbol>
      <symbol id="sm-8cf">
         <name>_system_post_cinit</name>
         <value>0x0</value>
      </symbol>
      <symbol id="sm-8d0">
         <name>NMI_Handler</name>
         <value>0xb33</value>
      </symbol>
      <symbol id="sm-8d1">
         <name>HardFault_Handler</name>
         <value>0xb33</value>
      </symbol>
      <symbol id="sm-8d2">
         <name>MemManage_Handler</name>
         <value>0xb33</value>
      </symbol>
      <symbol id="sm-8d3">
         <name>BusFault_Handler</name>
         <value>0xb33</value>
      </symbol>
      <symbol id="sm-8d4">
         <name>UsageFault_Handler</name>
         <value>0xb33</value>
      </symbol>
      <symbol id="sm-8d5">
         <name>SVC_Handler</name>
         <value>0xb33</value>
      </symbol>
      <symbol id="sm-8d6">
         <name>DebugMon_Handler</name>
         <value>0xb33</value>
      </symbol>
      <symbol id="sm-8d7">
         <name>PendSV_Handler</name>
         <value>0xb33</value>
      </symbol>
      <symbol id="sm-8d8">
         <name>SysTick_Handler</name>
         <value>0xb33</value>
      </symbol>
      <symbol id="sm-8d9">
         <name>PSS_IRQHandler</name>
         <value>0xb33</value>
      </symbol>
      <symbol id="sm-8da">
         <name>CS_IRQHandler</name>
         <value>0xb33</value>
      </symbol>
      <symbol id="sm-8db">
         <name>PCM_IRQHandler</name>
         <value>0xb33</value>
      </symbol>
      <symbol id="sm-8dc">
         <name>WDT_A_IRQHandler</name>
         <value>0xb33</value>
      </symbol>
      <symbol id="sm-8dd">
         <name>FPU_IRQHandler</name>
         <value>0xb33</value>
      </symbol>
      <symbol id="sm-8de">
         <name>FLCTL_IRQHandler</name>
         <value>0xb33</value>
      </symbol>
      <symbol id="sm-8df">
         <name>COMP_E0_IRQHandler</name>
         <value>0xb33</value>
      </symbol>
      <symbol id="sm-8e0">
         <name>COMP_E1_IRQHandler</name>
         <value>0xb33</value>
      </symbol>
      <symbol id="sm-8e1">
         <name>TA0_0_IRQHandler</name>
         <value>0xb33</value>
      </symbol>
      <symbol id="sm-8e2">
         <name>TA0_N_IRQHandler</name>
         <value>0xb33</value>
      </symbol>
      <symbol id="sm-8e3">
         <name>TA1_0_IRQHandler</name>
         <value>0xb33</value>
      </symbol>
      <symbol id="sm-8e4">
         <name>TA1_N_IRQHandler</name>
         <value>0xb33</value>
      </symbol>
      <symbol id="sm-8e5">
         <name>TA2_0_IRQHandler</name>
         <value>0xb33</value>
      </symbol>
      <symbol id="sm-8e6">
         <name>TA2_N_IRQHandler</name>
         <value>0xb33</value>
      </symbol>
      <symbol id="sm-8e7">
         <name>TA3_0_IRQHandler</name>
         <value>0xb33</value>
      </symbol>
      <symbol id="sm-8e8">
         <name>TA3_N_IRQHandler</name>
         <value>0xb33</value>
      </symbol>
      <symbol id="sm-8e9">
         <name>EUSCIA0_IRQHandler</name>
         <value>0xb33</value>
      </symbol>
      <symbol id="sm-8ea">
         <name>EUSCIA1_IRQHandler</name>
         <value>0xb33</value>
      </symbol>
      <symbol id="sm-8eb">
         <name>EUSCIA2_IRQHandler</name>
         <value>0xb33</value>
      </symbol>
      <symbol id="sm-8ec">
         <name>EUSCIA3_IRQHandler</name>
         <value>0xb33</value>
      </symbol>
      <symbol id="sm-8ed">
         <name>EUSCIB0_IRQHandler</name>
         <value>0xb33</value>
      </symbol>
      <symbol id="sm-8ee">
         <name>EUSCIB1_IRQHandler</name>
         <value>0xb33</value>
      </symbol>
      <symbol id="sm-8ef">
         <name>EUSCIB2_IRQHandler</name>
         <value>0xb33</value>
      </symbol>
      <symbol id="sm-8f0">
         <name>EUSCIB3_IRQHandler</name>
         <value>0xb33</value>
      </symbol>
      <symbol id="sm-8f1">
         <name>ADC14_IRQHandler</name>
         <value>0xb33</value>
      </symbol>
      <symbol id="sm-8f2">
         <name>T32_INT1_IRQHandler</name>
         <value>0xb33</value>
      </symbol>
      <symbol id="sm-8f3">
         <name>T32_INT2_IRQHandler</name>
         <value>0xb33</value>
      </symbol>
      <symbol id="sm-8f4">
         <name>T32_INTC_IRQHandler</name>
         <value>0xb33</value>
      </symbol>
      <symbol id="sm-8f5">
         <name>AES256_IRQHandler</name>
         <value>0xb33</value>
      </symbol>
      <symbol id="sm-8f6">
         <name>RTC_C_IRQHandler</name>
         <value>0xb33</value>
      </symbol>
      <symbol id="sm-8f7">
         <name>DMA_ERR_IRQHandler</name>
         <value>0xb33</value>
      </symbol>
      <symbol id="sm-8f8">
         <name>DMA_INT3_IRQHandler</name>
         <value>0xb33</value>
      </symbol>
      <symbol id="sm-8f9">
         <name>DMA_INT2_IRQHandler</name>
         <value>0xb33</value>
      </symbol>
      <symbol id="sm-8fa">
         <name>DMA_INT1_IRQHandler</name>
         <value>0xb33</value>
      </symbol>
      <symbol id="sm-8fb">
         <name>DMA_INT0_IRQHandler</name>
         <value>0xb33</value>
      </symbol>
      <symbol id="sm-8fc">
         <name>PORT1_IRQHandler</name>
         <value>0xb33</value>
      </symbol>
      <symbol id="sm-8fd">
         <name>PORT2_IRQHandler</name>
         <value>0xb33</value>
      </symbol>
      <symbol id="sm-8fe">
         <name>PORT3_IRQHandler</name>
         <value>0xb33</value>
      </symbol>
      <symbol id="sm-8ff">
         <name>PORT4_IRQHandler</name>
         <value>0xb33</value>
      </symbol>
      <symbol id="sm-900">
         <name>PORT5_IRQHandler</name>
         <value>0xb33</value>
      </symbol>
      <symbol id="sm-901">
         <name>PORT6_IRQHandler</name>
         <value>0xb33</value>
      </symbol>
      <symbol id="sm-902">
         <name>remove</name>
         <value>0x3201</value>
      </symbol>
   </symbol_table>
   <title>Link successful</title>
</link_info>
