******************************************************************************
                  TI ARM Linker PC v20.2.7                     
******************************************************************************
>> Linked Mon Feb  6 14:42:30 2023

OUTPUT FILE NAME:   <EmCon_Activity5.1Arrays.out>
ENTRY POINT SYMBOL: "_c_int00_noargs"  address: 00003105


MEMORY CONFIGURATION

         name            origin    length      used     unused   attr    fill
----------------------  --------  ---------  --------  --------  ----  --------
  MAIN                  00000000   00040000  00003601  0003c9ff  R  X
  INFO                  00200000   00004000  00000000  00004000  R  X
  SRAM_CODE             01000000   00010000  00000be4  0000f41c  RW X
  SRAM_DATA             20000000   00010000  00000be4  0000f41c  RW  


SEGMENT ALLOCATION MAP

run origin  load origin   length   init length attrs members
----------  ----------- ---------- ----------- ----- -------
00000000    00000000    00003608   00003608    r-x
  00000000    00000000    000000e4   000000e4    r-- .intvecs
  000000e4    000000e4    00003344   00003344    r-x .text
  00003428    00003428    00000131   00000131    r-- .const
  00003560    00003560    000000a8   000000a8    r-- .cinit
20000000    20000000    000007e4   00000000    rw-
  20000000    20000000    00000400   00000000    rw- .sysmem
  20000400    20000400    0000021c   00000000    rw- .data
  2000061c    2000061c    000001c8   00000000    rw- .bss
2000fc00    2000fc00    00000400   00000000    rw-
  2000fc00    2000fc00    00000400   00000000    rw- .stack


SECTION ALLOCATION MAP

 output                                  attributes/
section   page    origin      length       input sections
--------  ----  ----------  ----------   ----------------
.intvecs   0    00000000    000000e4     
                  00000000    000000e4     startup_msp432p401r_ccs.obj (.intvecs:retain)

.text      0    000000e4    00003344     
                  000000e4    00000a4e     rtsv7M4_T_le_v4SPD16_eabi.lib : _printfi.c.obj (.text:__TI_printfi)
                  00000b32    00000002     startup_msp432p401r_ccs.obj (.text:Default_Handler)
                  00000b34    00000294     main.obj (.text:main)
                  00000dc8    00000270     rtsv7M4_T_le_v4SPD16_eabi.lib : _printfi.c.obj (.text:_pconv_a)
                  00001038    000001d0                                   : _printfi.c.obj (.text:_pconv_g)
                  00001208    000001b6                                   : fd_add_t2.asm.obj (.text)
                  000013be    00000002                                   : _lock.c.obj (.text:_nop)
                  000013c0    0000013c                                   : _printfi.c.obj (.text:_pconv_e)
                  000014fc    00000136                                   : fd_div_t2.asm.obj (.text)
                  00001632    00000002                                   : div0.asm.obj (.text)
                  00001634    00000124                                   : _printfi.c.obj (.text:fcvt)
                  00001758    0000011c     msp432p4xx_driverlib.lib : uart.o (.text:UART_initModule)
                  00001874    00000114     rtsv7M4_T_le_v4SPD16_eabi.lib : fputs.c.obj (.text:fputs)
                  00001988    00000110                                   : fopen.c.obj (.text:_openfile)
                  00001a98    00000110                                   : s_scalbn.c.obj (.text:scalbn)
                  00001ba8    00000100                                   : memory.c.obj (.text:aligned_alloc)
                  00001ca8    000000fc                                   : fd_mul_t2.asm.obj (.text)
                  00001da4    000000e4                                   : memory.c.obj (.text:free)
                  00001e88    000000dc                                   : setvbuf.c.obj (.text:setvbuf)
                  00001f64    000000bc                                   : open.c.obj (.text:open)
                  00002020    000000b8                                   : add_device.c.obj (.text:add_device)
                  000020d8    000000b1                                   : _printfi.c.obj (.text:_ltostr)
                  00002189    00000003     --HOLE-- [fill = 0]
                  0000218c    0000009c     engr2350_msp432.obj (.text:init_std_uart)
                  00002228    0000009c     rtsv7M4_T_le_v4SPD16_eabi.lib : memcpy_t2.asm.obj (.text)
                  000022c4    00000098     system_msp432p401r.obj (.text:SystemInit)
                  0000235c    00000096     rtsv7M4_T_le_v4SPD16_eabi.lib : ull_div_t2.asm.obj (.text)
                  000023f2    00000002     --HOLE-- [fill = 0]
                  000023f4    0000008c                                   : fputc.c.obj (.text:fputc)
                  00002480    00000086                                   : fd_cmp_t2.asm.obj (.text:__aeabi_cdcmple)
                  00002506    00000086                                   : fd_cmp_t2.asm.obj (.text:__aeabi_cdrcmple)
                  0000258c    00000080     engr2350_msp432.obj (.text:dopen)
                  0000260c    0000007a     rtsv7M4_T_le_v4SPD16_eabi.lib : memset_t2.asm.obj (.text)
                  00002686    00000002     --HOLE-- [fill = 0]
                  00002688    00000074                                   : fclose.c.obj (.text:__TI_closefile)
                  000026fc    00000070                                   : memory.c.obj (.text:split)
                  0000276c    0000006e                                   : _printfi.c.obj (.text:_mcpy)
                  000027da    00000002     --HOLE-- [fill = 0]
                  000027dc    0000006c                                   : hostrename.c.obj (.text:HOSTrename)
                  00002848    00000068                                   : hostlseek.c.obj (.text:HOSTlseek)
                  000028b0    00000068                                   : copy_decompress_lzss.c.obj (.text:decompress:lzss:__TI_decompress_lzss)
                  00002918    00000068                                   : printf.c.obj (.text:printf)
                  00002980    00000064                                   : s_frexp.c.obj (.text:frexp)
                  000029e4    00000064                                   : fseek.c.obj (.text:fseek)
                  00002a48    00000062                                   : _io_perm.c.obj (.text:__TI_wrt_ok)
                  00002aaa    00000002     --HOLE-- [fill = 0]
                  00002aac    00000060                                   : hostopen.c.obj (.text:HOSTopen)
                  00002b0c    0000005c                                   : close.c.obj (.text:close)
                  00002b68    00000058                                   : hostread.c.obj (.text:HOSTread)
                  00002bc0    00000058                                   : hostwrite.c.obj (.text:HOSTwrite)
                  00002c18    00000056                                   : _printfi.c.obj (.text:_pconv_f)
                  00002c6e    00000054                                   : _ltoa.c.obj (.text:__TI_ltoa)
                  00002cc2    00000002     --HOLE-- [fill = 0]
                  00002cc4    00000054     engr2350_msp432.obj (.text:dread)
                  00002d18    00000052     rtsv7M4_T_le_v4SPD16_eabi.lib : _printfi.c.obj (.text:_ecpy)
                  00002d6a    0000004c                                   : fflush.c.obj (.text:__TI_doflush)
                  00002db6    00000002     --HOLE-- [fill = 0]
                  00002db8    0000004c                                   : atoi.c.obj (.text:atoi)
                  00002e04    00000048     engr2350_msp432.obj (.text:dwrite)
                  00002e4c    00000048     rtsv7M4_T_le_v4SPD16_eabi.lib : exit.c.obj (.text:exit)
                  00002e94    00000048                                   : fd_toi_t2.asm.obj (.text)
                  00002edc    00000044                                   : hostclose.c.obj (.text:HOSTclose)
                  00002f20    00000044                                   : hostunlink.c.obj (.text:HOSTunlink)
                  00002f64    00000044                                   : autoinit.c.obj (.text:__TI_auto_init_nobinit_nopinit:__TI_auto_init_nobinit_nopinit)
                  00002fa8    00000044                                   : getdevice.c.obj (.text:getdevice)
                  00002fec    0000003e                                   : _printfi.c.obj (.text:_fcpy)
                  0000302a    00000002     --HOLE-- [fill = 0]
                  0000302c    00000038                                   : trgmsg.c.obj (.text:__TI_writemsg)
                  00003064    00000036                                   : strncpy.c.obj (.text:strncpy)
                  0000309a    00000002     --HOLE-- [fill = 0]
                  0000309c    00000034                                   : fopen.c.obj (.text:__TI_cleanup)
                  000030d0    00000034                                   : trgmsg.c.obj (.text:__TI_readmsg)
                  00003104    00000034                                   : boot_cortex_m.c.obj (.text:_c_int00_noargs:_c_int00_noargs)
                  00003138    00000034                                   : fopen.c.obj (.text:freopen)
                  0000316c    00000034                                   : rand.c.obj (.text:rand)
                  000031a0    00000030                                   : getdevice.c.obj (.text:finddevice)
                  000031d0    0000002e                                   : i_tofd_t2.asm.obj (.text)
                  000031fe    00000002     --HOLE-- [fill = 0]
                  00003200    0000002c                                   : unlink.c.obj (.text:unlink)
                  0000322c    00000028                                   : memory.c.obj (.text:free_list_insert)
                  00003254    00000028                                   : lseek.c.obj (.text:lseek)
                  0000327c    00000028                                   : write.c.obj (.text:write)
                  000032a4    00000020                                   : memchr.c.obj (.text:memchr)
                  000032c4    0000001c     engr2350_msp432.obj (.text:dclose)
                  000032e0    0000001c     rtsv7M4_T_le_v4SPD16_eabi.lib : copy_zero_init.c.obj (.text:decompress:ZI:__TI_zero_init_nomemset:__TI_zero_init_nomemset)
                  000032fc    0000001c                                   : memory.c.obj (.text:free_list_remove)
                  00003318    0000001c                                   : memccpy.c.obj (.text:memccpy)
                  00003334    0000001a                                   : s_copysign.c.obj (.text:copysign)
                  0000334e    00000018                                   : strcmp.c.obj (.text:strcmp)
                  00003366    00000016                                   : strchr.c.obj (.text:strchr)
                  0000337c    00000014                                   : strcpy.c.obj (.text:strcpy)
                  00003390    00000014                                   : strlen.c.obj (.text:strlen)
                  000033a4    00000012     engr2350_msp432.obj (.text:dlseek)
                  000033b6    00000012     rtsv7M4_T_le_v4SPD16_eabi.lib : wcslen.c.obj (.text:wcslen)
                  000033c8    00000010     engr2350_msp432.obj (.text:drename)
                  000033d8    0000000e     rtsv7M4_T_le_v4SPD16_eabi.lib : copy_decompress_none.c.obj (.text:decompress:none:__TI_decompress_none)
                  000033e6    0000000e     engr2350_msp432.obj (.text:dunlink)
                  000033f4    0000000c     startup_msp432p401r_ccs.obj (.text:Reset_Handler)
                  00003400    00000008     engr2350_msp432.obj (.text:SysInit)
                  00003408    00000008     rtsv7M4_T_le_v4SPD16_eabi.lib : errno.c.obj (.text:__aeabi_errno_addr)
                  00003410    00000008                                   : memory.c.obj (.text:malloc)
                  00003418    00000004                                   : printf.c.obj (.text:_outc)
                  0000341c    00000004                                   : printf.c.obj (.text:_outs)
                  00003420    00000004                                   : pre_init.c.obj (.text:_system_pre_init)
                  00003424    00000004                                   : exit.c.obj (.text:abort:abort)

.const     0    00003428    00000131     
                  00003428    00000101     rtsv7M4_T_le_v4SPD16_eabi.lib : ctype.c.obj (.const:.string:_ctypes_)
                  00003529    00000003     --HOLE-- [fill = 0]
                  0000352c    00000028     engr2350_msp432.obj (.const:$P$T1$2)
                  00003554    00000005     engr2350_msp432.obj (.const:.string:$P$T0$1)

.cinit     0    00003560    000000a8     
                  00003560    00000082     (.cinit..data.load) [load image, compression = lzss]
                  000035e2    00000002     --HOLE-- [fill = 0]
                  000035e4    0000000c     (__TI_handler_table)
                  000035f0    00000008     (.cinit..bss.load) [load image, compression = zero_init]
                  000035f8    00000010     (__TI_cinit_table)

.init_array 
*          0    00000000    00000000     UNINITIALIZED

.binit     0    00000000    00000000     

.sysmem    0    20000000    00000400     UNINITIALIZED
                  20000000    00000010     rtsv7M4_T_le_v4SPD16_eabi.lib : memory.c.obj (.sysmem)
                  20000010    000003f0     --HOLE--

.data      0    20000400    0000021c     UNINITIALIZED
                  20000400    000000f0     rtsv7M4_T_le_v4SPD16_eabi.lib : defs.c.obj (.data:_ftable)
                  200004f0    00000078                                   : host_device.c.obj (.data:_device)
                  20000568    00000050                                   : host_device.c.obj (.data:_stream)
                  200005b8    00000028     main.obj (.data:array1)
                  200005e0    00000010     rtsv7M4_T_le_v4SPD16_eabi.lib : defs.c.obj (.data)
                  200005f0    0000000c                                   : exit.c.obj (.data:$O1$$)
                  200005fc    00000008                                   : _lock.c.obj (.data:$O1$$)
                  20000604    00000008                                   : memory.c.obj (.data:$O1$$)
                  2000060c    00000004                                   : add_device.c.obj (.data)
                  20000610    00000004                                   : errno.c.obj (.data)
                  20000614    00000004                                   : open.c.obj (.data)
                  20000618    00000004                                   : rand.c.obj (.data)

.bss       0    2000061c    000001c8     UNINITIALIZED
                  2000061c    00000120     rtsv7M4_T_le_v4SPD16_eabi.lib : trgmsg.c.obj (.bss:_CIOBUF_)
                  2000073c    000000a0     (.common:__TI_tmpnams)
                  200007dc    00000008     (.common:parmbuf)

.stack     0    2000fc00    00000400     UNINITIALIZED
                  2000fc00    00000004     rtsv7M4_T_le_v4SPD16_eabi.lib : boot_cortex_m.c.obj (.stack)
                  2000fc04    000003fc     --HOLE--

__llvm_prf_cnts 
*          0    20000000    00000000     UNINITIALIZED

MODULE SUMMARY

       Module                        code    ro data   rw data
       ------                        ----    -------   -------
    .\
       main.obj                      660     0         80     
    +--+-----------------------------+-------+---------+---------+
       Total:                        660     0         80     
                                                              
    .\src\
       engr2350_msp432.obj           524     45        0      
       startup_msp432p401r_ccs.obj   14      228       0      
       system_msp432p401r.obj        152     0         0      
    +--+-----------------------------+-------+---------+---------+
       Total:                        690     273       0      
                                                              
    C:/ti/simplelink_msp432p4_sdk_3_40_01_02/source/ti/devices/msp432p4xx/driverlib/ccs/msp432p4xx_driverlib.lib
       uart.o                        284     0         0      
    +--+-----------------------------+-------+---------+---------+
       Total:                        284     0         0      
                                                              
    C:\ti\ccs1210\ccs\tools\compiler\ti-cgt-arm_20.2.7.LTS\lib\rtsv7M4_T_le_v4SPD16_eabi.lib
       _printfi.c.obj                4851    0         0      
       defs.c.obj                    0       0         832    
       memory.c.obj                  672     0         16     
       trgmsg.c.obj                  108     0         576    
       fd_add_t2.asm.obj             438     0         0      
       host_device.c.obj             0       0         400    
       fopen.c.obj                   376     0         0      
       fd_div_t2.asm.obj             310     0         0      
       fputs.c.obj                   276     0         0      
       s_scalbn.c.obj                272     0         0      
       fd_cmp_t2.asm.obj             268     0         0      
       ctype.c.obj                   0       257       0      
       fd_mul_t2.asm.obj             252     0         0      
       setvbuf.c.obj                 220     0         0      
       open.c.obj                    188     0         8      
       add_device.c.obj              184     0         8      
       memcpy_t2.asm.obj             156     0         0      
       ull_div_t2.asm.obj            150     0         0      
       fputc.c.obj                   140     0         0      
       memset_t2.asm.obj             122     0         0      
       fclose.c.obj                  116     0         0      
       getdevice.c.obj               116     0         0      
       hostopen.c.obj                96      0         16     
       printf.c.obj                  112     0         0      
       hostrename.c.obj              108     0         0      
       copy_decompress_lzss.c.obj    104     0         0      
       hostlseek.c.obj               104     0         0      
       exit.c.obj                    76      0         24     
       fseek.c.obj                   100     0         0      
       s_frexp.c.obj                 100     0         0      
       _io_perm.c.obj                98      0         0      
       close.c.obj                   92      0         0      
       hostread.c.obj                88      0         0      
       hostwrite.c.obj               88      0         0      
       _ltoa.c.obj                   84      0         0      
       atoi.c.obj                    76      0         0      
       fflush.c.obj                  76      0         0      
       fd_toi_t2.asm.obj             72      0         0      
       autoinit.c.obj                68      0         0      
       hostclose.c.obj               68      0         0      
       hostunlink.c.obj              68      0         0      
       rand.c.obj                    52      0         8      
       strncpy.c.obj                 54      0         0      
       boot_cortex_m.c.obj           52      0         0      
       i_tofd_t2.asm.obj             46      0         0      
       unlink.c.obj                  44      0         0      
       lseek.c.obj                   40      0         0      
       write.c.obj                   40      0         0      
       memchr.c.obj                  32      0         0      
       copy_zero_init.c.obj          28      0         0      
       memccpy.c.obj                 28      0         0      
       s_copysign.c.obj              26      0         0      
       strcmp.c.obj                  24      0         0      
       strchr.c.obj                  22      0         0      
       strcpy.c.obj                  20      0         0      
       strlen.c.obj                  20      0         0      
       _lock.c.obj                   2       0         16     
       wcslen.c.obj                  18      0         0      
       errno.c.obj                   8       0         8      
       copy_decompress_none.c.obj    14      0         0      
       pre_init.c.obj                4       0         0      
       div0.asm.obj                  2       0         0      
    +--+-----------------------------+-------+---------+---------+
       Total:                        11469   257       1912   
                                                              
       Heap:                         0       0         2048   
       Stack:                        0       0         2048   
       Linker Generated:             0       166       0      
    +--+-----------------------------+-------+---------+---------+
       Grand Total:                  13103   696       6088   


LINKER GENERATED COPY TABLES

__TI_cinit_table @ 000035f8 records: 2, size/record: 8, table size: 16
	.data: load addr=00003560, load size=00000082 bytes, run addr=20000400, run size=0000021c bytes, compression=lzss
	.bss: load addr=000035f0, load size=00000008 bytes, run addr=2000061c, run size=000001c8 bytes, compression=zero_init


LINKER GENERATED HANDLER TABLE

__TI_handler_table @ 000035e4 records: 3, size/record: 4, table size: 12
	index: 0, handler: __TI_decompress_lzss
	index: 1, handler: __TI_decompress_none
	index: 2, handler: __TI_zero_init


GLOBAL SYMBOLS: SORTED ALPHABETICALLY BY Name 

address   name                           
-------   ----                           
00000b33  ADC14_IRQHandler               
00000b33  AES256_IRQHandler              
00000b33  BusFault_Handler               
00003425  C$$EXIT                        
0000305b  C$$IO$$                        
00000b33  COMP_E0_IRQHandler             
00000b33  COMP_E1_IRQHandler             
00000b33  CS_IRQHandler                  
00000b33  DMA_ERR_IRQHandler             
00000b33  DMA_INT0_IRQHandler            
00000b33  DMA_INT1_IRQHandler            
00000b33  DMA_INT2_IRQHandler            
00000b33  DMA_INT3_IRQHandler            
00000b33  DebugMon_Handler               
00000b33  Default_Handler                
00000b33  EUSCIA0_IRQHandler             
00000b33  EUSCIA1_IRQHandler             
00000b33  EUSCIA2_IRQHandler             
00000b33  EUSCIA3_IRQHandler             
00000b33  EUSCIB0_IRQHandler             
00000b33  EUSCIB1_IRQHandler             
00000b33  EUSCIB2_IRQHandler             
00000b33  EUSCIB3_IRQHandler             
00000b33  FLCTL_IRQHandler               
00000b33  FPU_IRQHandler                 
00002edd  HOSTclose                      
00002849  HOSTlseek                      
00002aad  HOSTopen                       
00002b69  HOSTread                       
000027dd  HOSTrename                     
00002f21  HOSTunlink                     
00002bc1  HOSTwrite                      
00000b33  HardFault_Handler              
00000b33  MemManage_Handler              
00000b33  NMI_Handler                    
00000b33  PCM_IRQHandler                 
00000b33  PORT1_IRQHandler               
00000b33  PORT2_IRQHandler               
00000b33  PORT3_IRQHandler               
00000b33  PORT4_IRQHandler               
00000b33  PORT5_IRQHandler               
00000b33  PORT6_IRQHandler               
00000b33  PSS_IRQHandler                 
00000b33  PendSV_Handler                 
00000b33  RTC_C_IRQHandler               
000033f5  Reset_Handler                  
00000b33  SVC_Handler                    
00003401  SysInit                        
00000b33  SysTick_Handler                
000022c5  SystemInit                     
00000b33  T32_INT1_IRQHandler            
00000b33  T32_INT2_IRQHandler            
00000b33  T32_INTC_IRQHandler            
00000b33  TA0_0_IRQHandler               
00000b33  TA0_N_IRQHandler               
00000b33  TA1_0_IRQHandler               
00000b33  TA1_N_IRQHandler               
00000b33  TA2_0_IRQHandler               
00000b33  TA2_N_IRQHandler               
00000b33  TA3_0_IRQHandler               
00000b33  TA3_N_IRQHandler               
00001759  UART_initModule                
00000b33  UsageFault_Handler             
4000480c  WDTCTL_SYM                     
00000b33  WDT_A_IRQHandler               
2000061c  __CIOBUF_                      
20010000  __STACK_END                    
00000400  __STACK_SIZE                   
00000400  __SYSMEM_SIZE                  
000035f8  __TI_CINIT_Base                
00003608  __TI_CINIT_Limit               
000035e4  __TI_Handler_Table_Base        
000035f0  __TI_Handler_Table_Limit       
00002f65  __TI_auto_init_nobinit_nopinit 
0000309d  __TI_cleanup                   
200005f0  __TI_cleanup_ptr               
00002689  __TI_closefile                 
000028b1  __TI_decompress_lzss           
000033d9  __TI_decompress_none           
00002d6b  __TI_doflush                   
200005f4  __TI_dtors_ptr                 
200005f8  __TI_enable_exit_profile_output
200005e0  __TI_ft_end                    
00002c6f  __TI_ltoa                      
ffffffff  __TI_pprof_out_hndl            
000000e5  __TI_printfi                   
ffffffff  __TI_prof_data_size            
ffffffff  __TI_prof_data_start           
000030d1  __TI_readmsg                   
00000000  __TI_static_base__             
2000073c  __TI_tmpnams                   
0000302d  __TI_writemsg                  
00002a49  __TI_wrt_ok                    
000032e1  __TI_zero_init_nomemset        
00002481  __aeabi_cdcmpeq                
00002481  __aeabi_cdcmple                
00002507  __aeabi_cdrcmple               
00002e95  __aeabi_d2iz                   
00001213  __aeabi_dadd                   
000014fd  __aeabi_ddiv                   
00001ca9  __aeabi_dmul                   
00001209  __aeabi_dsub                   
00003409  __aeabi_errno_addr             
000031d1  __aeabi_i2d                    
00001633  __aeabi_idiv0                  
00001633  __aeabi_ldiv0                  
0000260d  __aeabi_memclr                 
0000260d  __aeabi_memclr4                
0000260d  __aeabi_memclr8                
00002229  __aeabi_memcpy                 
00002229  __aeabi_memcpy4                
00002229  __aeabi_memcpy8                
0000260f  __aeabi_memset                 
0000260f  __aeabi_memset4                
0000260f  __aeabi_memset8                
200005ec  __aeabi_stderr                 
200005e4  __aeabi_stdin                  
200005e8  __aeabi_stdout                 
0000235d  __aeabi_uldivmod               
ffffffff  __binit__                      
ffffffff  __c_args__                     
UNDEFED   __mpu_init                     
2000fc00  __stack                        
20000000  __start___llvm_prf_cnts        
20000000  __stop___llvm_prf_cnts         
00003105  _c_int00_noargs                
00003428  _ctypes_                       
200004f0  _device                        
20000400  _ftable                        
200005fc  _lock                          
000013bf  _nop                           
20000568  _stream                        
20000000  _sys_memory                    
UNDEFED   _system_post_cinit             
00003421  _system_pre_init               
20000600  _unlock                        
00003425  abort                          
00002021  add_device                     
00001ba9  aligned_alloc                  
200005b8  array1                         
00002db9  atoi                           
ffffffff  binit                          
00002b0d  close                          
00003335  copysign                       
00003335  copysignl                      
000032c5  dclose                         
000033a5  dlseek                         
0000258d  dopen                          
00002cc5  dread                          
000033c9  drename                        
000033e7  dunlink                        
00002e05  dwrite                         
20000610  errno                          
00002e4d  exit                           
000031a1  finddevice                     
000023f5  fputc                          
00001875  fputs                          
00001da5  free                           
00003139  freopen                        
00002981  frexp                          
00002981  frexpl                         
000029e5  fseek                          
00002fa9  getdevice                      
0000218d  init_std_uart                  
00000000  interruptVectors               
00001a99  ldexp                          
00001a99  ldexpl                         
00003255  lseek                          
00000b35  main                           
00003411  malloc                         
00001ba9  memalign                       
00003319  memccpy                        
000032a5  memchr                         
00002229  memcpy                         
00002615  memset                         
00001f65  open                           
200007dc  parmbuf                        
00002919  printf                         
000023f5  putc                           
0000316d  rand                           
00003201  remove                         
00001a99  scalbn                         
00001a99  scalbnl                        
00001e89  setvbuf                        
00003367  strchr                         
0000334f  strcmp                         
0000337d  strcpy                         
00003391  strlen                         
00003065  strncpy                        
00003201  unlink                         
000033b7  wcslen                         
0000327d  write                          


GLOBAL SYMBOLS: SORTED BY Symbol Address 

address   name                           
-------   ----                           
00000000  __TI_static_base__             
00000000  interruptVectors               
000000e5  __TI_printfi                   
00000400  __STACK_SIZE                   
00000400  __SYSMEM_SIZE                  
00000b33  ADC14_IRQHandler               
00000b33  AES256_IRQHandler              
00000b33  BusFault_Handler               
00000b33  COMP_E0_IRQHandler             
00000b33  COMP_E1_IRQHandler             
00000b33  CS_IRQHandler                  
00000b33  DMA_ERR_IRQHandler             
00000b33  DMA_INT0_IRQHandler            
00000b33  DMA_INT1_IRQHandler            
00000b33  DMA_INT2_IRQHandler            
00000b33  DMA_INT3_IRQHandler            
00000b33  DebugMon_Handler               
00000b33  Default_Handler                
00000b33  EUSCIA0_IRQHandler             
00000b33  EUSCIA1_IRQHandler             
00000b33  EUSCIA2_IRQHandler             
00000b33  EUSCIA3_IRQHandler             
00000b33  EUSCIB0_IRQHandler             
00000b33  EUSCIB1_IRQHandler             
00000b33  EUSCIB2_IRQHandler             
00000b33  EUSCIB3_IRQHandler             
00000b33  FLCTL_IRQHandler               
00000b33  FPU_IRQHandler                 
00000b33  HardFault_Handler              
00000b33  MemManage_Handler              
00000b33  NMI_Handler                    
00000b33  PCM_IRQHandler                 
00000b33  PORT1_IRQHandler               
00000b33  PORT2_IRQHandler               
00000b33  PORT3_IRQHandler               
00000b33  PORT4_IRQHandler               
00000b33  PORT5_IRQHandler               
00000b33  PORT6_IRQHandler               
00000b33  PSS_IRQHandler                 
00000b33  PendSV_Handler                 
00000b33  RTC_C_IRQHandler               
00000b33  SVC_Handler                    
00000b33  SysTick_Handler                
00000b33  T32_INT1_IRQHandler            
00000b33  T32_INT2_IRQHandler            
00000b33  T32_INTC_IRQHandler            
00000b33  TA0_0_IRQHandler               
00000b33  TA0_N_IRQHandler               
00000b33  TA1_0_IRQHandler               
00000b33  TA1_N_IRQHandler               
00000b33  TA2_0_IRQHandler               
00000b33  TA2_N_IRQHandler               
00000b33  TA3_0_IRQHandler               
00000b33  TA3_N_IRQHandler               
00000b33  UsageFault_Handler             
00000b33  WDT_A_IRQHandler               
00000b35  main                           
00001209  __aeabi_dsub                   
00001213  __aeabi_dadd                   
000013bf  _nop                           
000014fd  __aeabi_ddiv                   
00001633  __aeabi_idiv0                  
00001633  __aeabi_ldiv0                  
00001759  UART_initModule                
00001875  fputs                          
00001a99  ldexp                          
00001a99  ldexpl                         
00001a99  scalbn                         
00001a99  scalbnl                        
00001ba9  aligned_alloc                  
00001ba9  memalign                       
00001ca9  __aeabi_dmul                   
00001da5  free                           
00001e89  setvbuf                        
00001f65  open                           
00002021  add_device                     
0000218d  init_std_uart                  
00002229  __aeabi_memcpy                 
00002229  __aeabi_memcpy4                
00002229  __aeabi_memcpy8                
00002229  memcpy                         
000022c5  SystemInit                     
0000235d  __aeabi_uldivmod               
000023f5  fputc                          
000023f5  putc                           
00002481  __aeabi_cdcmpeq                
00002481  __aeabi_cdcmple                
00002507  __aeabi_cdrcmple               
0000258d  dopen                          
0000260d  __aeabi_memclr                 
0000260d  __aeabi_memclr4                
0000260d  __aeabi_memclr8                
0000260f  __aeabi_memset                 
0000260f  __aeabi_memset4                
0000260f  __aeabi_memset8                
00002615  memset                         
00002689  __TI_closefile                 
000027dd  HOSTrename                     
00002849  HOSTlseek                      
000028b1  __TI_decompress_lzss           
00002919  printf                         
00002981  frexp                          
00002981  frexpl                         
000029e5  fseek                          
00002a49  __TI_wrt_ok                    
00002aad  HOSTopen                       
00002b0d  close                          
00002b69  HOSTread                       
00002bc1  HOSTwrite                      
00002c6f  __TI_ltoa                      
00002cc5  dread                          
00002d6b  __TI_doflush                   
00002db9  atoi                           
00002e05  dwrite                         
00002e4d  exit                           
00002e95  __aeabi_d2iz                   
00002edd  HOSTclose                      
00002f21  HOSTunlink                     
00002f65  __TI_auto_init_nobinit_nopinit 
00002fa9  getdevice                      
0000302d  __TI_writemsg                  
0000305b  C$$IO$$                        
00003065  strncpy                        
0000309d  __TI_cleanup                   
000030d1  __TI_readmsg                   
00003105  _c_int00_noargs                
00003139  freopen                        
0000316d  rand                           
000031a1  finddevice                     
000031d1  __aeabi_i2d                    
00003201  remove                         
00003201  unlink                         
00003255  lseek                          
0000327d  write                          
000032a5  memchr                         
000032c5  dclose                         
000032e1  __TI_zero_init_nomemset        
00003319  memccpy                        
00003335  copysign                       
00003335  copysignl                      
0000334f  strcmp                         
00003367  strchr                         
0000337d  strcpy                         
00003391  strlen                         
000033a5  dlseek                         
000033b7  wcslen                         
000033c9  drename                        
000033d9  __TI_decompress_none           
000033e7  dunlink                        
000033f5  Reset_Handler                  
00003401  SysInit                        
00003409  __aeabi_errno_addr             
00003411  malloc                         
00003421  _system_pre_init               
00003425  C$$EXIT                        
00003425  abort                          
00003428  _ctypes_                       
000035e4  __TI_Handler_Table_Base        
000035f0  __TI_Handler_Table_Limit       
000035f8  __TI_CINIT_Base                
00003608  __TI_CINIT_Limit               
20000000  __start___llvm_prf_cnts        
20000000  __stop___llvm_prf_cnts         
20000000  _sys_memory                    
20000400  _ftable                        
200004f0  _device                        
20000568  _stream                        
200005b8  array1                         
200005e0  __TI_ft_end                    
200005e4  __aeabi_stdin                  
200005e8  __aeabi_stdout                 
200005ec  __aeabi_stderr                 
200005f0  __TI_cleanup_ptr               
200005f4  __TI_dtors_ptr                 
200005f8  __TI_enable_exit_profile_output
200005fc  _lock                          
20000600  _unlock                        
20000610  errno                          
2000061c  __CIOBUF_                      
2000073c  __TI_tmpnams                   
200007dc  parmbuf                        
2000fc00  __stack                        
20010000  __STACK_END                    
4000480c  WDTCTL_SYM                     
ffffffff  __TI_pprof_out_hndl            
ffffffff  __TI_prof_data_size            
ffffffff  __TI_prof_data_start           
ffffffff  __binit__                      
ffffffff  __c_args__                     
ffffffff  binit                          
UNDEFED   __mpu_init                     
UNDEFED   _system_post_cinit             

[192 symbols]
