******************************************************************************
                  TI ARM Linker PC v20.2.7                     
******************************************************************************
>> Linked Thu Jan 19 14:28:22 2023

OUTPUT FILE NAME:   <EmCon_Activity3.out>
ENTRY POINT SYMBOL: "_c_int00_noargs"  address: 000033ed


MEMORY CONFIGURATION

         name            origin    length      used     unused   attr    fill
----------------------  --------  ---------  --------  --------  ----  --------
  MAIN                  00000000   00040000  0000389d  0003c763  R  X
  INFO                  00200000   00004000  00000000  00004000  R  X
  SRAM_CODE             01000000   00010000  00000bb8  0000f448  RW X
  SRAM_DATA             20000000   00010000  00000bb8  0000f448  RW  


SEGMENT ALLOCATION MAP

run origin  load origin   length   init length attrs members
----------  ----------- ---------- ----------- ----- -------
00000000    00000000    000038a0   000038a0    r-x
  00000000    00000000    000000e4   000000e4    r-- .intvecs
  000000e4    000000e4    000035f8   000035f8    r-x .text
  000036dc    000036dc    00000131   00000131    r-- .const
  00003810    00003810    00000090   00000090    r-- .cinit
20000000    20000000    000007b8   00000000    rw-
  20000000    20000000    00000400   00000000    rw- .sysmem
  20000400    20000400    000001f0   00000000    rw- .data
  200005f0    200005f0    000001c8   00000000    rw- .bss
2000fc00    2000fc00    00000400   00000000    rw-
  2000fc00    2000fc00    00000400   00000000    rw- .stack


SECTION ALLOCATION MAP

 output                                  attributes/
section   page    origin      length       input sections
--------  ----  ----------  ----------   ----------------
.intvecs   0    00000000    000000e4     
                  00000000    000000e4     startup_msp432p401r_ccs.obj (.intvecs:retain)

.text      0    000000e4    000035f8     
                  000000e4    00000a4e     rtsv7M4_T_le_v4SPD16_eabi.lib : _printfi.c.obj (.text:__TI_printfi)
                  00000b32    00000002     startup_msp432p401r_ccs.obj (.text:Default_Handler)
                  00000b34    0000057a     main.obj (.text:main)
                  000010ae    00000002     rtsv7M4_T_le_v4SPD16_eabi.lib : _lock.c.obj (.text:_nop)
                  000010b0    00000270                                   : _printfi.c.obj (.text:_pconv_a)
                  00001320    000001d0                                   : _printfi.c.obj (.text:_pconv_g)
                  000014f0    000001b6                                   : fd_add_t2.asm.obj (.text)
                  000016a6    00000002                                   : div0.asm.obj (.text)
                  000016a8    0000013c                                   : _printfi.c.obj (.text:_pconv_e)
                  000017e4    00000136                                   : fd_div_t2.asm.obj (.text)
                  0000191a    00000002     --HOLE-- [fill = 0]
                  0000191c    00000124                                   : _printfi.c.obj (.text:fcvt)
                  00001a40    0000011c     msp432p4xx_driverlib.lib : uart.o (.text:UART_initModule)
                  00001b5c    00000114     rtsv7M4_T_le_v4SPD16_eabi.lib : fputs.c.obj (.text:fputs)
                  00001c70    00000110                                   : fopen.c.obj (.text:_openfile)
                  00001d80    00000110                                   : s_scalbn.c.obj (.text:scalbn)
                  00001e90    00000100                                   : memory.c.obj (.text:aligned_alloc)
                  00001f90    000000fc                                   : fd_mul_t2.asm.obj (.text)
                  0000208c    000000e4                                   : memory.c.obj (.text:free)
                  00002170    000000dc                                   : setvbuf.c.obj (.text:setvbuf)
                  0000224c    000000bc                                   : open.c.obj (.text:open)
                  00002308    000000b8                                   : add_device.c.obj (.text:add_device)
                  000023c0    000000b1                                   : _printfi.c.obj (.text:_ltostr)
                  00002471    00000003     --HOLE-- [fill = 0]
                  00002474    0000009c     engr2350_msp432.obj (.text:init_std_uart)
                  00002510    0000009c     rtsv7M4_T_le_v4SPD16_eabi.lib : memcpy_t2.asm.obj (.text)
                  000025ac    00000098     system_msp432p401r.obj (.text:SystemInit)
                  00002644    00000096     rtsv7M4_T_le_v4SPD16_eabi.lib : ull_div_t2.asm.obj (.text)
                  000026da    00000002     --HOLE-- [fill = 0]
                  000026dc    0000008c                                   : fputc.c.obj (.text:fputc)
                  00002768    00000086                                   : fd_cmp_t2.asm.obj (.text:__aeabi_cdcmple)
                  000027ee    00000086                                   : fd_cmp_t2.asm.obj (.text:__aeabi_cdrcmple)
                  00002874    00000080     engr2350_msp432.obj (.text:dopen)
                  000028f4    0000007a     rtsv7M4_T_le_v4SPD16_eabi.lib : memset_t2.asm.obj (.text)
                  0000296e    00000002     --HOLE-- [fill = 0]
                  00002970    00000074                                   : fclose.c.obj (.text:__TI_closefile)
                  000029e4    00000070                                   : memory.c.obj (.text:split)
                  00002a54    0000006e                                   : _printfi.c.obj (.text:_mcpy)
                  00002ac2    00000002     --HOLE-- [fill = 0]
                  00002ac4    0000006c                                   : hostrename.c.obj (.text:HOSTrename)
                  00002b30    00000068                                   : hostlseek.c.obj (.text:HOSTlseek)
                  00002b98    00000068                                   : copy_decompress_lzss.c.obj (.text:decompress:lzss:__TI_decompress_lzss)
                  00002c00    00000068                                   : printf.c.obj (.text:printf)
                  00002c68    00000064                                   : s_frexp.c.obj (.text:frexp)
                  00002ccc    00000064                                   : fseek.c.obj (.text:fseek)
                  00002d30    00000062                                   : _io_perm.c.obj (.text:__TI_wrt_ok)
                  00002d92    00000002     --HOLE-- [fill = 0]
                  00002d94    00000060                                   : hostopen.c.obj (.text:HOSTopen)
                  00002df4    0000005c                                   : close.c.obj (.text:close)
                  00002e50    00000058                                   : hostread.c.obj (.text:HOSTread)
                  00002ea8    00000058                                   : hostwrite.c.obj (.text:HOSTwrite)
                  00002f00    00000056                                   : _printfi.c.obj (.text:_pconv_f)
                  00002f56    00000054                                   : _ltoa.c.obj (.text:__TI_ltoa)
                  00002faa    00000002     --HOLE-- [fill = 0]
                  00002fac    00000054     engr2350_msp432.obj (.text:dread)
                  00003000    00000052     rtsv7M4_T_le_v4SPD16_eabi.lib : _printfi.c.obj (.text:_ecpy)
                  00003052    0000004c                                   : fflush.c.obj (.text:__TI_doflush)
                  0000309e    00000002     --HOLE-- [fill = 0]
                  000030a0    0000004c                                   : atoi.c.obj (.text:atoi)
                  000030ec    00000048     engr2350_msp432.obj (.text:dwrite)
                  00003134    00000048     rtsv7M4_T_le_v4SPD16_eabi.lib : exit.c.obj (.text:exit)
                  0000317c    00000048                                   : fd_toi_t2.asm.obj (.text)
                  000031c4    00000044                                   : hostclose.c.obj (.text:HOSTclose)
                  00003208    00000044                                   : hostunlink.c.obj (.text:HOSTunlink)
                  0000324c    00000044                                   : autoinit.c.obj (.text:__TI_auto_init_nobinit_nopinit:__TI_auto_init_nobinit_nopinit)
                  00003290    00000044                                   : getdevice.c.obj (.text:getdevice)
                  000032d4    0000003e                                   : _printfi.c.obj (.text:_fcpy)
                  00003312    00000002     --HOLE-- [fill = 0]
                  00003314    00000038                                   : trgmsg.c.obj (.text:__TI_writemsg)
                  0000334c    00000036                                   : strncpy.c.obj (.text:strncpy)
                  00003382    00000002     --HOLE-- [fill = 0]
                  00003384    00000034                                   : fopen.c.obj (.text:__TI_cleanup)
                  000033b8    00000034                                   : trgmsg.c.obj (.text:__TI_readmsg)
                  000033ec    00000034                                   : boot_cortex_m.c.obj (.text:_c_int00_noargs:_c_int00_noargs)
                  00003420    00000034                                   : fopen.c.obj (.text:freopen)
                  00003454    00000030                                   : getdevice.c.obj (.text:finddevice)
                  00003484    0000002e                                   : i_tofd_t2.asm.obj (.text)
                  000034b2    00000002     --HOLE-- [fill = 0]
                  000034b4    0000002c                                   : unlink.c.obj (.text:unlink)
                  000034e0    00000028                                   : memory.c.obj (.text:free_list_insert)
                  00003508    00000028                                   : lseek.c.obj (.text:lseek)
                  00003530    00000028                                   : write.c.obj (.text:write)
                  00003558    00000020                                   : memchr.c.obj (.text:memchr)
                  00003578    0000001c     engr2350_msp432.obj (.text:dclose)
                  00003594    0000001c     rtsv7M4_T_le_v4SPD16_eabi.lib : copy_zero_init.c.obj (.text:decompress:ZI:__TI_zero_init_nomemset:__TI_zero_init_nomemset)
                  000035b0    0000001c                                   : memory.c.obj (.text:free_list_remove)
                  000035cc    0000001c                                   : memccpy.c.obj (.text:memccpy)
                  000035e8    0000001a                                   : s_copysign.c.obj (.text:copysign)
                  00003602    00000018                                   : strcmp.c.obj (.text:strcmp)
                  0000361a    00000016                                   : strchr.c.obj (.text:strchr)
                  00003630    00000014                                   : strcpy.c.obj (.text:strcpy)
                  00003644    00000014                                   : strlen.c.obj (.text:strlen)
                  00003658    00000012     engr2350_msp432.obj (.text:dlseek)
                  0000366a    00000012     rtsv7M4_T_le_v4SPD16_eabi.lib : wcslen.c.obj (.text:wcslen)
                  0000367c    00000010     engr2350_msp432.obj (.text:drename)
                  0000368c    0000000e     rtsv7M4_T_le_v4SPD16_eabi.lib : copy_decompress_none.c.obj (.text:decompress:none:__TI_decompress_none)
                  0000369a    0000000e     engr2350_msp432.obj (.text:dunlink)
                  000036a8    0000000c     startup_msp432p401r_ccs.obj (.text:Reset_Handler)
                  000036b4    00000008     engr2350_msp432.obj (.text:SysInit)
                  000036bc    00000008     rtsv7M4_T_le_v4SPD16_eabi.lib : errno.c.obj (.text:__aeabi_errno_addr)
                  000036c4    00000008                                   : memory.c.obj (.text:malloc)
                  000036cc    00000004                                   : printf.c.obj (.text:_outc)
                  000036d0    00000004                                   : printf.c.obj (.text:_outs)
                  000036d4    00000004                                   : pre_init.c.obj (.text:_system_pre_init)
                  000036d8    00000004                                   : exit.c.obj (.text:abort:abort)

.const     0    000036dc    00000131     
                  000036dc    00000101     rtsv7M4_T_le_v4SPD16_eabi.lib : ctype.c.obj (.const:.string:_ctypes_)
                  000037dd    00000003     --HOLE-- [fill = 0]
                  000037e0    00000028     engr2350_msp432.obj (.const:$P$T1$2)
                  00003808    00000005     engr2350_msp432.obj (.const:.string:$P$T0$1)

.cinit     0    00003810    00000090     
                  00003810    00000068     (.cinit..data.load) [load image, compression = lzss]
                  00003878    0000000c     (__TI_handler_table)
                  00003884    00000004     --HOLE-- [fill = 0]
                  00003888    00000008     (.cinit..bss.load) [load image, compression = zero_init]
                  00003890    00000010     (__TI_cinit_table)

.init_array 
*          0    00000000    00000000     UNINITIALIZED

.binit     0    00000000    00000000     

.sysmem    0    20000000    00000400     UNINITIALIZED
                  20000000    00000010     rtsv7M4_T_le_v4SPD16_eabi.lib : memory.c.obj (.sysmem)
                  20000010    000003f0     --HOLE--

.data      0    20000400    000001f0     UNINITIALIZED
                  20000400    000000f0     rtsv7M4_T_le_v4SPD16_eabi.lib : defs.c.obj (.data:_ftable)
                  200004f0    00000078                                   : host_device.c.obj (.data:_device)
                  20000568    00000050                                   : host_device.c.obj (.data:_stream)
                  200005b8    00000010                                   : defs.c.obj (.data)
                  200005c8    0000000c                                   : exit.c.obj (.data:$O1$$)
                  200005d4    00000008                                   : _lock.c.obj (.data:$O1$$)
                  200005dc    00000008                                   : memory.c.obj (.data:$O1$$)
                  200005e4    00000004                                   : add_device.c.obj (.data)
                  200005e8    00000004                                   : errno.c.obj (.data)
                  200005ec    00000004                                   : open.c.obj (.data)

.bss       0    200005f0    000001c8     UNINITIALIZED
                  200005f0    00000120     rtsv7M4_T_le_v4SPD16_eabi.lib : trgmsg.c.obj (.bss:_CIOBUF_)
                  20000710    000000a0     (.common:__TI_tmpnams)
                  200007b0    00000008     (.common:parmbuf)

.stack     0    2000fc00    00000400     UNINITIALIZED
                  2000fc00    00000004     rtsv7M4_T_le_v4SPD16_eabi.lib : boot_cortex_m.c.obj (.stack)
                  2000fc04    000003fc     --HOLE--

__llvm_prf_cnts 
*          0    20000000    00000000     UNINITIALIZED

MODULE SUMMARY

       Module                        code    ro data   rw data
       ------                        ----    -------   -------
    .\
       main.obj                      1402    0         0      
    +--+-----------------------------+-------+---------+---------+
       Total:                        1402    0         0      
                                                              
    .\src\
       engr2350_msp432.obj           524     45        0      
       startup_msp432p401r_ccs.obj   14      228       0      
       system_msp432p401r.obj        152     0         0      
    +--+-----------------------------+-------+---------+---------+
       Total:                        690     273       0      
                                                              
    C:/ti/simplelink_msp432p4_sdk_3_40_01_02/source/ti/devices/msp432p4xx/driverlib/ccs/msp432p4xx_driverlib.lib
       uart.o                        284     0         0      
    +--+-----------------------------+-------+---------+---------+
       Total:                        284     0         0      
                                                              
    C:\ti\ccs1210\ccs\tools\compiler\ti-cgt-arm_20.2.7.LTS\lib\rtsv7M4_T_le_v4SPD16_eabi.lib
       _printfi.c.obj                4851    0         0      
       defs.c.obj                    0       0         832    
       memory.c.obj                  672     0         16     
       trgmsg.c.obj                  108     0         576    
       fd_add_t2.asm.obj             438     0         0      
       host_device.c.obj             0       0         400    
       fopen.c.obj                   376     0         0      
       fd_div_t2.asm.obj             310     0         0      
       fputs.c.obj                   276     0         0      
       s_scalbn.c.obj                272     0         0      
       fd_cmp_t2.asm.obj             268     0         0      
       ctype.c.obj                   0       257       0      
       fd_mul_t2.asm.obj             252     0         0      
       setvbuf.c.obj                 220     0         0      
       open.c.obj                    188     0         8      
       add_device.c.obj              184     0         8      
       memcpy_t2.asm.obj             156     0         0      
       ull_div_t2.asm.obj            150     0         0      
       fputc.c.obj                   140     0         0      
       memset_t2.asm.obj             122     0         0      
       fclose.c.obj                  116     0         0      
       getdevice.c.obj               116     0         0      
       hostopen.c.obj                96      0         16     
       printf.c.obj                  112     0         0      
       hostrename.c.obj              108     0         0      
       copy_decompress_lzss.c.obj    104     0         0      
       hostlseek.c.obj               104     0         0      
       exit.c.obj                    76      0         24     
       fseek.c.obj                   100     0         0      
       s_frexp.c.obj                 100     0         0      
       _io_perm.c.obj                98      0         0      
       close.c.obj                   92      0         0      
       hostread.c.obj                88      0         0      
       hostwrite.c.obj               88      0         0      
       _ltoa.c.obj                   84      0         0      
       atoi.c.obj                    76      0         0      
       fflush.c.obj                  76      0         0      
       fd_toi_t2.asm.obj             72      0         0      
       autoinit.c.obj                68      0         0      
       hostclose.c.obj               68      0         0      
       hostunlink.c.obj              68      0         0      
       strncpy.c.obj                 54      0         0      
       boot_cortex_m.c.obj           52      0         0      
       i_tofd_t2.asm.obj             46      0         0      
       unlink.c.obj                  44      0         0      
       lseek.c.obj                   40      0         0      
       write.c.obj                   40      0         0      
       memchr.c.obj                  32      0         0      
       copy_zero_init.c.obj          28      0         0      
       memccpy.c.obj                 28      0         0      
       s_copysign.c.obj              26      0         0      
       strcmp.c.obj                  24      0         0      
       strchr.c.obj                  22      0         0      
       strcpy.c.obj                  20      0         0      
       strlen.c.obj                  20      0         0      
       _lock.c.obj                   2       0         16     
       wcslen.c.obj                  18      0         0      
       errno.c.obj                   8       0         8      
       copy_decompress_none.c.obj    14      0         0      
       pre_init.c.obj                4       0         0      
       div0.asm.obj                  2       0         0      
    +--+-----------------------------+-------+---------+---------+
       Total:                        11417   257       1904   
                                                              
       Heap:                         0       0         2048   
       Stack:                        0       0         2048   
       Linker Generated:             0       140       0      
    +--+-----------------------------+-------+---------+---------+
       Grand Total:                  13793   670       6000   


LINKER GENERATED COPY TABLES

__TI_cinit_table @ 00003890 records: 2, size/record: 8, table size: 16
	.data: load addr=00003810, load size=00000068 bytes, run addr=20000400, run size=000001f0 bytes, compression=lzss
	.bss: load addr=00003888, load size=00000008 bytes, run addr=200005f0, run size=000001c8 bytes, compression=zero_init


LINKER GENERATED HANDLER TABLE

__TI_handler_table @ 00003878 records: 3, size/record: 4, table size: 12
	index: 0, handler: __TI_decompress_lzss
	index: 1, handler: __TI_decompress_none
	index: 2, handler: __TI_zero_init


GLOBAL SYMBOLS: SORTED ALPHABETICALLY BY Name 

address   name                           
-------   ----                           
00000b33  ADC14_IRQHandler               
00000b33  AES256_IRQHandler              
00000b33  BusFault_Handler               
000036d9  C$$EXIT                        
00003343  C$$IO$$                        
00000b33  COMP_E0_IRQHandler             
00000b33  COMP_E1_IRQHandler             
00000b33  CS_IRQHandler                  
00000b33  DMA_ERR_IRQHandler             
00000b33  DMA_INT0_IRQHandler            
00000b33  DMA_INT1_IRQHandler            
00000b33  DMA_INT2_IRQHandler            
00000b33  DMA_INT3_IRQHandler            
00000b33  DebugMon_Handler               
00000b33  Default_Handler                
00000b33  EUSCIA0_IRQHandler             
00000b33  EUSCIA1_IRQHandler             
00000b33  EUSCIA2_IRQHandler             
00000b33  EUSCIA3_IRQHandler             
00000b33  EUSCIB0_IRQHandler             
00000b33  EUSCIB1_IRQHandler             
00000b33  EUSCIB2_IRQHandler             
00000b33  EUSCIB3_IRQHandler             
00000b33  FLCTL_IRQHandler               
00000b33  FPU_IRQHandler                 
000031c5  HOSTclose                      
00002b31  HOSTlseek                      
00002d95  HOSTopen                       
00002e51  HOSTread                       
00002ac5  HOSTrename                     
00003209  HOSTunlink                     
00002ea9  HOSTwrite                      
00000b33  HardFault_Handler              
00000b33  MemManage_Handler              
00000b33  NMI_Handler                    
00000b33  PCM_IRQHandler                 
00000b33  PORT1_IRQHandler               
00000b33  PORT2_IRQHandler               
00000b33  PORT3_IRQHandler               
00000b33  PORT4_IRQHandler               
00000b33  PORT5_IRQHandler               
00000b33  PORT6_IRQHandler               
00000b33  PSS_IRQHandler                 
00000b33  PendSV_Handler                 
00000b33  RTC_C_IRQHandler               
000036a9  Reset_Handler                  
00000b33  SVC_Handler                    
000036b5  SysInit                        
00000b33  SysTick_Handler                
000025ad  SystemInit                     
00000b33  T32_INT1_IRQHandler            
00000b33  T32_INT2_IRQHandler            
00000b33  T32_INTC_IRQHandler            
00000b33  TA0_0_IRQHandler               
00000b33  TA0_N_IRQHandler               
00000b33  TA1_0_IRQHandler               
00000b33  TA1_N_IRQHandler               
00000b33  TA2_0_IRQHandler               
00000b33  TA2_N_IRQHandler               
00000b33  TA3_0_IRQHandler               
00000b33  TA3_N_IRQHandler               
00001a41  UART_initModule                
00000b33  UsageFault_Handler             
4000480c  WDTCTL_SYM                     
00000b33  WDT_A_IRQHandler               
200005f0  __CIOBUF_                      
20010000  __STACK_END                    
00000400  __STACK_SIZE                   
00000400  __SYSMEM_SIZE                  
00003890  __TI_CINIT_Base                
000038a0  __TI_CINIT_Limit               
00003878  __TI_Handler_Table_Base        
00003884  __TI_Handler_Table_Limit       
0000324d  __TI_auto_init_nobinit_nopinit 
00003385  __TI_cleanup                   
200005c8  __TI_cleanup_ptr               
00002971  __TI_closefile                 
00002b99  __TI_decompress_lzss           
0000368d  __TI_decompress_none           
00003053  __TI_doflush                   
200005cc  __TI_dtors_ptr                 
200005d0  __TI_enable_exit_profile_output
200005b8  __TI_ft_end                    
00002f57  __TI_ltoa                      
ffffffff  __TI_pprof_out_hndl            
000000e5  __TI_printfi                   
ffffffff  __TI_prof_data_size            
ffffffff  __TI_prof_data_start           
000033b9  __TI_readmsg                   
00000000  __TI_static_base__             
20000710  __TI_tmpnams                   
00003315  __TI_writemsg                  
00002d31  __TI_wrt_ok                    
00003595  __TI_zero_init_nomemset        
00002769  __aeabi_cdcmpeq                
00002769  __aeabi_cdcmple                
000027ef  __aeabi_cdrcmple               
0000317d  __aeabi_d2iz                   
000014fb  __aeabi_dadd                   
000017e5  __aeabi_ddiv                   
00001f91  __aeabi_dmul                   
000014f1  __aeabi_dsub                   
000036bd  __aeabi_errno_addr             
00003485  __aeabi_i2d                    
000016a7  __aeabi_idiv0                  
000016a7  __aeabi_ldiv0                  
000028f5  __aeabi_memclr                 
000028f5  __aeabi_memclr4                
000028f5  __aeabi_memclr8                
00002511  __aeabi_memcpy                 
00002511  __aeabi_memcpy4                
00002511  __aeabi_memcpy8                
000028f7  __aeabi_memset                 
000028f7  __aeabi_memset4                
000028f7  __aeabi_memset8                
200005c4  __aeabi_stderr                 
200005bc  __aeabi_stdin                  
200005c0  __aeabi_stdout                 
00002645  __aeabi_uldivmod               
ffffffff  __binit__                      
ffffffff  __c_args__                     
UNDEFED   __mpu_init                     
2000fc00  __stack                        
20000000  __start___llvm_prf_cnts        
20000000  __stop___llvm_prf_cnts         
000033ed  _c_int00_noargs                
000036dc  _ctypes_                       
200004f0  _device                        
20000400  _ftable                        
200005d4  _lock                          
000010af  _nop                           
20000568  _stream                        
20000000  _sys_memory                    
UNDEFED   _system_post_cinit             
000036d5  _system_pre_init               
200005d8  _unlock                        
000036d9  abort                          
00002309  add_device                     
00001e91  aligned_alloc                  
000030a1  atoi                           
ffffffff  binit                          
00002df5  close                          
000035e9  copysign                       
000035e9  copysignl                      
00003579  dclose                         
00003659  dlseek                         
00002875  dopen                          
00002fad  dread                          
0000367d  drename                        
0000369b  dunlink                        
000030ed  dwrite                         
200005e8  errno                          
00003135  exit                           
00003455  finddevice                     
000026dd  fputc                          
00001b5d  fputs                          
0000208d  free                           
00003421  freopen                        
00002c69  frexp                          
00002c69  frexpl                         
00002ccd  fseek                          
00003291  getdevice                      
00002475  init_std_uart                  
00000000  interruptVectors               
00001d81  ldexp                          
00001d81  ldexpl                         
00003509  lseek                          
00000b35  main                           
000036c5  malloc                         
00001e91  memalign                       
000035cd  memccpy                        
00003559  memchr                         
00002511  memcpy                         
000028fd  memset                         
0000224d  open                           
200007b0  parmbuf                        
00002c01  printf                         
000026dd  putc                           
000034b5  remove                         
00001d81  scalbn                         
00001d81  scalbnl                        
00002171  setvbuf                        
0000361b  strchr                         
00003603  strcmp                         
00003631  strcpy                         
00003645  strlen                         
0000334d  strncpy                        
000034b5  unlink                         
0000366b  wcslen                         
00003531  write                          


GLOBAL SYMBOLS: SORTED BY Symbol Address 

address   name                           
-------   ----                           
00000000  __TI_static_base__             
00000000  interruptVectors               
000000e5  __TI_printfi                   
00000400  __STACK_SIZE                   
00000400  __SYSMEM_SIZE                  
00000b33  ADC14_IRQHandler               
00000b33  AES256_IRQHandler              
00000b33  BusFault_Handler               
00000b33  COMP_E0_IRQHandler             
00000b33  COMP_E1_IRQHandler             
00000b33  CS_IRQHandler                  
00000b33  DMA_ERR_IRQHandler             
00000b33  DMA_INT0_IRQHandler            
00000b33  DMA_INT1_IRQHandler            
00000b33  DMA_INT2_IRQHandler            
00000b33  DMA_INT3_IRQHandler            
00000b33  DebugMon_Handler               
00000b33  Default_Handler                
00000b33  EUSCIA0_IRQHandler             
00000b33  EUSCIA1_IRQHandler             
00000b33  EUSCIA2_IRQHandler             
00000b33  EUSCIA3_IRQHandler             
00000b33  EUSCIB0_IRQHandler             
00000b33  EUSCIB1_IRQHandler             
00000b33  EUSCIB2_IRQHandler             
00000b33  EUSCIB3_IRQHandler             
00000b33  FLCTL_IRQHandler               
00000b33  FPU_IRQHandler                 
00000b33  HardFault_Handler              
00000b33  MemManage_Handler              
00000b33  NMI_Handler                    
00000b33  PCM_IRQHandler                 
00000b33  PORT1_IRQHandler               
00000b33  PORT2_IRQHandler               
00000b33  PORT3_IRQHandler               
00000b33  PORT4_IRQHandler               
00000b33  PORT5_IRQHandler               
00000b33  PORT6_IRQHandler               
00000b33  PSS_IRQHandler                 
00000b33  PendSV_Handler                 
00000b33  RTC_C_IRQHandler               
00000b33  SVC_Handler                    
00000b33  SysTick_Handler                
00000b33  T32_INT1_IRQHandler            
00000b33  T32_INT2_IRQHandler            
00000b33  T32_INTC_IRQHandler            
00000b33  TA0_0_IRQHandler               
00000b33  TA0_N_IRQHandler               
00000b33  TA1_0_IRQHandler               
00000b33  TA1_N_IRQHandler               
00000b33  TA2_0_IRQHandler               
00000b33  TA2_N_IRQHandler               
00000b33  TA3_0_IRQHandler               
00000b33  TA3_N_IRQHandler               
00000b33  UsageFault_Handler             
00000b33  WDT_A_IRQHandler               
00000b35  main                           
000010af  _nop                           
000014f1  __aeabi_dsub                   
000014fb  __aeabi_dadd                   
000016a7  __aeabi_idiv0                  
000016a7  __aeabi_ldiv0                  
000017e5  __aeabi_ddiv                   
00001a41  UART_initModule                
00001b5d  fputs                          
00001d81  ldexp                          
00001d81  ldexpl                         
00001d81  scalbn                         
00001d81  scalbnl                        
00001e91  aligned_alloc                  
00001e91  memalign                       
00001f91  __aeabi_dmul                   
0000208d  free                           
00002171  setvbuf                        
0000224d  open                           
00002309  add_device                     
00002475  init_std_uart                  
00002511  __aeabi_memcpy                 
00002511  __aeabi_memcpy4                
00002511  __aeabi_memcpy8                
00002511  memcpy                         
000025ad  SystemInit                     
00002645  __aeabi_uldivmod               
000026dd  fputc                          
000026dd  putc                           
00002769  __aeabi_cdcmpeq                
00002769  __aeabi_cdcmple                
000027ef  __aeabi_cdrcmple               
00002875  dopen                          
000028f5  __aeabi_memclr                 
000028f5  __aeabi_memclr4                
000028f5  __aeabi_memclr8                
000028f7  __aeabi_memset                 
000028f7  __aeabi_memset4                
000028f7  __aeabi_memset8                
000028fd  memset                         
00002971  __TI_closefile                 
00002ac5  HOSTrename                     
00002b31  HOSTlseek                      
00002b99  __TI_decompress_lzss           
00002c01  printf                         
00002c69  frexp                          
00002c69  frexpl                         
00002ccd  fseek                          
00002d31  __TI_wrt_ok                    
00002d95  HOSTopen                       
00002df5  close                          
00002e51  HOSTread                       
00002ea9  HOSTwrite                      
00002f57  __TI_ltoa                      
00002fad  dread                          
00003053  __TI_doflush                   
000030a1  atoi                           
000030ed  dwrite                         
00003135  exit                           
0000317d  __aeabi_d2iz                   
000031c5  HOSTclose                      
00003209  HOSTunlink                     
0000324d  __TI_auto_init_nobinit_nopinit 
00003291  getdevice                      
00003315  __TI_writemsg                  
00003343  C$$IO$$                        
0000334d  strncpy                        
00003385  __TI_cleanup                   
000033b9  __TI_readmsg                   
000033ed  _c_int00_noargs                
00003421  freopen                        
00003455  finddevice                     
00003485  __aeabi_i2d                    
000034b5  remove                         
000034b5  unlink                         
00003509  lseek                          
00003531  write                          
00003559  memchr                         
00003579  dclose                         
00003595  __TI_zero_init_nomemset        
000035cd  memccpy                        
000035e9  copysign                       
000035e9  copysignl                      
00003603  strcmp                         
0000361b  strchr                         
00003631  strcpy                         
00003645  strlen                         
00003659  dlseek                         
0000366b  wcslen                         
0000367d  drename                        
0000368d  __TI_decompress_none           
0000369b  dunlink                        
000036a9  Reset_Handler                  
000036b5  SysInit                        
000036bd  __aeabi_errno_addr             
000036c5  malloc                         
000036d5  _system_pre_init               
000036d9  C$$EXIT                        
000036d9  abort                          
000036dc  _ctypes_                       
00003878  __TI_Handler_Table_Base        
00003884  __TI_Handler_Table_Limit       
00003890  __TI_CINIT_Base                
000038a0  __TI_CINIT_Limit               
20000000  __start___llvm_prf_cnts        
20000000  __stop___llvm_prf_cnts         
20000000  _sys_memory                    
20000400  _ftable                        
200004f0  _device                        
20000568  _stream                        
200005b8  __TI_ft_end                    
200005bc  __aeabi_stdin                  
200005c0  __aeabi_stdout                 
200005c4  __aeabi_stderr                 
200005c8  __TI_cleanup_ptr               
200005cc  __TI_dtors_ptr                 
200005d0  __TI_enable_exit_profile_output
200005d4  _lock                          
200005d8  _unlock                        
200005e8  errno                          
200005f0  __CIOBUF_                      
20000710  __TI_tmpnams                   
200007b0  parmbuf                        
2000fc00  __stack                        
20010000  __STACK_END                    
4000480c  WDTCTL_SYM                     
ffffffff  __TI_pprof_out_hndl            
ffffffff  __TI_prof_data_size            
ffffffff  __TI_prof_data_start           
ffffffff  __binit__                      
ffffffff  __c_args__                     
ffffffff  binit                          
UNDEFED   __mpu_init                     
UNDEFED   _system_post_cinit             

[190 symbols]
