******************************************************************************
                  TI ARM Linker PC v20.2.7                     
******************************************************************************
>> Linked Mon Feb  6 14:33:08 2023

OUTPUT FILE NAME:   <EmCon_Activity5.2Structs.out>
ENTRY POINT SYMBOL: "_c_int00_noargs"  address: 00003389


MEMORY CONFIGURATION

         name            origin    length      used     unused   attr    fill
----------------------  --------  ---------  --------  --------  ----  --------
  MAIN                  00000000   00040000  00003839  0003c7c7  R  X
  INFO                  00200000   00004000  00000000  00004000  R  X
  SRAM_CODE             01000000   00010000  00000c00  0000f400  RW X
  SRAM_DATA             20000000   00010000  00000c00  0000f400  RW  


SEGMENT ALLOCATION MAP

run origin  load origin   length   init length attrs members
----------  ----------- ---------- ----------- ----- -------
00000000    00000000    00003840   00003840    r-x
  00000000    00000000    000000e4   000000e4    r-- .intvecs
  000000e4    000000e4    00003594   00003594    r-x .text
  00003678    00003678    00000131   00000131    r-- .const
  000037b0    000037b0    00000090   00000090    r-- .cinit
20000000    20000000    00000800   00000000    rw-
  20000000    20000000    00000400   00000000    rw- .sysmem
  20000400    20000400    00000210   00000000    rw- .bss
  20000610    20000610    000001f0   00000000    rw- .data
2000fc00    2000fc00    00000400   00000000    rw-
  2000fc00    2000fc00    00000400   00000000    rw- .stack


SECTION ALLOCATION MAP

 output                                  attributes/
section   page    origin      length       input sections
--------  ----  ----------  ----------   ----------------
.intvecs   0    00000000    000000e4     
                  00000000    000000e4     startup_msp432p401r_ccs.obj (.intvecs:retain)

.text      0    000000e4    00003594     
                  000000e4    00000a4e     rtsv7M4_T_le_v4SPD16_eabi.lib : _printfi.c.obj (.text:__TI_printfi)
                  00000b32    00000002     startup_msp432p401r_ccs.obj (.text:Default_Handler)
                  00000b34    00000490     main.obj (.text:main)
                  00000fc4    00000270     rtsv7M4_T_le_v4SPD16_eabi.lib : _printfi.c.obj (.text:_pconv_a)
                  00001234    000001d0                                   : _printfi.c.obj (.text:_pconv_g)
                  00001404    000001b6                                   : fd_add_t2.asm.obj (.text)
                  000015ba    00000002                                   : _lock.c.obj (.text:_nop)
                  000015bc    0000013c                                   : _printfi.c.obj (.text:_pconv_e)
                  000016f8    00000136                                   : fd_div_t2.asm.obj (.text)
                  0000182e    00000002                                   : div0.asm.obj (.text)
                  00001830    00000124                                   : _printfi.c.obj (.text:fcvt)
                  00001954    0000011c     msp432p4xx_driverlib.lib : uart.o (.text:UART_initModule)
                  00001a70    00000114     rtsv7M4_T_le_v4SPD16_eabi.lib : fputs.c.obj (.text:fputs)
                  00001b84    00000110                                   : fopen.c.obj (.text:_openfile)
                  00001c94    00000110                                   : s_scalbn.c.obj (.text:scalbn)
                  00001da4    00000100                                   : memory.c.obj (.text:aligned_alloc)
                  00001ea4    000000fc                                   : fd_mul_t2.asm.obj (.text)
                  00001fa0    000000e4                                   : memory.c.obj (.text:free)
                  00002084    000000dc                                   : setvbuf.c.obj (.text:setvbuf)
                  00002160    000000bc                                   : open.c.obj (.text:open)
                  0000221c    000000b8                                   : add_device.c.obj (.text:add_device)
                  000022d4    000000b1                                   : _printfi.c.obj (.text:_ltostr)
                  00002385    00000003     --HOLE-- [fill = 0]
                  00002388    0000009c     engr2350_msp432.obj (.text:init_std_uart)
                  00002424    0000009c     rtsv7M4_T_le_v4SPD16_eabi.lib : memcpy_t2.asm.obj (.text)
                  000024c0    00000098     system_msp432p401r.obj (.text:SystemInit)
                  00002558    00000096     rtsv7M4_T_le_v4SPD16_eabi.lib : ull_div_t2.asm.obj (.text)
                  000025ee    00000002     --HOLE-- [fill = 0]
                  000025f0    0000008c                                   : fputc.c.obj (.text:fputc)
                  0000267c    00000086                                   : fd_cmp_t2.asm.obj (.text:__aeabi_cdcmple)
                  00002702    00000086                                   : fd_cmp_t2.asm.obj (.text:__aeabi_cdrcmple)
                  00002788    00000080     engr2350_msp432.obj (.text:dopen)
                  00002808    0000007a     rtsv7M4_T_le_v4SPD16_eabi.lib : memset_t2.asm.obj (.text)
                  00002882    00000002     --HOLE-- [fill = 0]
                  00002884    00000074                                   : fclose.c.obj (.text:__TI_closefile)
                  000028f8    00000070                                   : memory.c.obj (.text:split)
                  00002968    0000006e                                   : _printfi.c.obj (.text:_mcpy)
                  000029d6    00000002     --HOLE-- [fill = 0]
                  000029d8    0000006c                                   : hostrename.c.obj (.text:HOSTrename)
                  00002a44    00000068                                   : hostlseek.c.obj (.text:HOSTlseek)
                  00002aac    00000068                                   : copy_decompress_lzss.c.obj (.text:decompress:lzss:__TI_decompress_lzss)
                  00002b14    00000068                                   : printf.c.obj (.text:printf)
                  00002b7c    00000064                                   : s_frexp.c.obj (.text:frexp)
                  00002be0    00000064                                   : fseek.c.obj (.text:fseek)
                  00002c44    00000062                                   : _io_perm.c.obj (.text:__TI_wrt_ok)
                  00002ca6    00000002     --HOLE-- [fill = 0]
                  00002ca8    00000060                                   : hostopen.c.obj (.text:HOSTopen)
                  00002d08    0000005c                                   : close.c.obj (.text:close)
                  00002d64    00000058                                   : hostread.c.obj (.text:HOSTread)
                  00002dbc    00000058                                   : hostwrite.c.obj (.text:HOSTwrite)
                  00002e14    00000056                                   : _printfi.c.obj (.text:_pconv_f)
                  00002e6a    00000054                                   : _ltoa.c.obj (.text:__TI_ltoa)
                  00002ebe    00000002     --HOLE-- [fill = 0]
                  00002ec0    00000054     engr2350_msp432.obj (.text:dread)
                  00002f14    00000052     rtsv7M4_T_le_v4SPD16_eabi.lib : _printfi.c.obj (.text:_ecpy)
                  00002f66    00000052     main.obj (.text:remove_min_from_avg)
                  00002fb8    0000004c     rtsv7M4_T_le_v4SPD16_eabi.lib : fflush.c.obj (.text:__TI_doflush)
                  00003004    0000004c                                   : atoi.c.obj (.text:atoi)
                  00003050    00000048     engr2350_msp432.obj (.text:dwrite)
                  00003098    00000048     rtsv7M4_T_le_v4SPD16_eabi.lib : exit.c.obj (.text:exit)
                  000030e0    00000048                                   : fd_toi_t2.asm.obj (.text)
                  00003128    00000044                                   : hostclose.c.obj (.text:HOSTclose)
                  0000316c    00000044                                   : hostunlink.c.obj (.text:HOSTunlink)
                  000031b0    00000044                                   : autoinit.c.obj (.text:__TI_auto_init_nobinit_nopinit:__TI_auto_init_nobinit_nopinit)
                  000031f4    00000044                                   : getdevice.c.obj (.text:getdevice)
                  00003238    0000003e                                   : _printfi.c.obj (.text:_fcpy)
                  00003276    00000002     --HOLE-- [fill = 0]
                  00003278    00000038                                   : trgmsg.c.obj (.text:__TI_writemsg)
                  000032b0    00000038                                   : fs_tod_t2.asm.obj (.text)
                  000032e8    00000036                                   : strncpy.c.obj (.text:strncpy)
                  0000331e    00000002     --HOLE-- [fill = 0]
                  00003320    00000034                                   : fopen.c.obj (.text:__TI_cleanup)
                  00003354    00000034                                   : trgmsg.c.obj (.text:__TI_readmsg)
                  00003388    00000034                                   : boot_cortex_m.c.obj (.text:_c_int00_noargs:_c_int00_noargs)
                  000033bc    00000034                                   : fopen.c.obj (.text:freopen)
                  000033f0    00000030                                   : getdevice.c.obj (.text:finddevice)
                  00003420    0000002e                                   : i_tofd_t2.asm.obj (.text)
                  0000344e    00000002     --HOLE-- [fill = 0]
                  00003450    0000002c                                   : unlink.c.obj (.text:unlink)
                  0000347c    00000028                                   : memory.c.obj (.text:free_list_insert)
                  000034a4    00000028                                   : lseek.c.obj (.text:lseek)
                  000034cc    00000028                                   : write.c.obj (.text:write)
                  000034f4    00000020                                   : memchr.c.obj (.text:memchr)
                  00003514    0000001c     engr2350_msp432.obj (.text:dclose)
                  00003530    0000001c     rtsv7M4_T_le_v4SPD16_eabi.lib : copy_zero_init.c.obj (.text:decompress:ZI:__TI_zero_init_nomemset:__TI_zero_init_nomemset)
                  0000354c    0000001c                                   : memory.c.obj (.text:free_list_remove)
                  00003568    0000001c                                   : memccpy.c.obj (.text:memccpy)
                  00003584    0000001a                                   : s_copysign.c.obj (.text:copysign)
                  0000359e    00000018                                   : strcmp.c.obj (.text:strcmp)
                  000035b6    00000016                                   : strchr.c.obj (.text:strchr)
                  000035cc    00000014                                   : strcpy.c.obj (.text:strcpy)
                  000035e0    00000014                                   : strlen.c.obj (.text:strlen)
                  000035f4    00000012     engr2350_msp432.obj (.text:dlseek)
                  00003606    00000012     rtsv7M4_T_le_v4SPD16_eabi.lib : wcslen.c.obj (.text:wcslen)
                  00003618    00000010     engr2350_msp432.obj (.text:drename)
                  00003628    0000000e     rtsv7M4_T_le_v4SPD16_eabi.lib : copy_decompress_none.c.obj (.text:decompress:none:__TI_decompress_none)
                  00003636    0000000e     engr2350_msp432.obj (.text:dunlink)
                  00003644    0000000c     startup_msp432p401r_ccs.obj (.text:Reset_Handler)
                  00003650    00000008     engr2350_msp432.obj (.text:SysInit)
                  00003658    00000008     rtsv7M4_T_le_v4SPD16_eabi.lib : errno.c.obj (.text:__aeabi_errno_addr)
                  00003660    00000008                                   : memory.c.obj (.text:malloc)
                  00003668    00000004                                   : printf.c.obj (.text:_outc)
                  0000366c    00000004                                   : printf.c.obj (.text:_outs)
                  00003670    00000004                                   : pre_init.c.obj (.text:_system_pre_init)
                  00003674    00000004                                   : exit.c.obj (.text:abort:abort)

.const     0    00003678    00000131     
                  00003678    00000101     rtsv7M4_T_le_v4SPD16_eabi.lib : ctype.c.obj (.const:.string:_ctypes_)
                  00003779    00000003     --HOLE-- [fill = 0]
                  0000377c    00000028     engr2350_msp432.obj (.const:$P$T1$2)
                  000037a4    00000005     engr2350_msp432.obj (.const:.string:$P$T0$1)

.cinit     0    000037b0    00000090     
                  000037b0    00000069     (.cinit..data.load) [load image, compression = lzss]
                  00003819    00000003     --HOLE-- [fill = 0]
                  0000381c    0000000c     (__TI_handler_table)
                  00003828    00000008     (.cinit..bss.load) [load image, compression = zero_init]
                  00003830    00000010     (__TI_cinit_table)

.init_array 
*          0    00000000    00000000     UNINITIALIZED

.binit     0    00000000    00000000     

.sysmem    0    20000000    00000400     UNINITIALIZED
                  20000000    00000010     rtsv7M4_T_le_v4SPD16_eabi.lib : memory.c.obj (.sysmem)
                  20000010    000003f0     --HOLE--

.bss       0    20000400    00000210     UNINITIALIZED
                  20000400    00000120     rtsv7M4_T_le_v4SPD16_eabi.lib : trgmsg.c.obj (.bss:_CIOBUF_)
                  20000520    000000a0     (.common:__TI_tmpnams)
                  200005c0    0000003c     (.common:hwArray)
                  200005fc    0000000c     (.common:hw1)
                  20000608    00000008     (.common:parmbuf)

.data      0    20000610    000001f0     UNINITIALIZED
                  20000610    000000f0     rtsv7M4_T_le_v4SPD16_eabi.lib : defs.c.obj (.data:_ftable)
                  20000700    00000078                                   : host_device.c.obj (.data:_device)
                  20000778    00000050                                   : host_device.c.obj (.data:_stream)
                  200007c8    00000010                                   : defs.c.obj (.data)
                  200007d8    0000000c                                   : exit.c.obj (.data:$O1$$)
                  200007e4    00000008                                   : _lock.c.obj (.data:$O1$$)
                  200007ec    00000008                                   : memory.c.obj (.data:$O1$$)
                  200007f4    00000004                                   : add_device.c.obj (.data)
                  200007f8    00000004                                   : errno.c.obj (.data)
                  200007fc    00000004                                   : open.c.obj (.data)

.stack     0    2000fc00    00000400     UNINITIALIZED
                  2000fc00    00000004     rtsv7M4_T_le_v4SPD16_eabi.lib : boot_cortex_m.c.obj (.stack)
                  2000fc04    000003fc     --HOLE--

__llvm_prf_cnts 
*          0    20000000    00000000     UNINITIALIZED

MODULE SUMMARY

       Module                        code    ro data   rw data
       ------                        ----    -------   -------
    .\
       main.obj                      1250    0         144    
    +--+-----------------------------+-------+---------+---------+
       Total:                        1250    0         144    
                                                              
    .\src\
       engr2350_msp432.obj           524     45        0      
       startup_msp432p401r_ccs.obj   14      228       0      
       system_msp432p401r.obj        152     0         0      
    +--+-----------------------------+-------+---------+---------+
       Total:                        690     273       0      
                                                              
    C:/ti/simplelink_msp432p4_sdk_3_40_01_02/source/ti/devices/msp432p4xx/driverlib/ccs/msp432p4xx_driverlib.lib
       uart.o                        284     0         0      
    +--+-----------------------------+-------+---------+---------+
       Total:                        284     0         0      
                                                              
    C:\ti\ccs1210\ccs\tools\compiler\ti-cgt-arm_20.2.7.LTS\lib\rtsv7M4_T_le_v4SPD16_eabi.lib
       _printfi.c.obj                4851    0         0      
       defs.c.obj                    0       0         832    
       memory.c.obj                  672     0         16     
       trgmsg.c.obj                  108     0         576    
       fd_add_t2.asm.obj             438     0         0      
       host_device.c.obj             0       0         400    
       fopen.c.obj                   376     0         0      
       fd_div_t2.asm.obj             310     0         0      
       fputs.c.obj                   276     0         0      
       s_scalbn.c.obj                272     0         0      
       fd_cmp_t2.asm.obj             268     0         0      
       ctype.c.obj                   0       257       0      
       fd_mul_t2.asm.obj             252     0         0      
       setvbuf.c.obj                 220     0         0      
       open.c.obj                    188     0         8      
       add_device.c.obj              184     0         8      
       memcpy_t2.asm.obj             156     0         0      
       ull_div_t2.asm.obj            150     0         0      
       fputc.c.obj                   140     0         0      
       memset_t2.asm.obj             122     0         0      
       fclose.c.obj                  116     0         0      
       getdevice.c.obj               116     0         0      
       hostopen.c.obj                96      0         16     
       printf.c.obj                  112     0         0      
       hostrename.c.obj              108     0         0      
       copy_decompress_lzss.c.obj    104     0         0      
       hostlseek.c.obj               104     0         0      
       exit.c.obj                    76      0         24     
       fseek.c.obj                   100     0         0      
       s_frexp.c.obj                 100     0         0      
       _io_perm.c.obj                98      0         0      
       close.c.obj                   92      0         0      
       hostread.c.obj                88      0         0      
       hostwrite.c.obj               88      0         0      
       _ltoa.c.obj                   84      0         0      
       atoi.c.obj                    76      0         0      
       fflush.c.obj                  76      0         0      
       fd_toi_t2.asm.obj             72      0         0      
       autoinit.c.obj                68      0         0      
       hostclose.c.obj               68      0         0      
       hostunlink.c.obj              68      0         0      
       fs_tod_t2.asm.obj             56      0         0      
       strncpy.c.obj                 54      0         0      
       boot_cortex_m.c.obj           52      0         0      
       i_tofd_t2.asm.obj             46      0         0      
       unlink.c.obj                  44      0         0      
       lseek.c.obj                   40      0         0      
       write.c.obj                   40      0         0      
       memchr.c.obj                  32      0         0      
       copy_zero_init.c.obj          28      0         0      
       memccpy.c.obj                 28      0         0      
       s_copysign.c.obj              26      0         0      
       strcmp.c.obj                  24      0         0      
       strchr.c.obj                  22      0         0      
       strcpy.c.obj                  20      0         0      
       strlen.c.obj                  20      0         0      
       _lock.c.obj                   2       0         16     
       wcslen.c.obj                  18      0         0      
       errno.c.obj                   8       0         8      
       copy_decompress_none.c.obj    14      0         0      
       pre_init.c.obj                4       0         0      
       div0.asm.obj                  2       0         0      
    +--+-----------------------------+-------+---------+---------+
       Total:                        11473   257       1904   
                                                              
       Heap:                         0       0         2048   
       Stack:                        0       0         2048   
       Linker Generated:             0       141       0      
    +--+-----------------------------+-------+---------+---------+
       Grand Total:                  13697   671       6144   


LINKER GENERATED COPY TABLES

__TI_cinit_table @ 00003830 records: 2, size/record: 8, table size: 16
	.data: load addr=000037b0, load size=00000069 bytes, run addr=20000610, run size=000001f0 bytes, compression=lzss
	.bss: load addr=00003828, load size=00000008 bytes, run addr=20000400, run size=00000210 bytes, compression=zero_init


LINKER GENERATED HANDLER TABLE

__TI_handler_table @ 0000381c records: 3, size/record: 4, table size: 12
	index: 0, handler: __TI_decompress_lzss
	index: 1, handler: __TI_decompress_none
	index: 2, handler: __TI_zero_init


GLOBAL SYMBOLS: SORTED ALPHABETICALLY BY Name 

address   name                           
-------   ----                           
00000b33  ADC14_IRQHandler               
00000b33  AES256_IRQHandler              
00000b33  BusFault_Handler               
00003675  C$$EXIT                        
000032a7  C$$IO$$                        
00000b33  COMP_E0_IRQHandler             
00000b33  COMP_E1_IRQHandler             
00000b33  CS_IRQHandler                  
00000b33  DMA_ERR_IRQHandler             
00000b33  DMA_INT0_IRQHandler            
00000b33  DMA_INT1_IRQHandler            
00000b33  DMA_INT2_IRQHandler            
00000b33  DMA_INT3_IRQHandler            
00000b33  DebugMon_Handler               
00000b33  Default_Handler                
00000b33  EUSCIA0_IRQHandler             
00000b33  EUSCIA1_IRQHandler             
00000b33  EUSCIA2_IRQHandler             
00000b33  EUSCIA3_IRQHandler             
00000b33  EUSCIB0_IRQHandler             
00000b33  EUSCIB1_IRQHandler             
00000b33  EUSCIB2_IRQHandler             
00000b33  EUSCIB3_IRQHandler             
00000b33  FLCTL_IRQHandler               
00000b33  FPU_IRQHandler                 
00003129  HOSTclose                      
00002a45  HOSTlseek                      
00002ca9  HOSTopen                       
00002d65  HOSTread                       
000029d9  HOSTrename                     
0000316d  HOSTunlink                     
00002dbd  HOSTwrite                      
00000b33  HardFault_Handler              
00000b33  MemManage_Handler              
00000b33  NMI_Handler                    
00000b33  PCM_IRQHandler                 
00000b33  PORT1_IRQHandler               
00000b33  PORT2_IRQHandler               
00000b33  PORT3_IRQHandler               
00000b33  PORT4_IRQHandler               
00000b33  PORT5_IRQHandler               
00000b33  PORT6_IRQHandler               
00000b33  PSS_IRQHandler                 
00000b33  PendSV_Handler                 
00000b33  RTC_C_IRQHandler               
00003645  Reset_Handler                  
00000b33  SVC_Handler                    
00003651  SysInit                        
00000b33  SysTick_Handler                
000024c1  SystemInit                     
00000b33  T32_INT1_IRQHandler            
00000b33  T32_INT2_IRQHandler            
00000b33  T32_INTC_IRQHandler            
00000b33  TA0_0_IRQHandler               
00000b33  TA0_N_IRQHandler               
00000b33  TA1_0_IRQHandler               
00000b33  TA1_N_IRQHandler               
00000b33  TA2_0_IRQHandler               
00000b33  TA2_N_IRQHandler               
00000b33  TA3_0_IRQHandler               
00000b33  TA3_N_IRQHandler               
00001955  UART_initModule                
00000b33  UsageFault_Handler             
4000480c  WDTCTL_SYM                     
00000b33  WDT_A_IRQHandler               
20000400  __CIOBUF_                      
20010000  __STACK_END                    
00000400  __STACK_SIZE                   
00000400  __SYSMEM_SIZE                  
00003830  __TI_CINIT_Base                
00003840  __TI_CINIT_Limit               
0000381c  __TI_Handler_Table_Base        
00003828  __TI_Handler_Table_Limit       
000031b1  __TI_auto_init_nobinit_nopinit 
00003321  __TI_cleanup                   
200007d8  __TI_cleanup_ptr               
00002885  __TI_closefile                 
00002aad  __TI_decompress_lzss           
00003629  __TI_decompress_none           
00002fb9  __TI_doflush                   
200007dc  __TI_dtors_ptr                 
200007e0  __TI_enable_exit_profile_output
200007c8  __TI_ft_end                    
00002e6b  __TI_ltoa                      
ffffffff  __TI_pprof_out_hndl            
000000e5  __TI_printfi                   
ffffffff  __TI_prof_data_size            
ffffffff  __TI_prof_data_start           
00003355  __TI_readmsg                   
00000000  __TI_static_base__             
20000520  __TI_tmpnams                   
00003279  __TI_writemsg                  
00002c45  __TI_wrt_ok                    
00003531  __TI_zero_init_nomemset        
0000267d  __aeabi_cdcmpeq                
0000267d  __aeabi_cdcmple                
00002703  __aeabi_cdrcmple               
000030e1  __aeabi_d2iz                   
0000140f  __aeabi_dadd                   
000016f9  __aeabi_ddiv                   
00001ea5  __aeabi_dmul                   
00001405  __aeabi_dsub                   
00003659  __aeabi_errno_addr             
000032b1  __aeabi_f2d                    
00003421  __aeabi_i2d                    
0000182f  __aeabi_idiv0                  
0000182f  __aeabi_ldiv0                  
00002809  __aeabi_memclr                 
00002809  __aeabi_memclr4                
00002809  __aeabi_memclr8                
00002425  __aeabi_memcpy                 
00002425  __aeabi_memcpy4                
00002425  __aeabi_memcpy8                
0000280b  __aeabi_memset                 
0000280b  __aeabi_memset4                
0000280b  __aeabi_memset8                
200007d4  __aeabi_stderr                 
200007cc  __aeabi_stdin                  
200007d0  __aeabi_stdout                 
00002559  __aeabi_uldivmod               
ffffffff  __binit__                      
ffffffff  __c_args__                     
UNDEFED   __mpu_init                     
2000fc00  __stack                        
20000000  __start___llvm_prf_cnts        
20000000  __stop___llvm_prf_cnts         
00003389  _c_int00_noargs                
00003678  _ctypes_                       
20000700  _device                        
20000610  _ftable                        
200007e4  _lock                          
000015bb  _nop                           
20000778  _stream                        
20000000  _sys_memory                    
UNDEFED   _system_post_cinit             
00003671  _system_pre_init               
200007e8  _unlock                        
00003675  abort                          
0000221d  add_device                     
00001da5  aligned_alloc                  
00003005  atoi                           
ffffffff  binit                          
00002d09  close                          
00003585  copysign                       
00003585  copysignl                      
00003515  dclose                         
000035f5  dlseek                         
00002789  dopen                          
00002ec1  dread                          
00003619  drename                        
00003637  dunlink                        
00003051  dwrite                         
200007f8  errno                          
00003099  exit                           
000033f1  finddevice                     
000025f1  fputc                          
00001a71  fputs                          
00001fa1  free                           
000033bd  freopen                        
00002b7d  frexp                          
00002b7d  frexpl                         
00002be1  fseek                          
000031f5  getdevice                      
200005fc  hw1                            
200005c0  hwArray                        
00002389  init_std_uart                  
00000000  interruptVectors               
00001c95  ldexp                          
00001c95  ldexpl                         
000034a5  lseek                          
00000b35  main                           
00003661  malloc                         
00001da5  memalign                       
00003569  memccpy                        
000034f5  memchr                         
00002425  memcpy                         
00002811  memset                         
00002161  open                           
20000608  parmbuf                        
00002b15  printf                         
000025f1  putc                           
00003451  remove                         
00002f67  remove_min_from_avg            
00001c95  scalbn                         
00001c95  scalbnl                        
00002085  setvbuf                        
000035b7  strchr                         
0000359f  strcmp                         
000035cd  strcpy                         
000035e1  strlen                         
000032e9  strncpy                        
00003451  unlink                         
00003607  wcslen                         
000034cd  write                          


GLOBAL SYMBOLS: SORTED BY Symbol Address 

address   name                           
-------   ----                           
00000000  __TI_static_base__             
00000000  interruptVectors               
000000e5  __TI_printfi                   
00000400  __STACK_SIZE                   
00000400  __SYSMEM_SIZE                  
00000b33  ADC14_IRQHandler               
00000b33  AES256_IRQHandler              
00000b33  BusFault_Handler               
00000b33  COMP_E0_IRQHandler             
00000b33  COMP_E1_IRQHandler             
00000b33  CS_IRQHandler                  
00000b33  DMA_ERR_IRQHandler             
00000b33  DMA_INT0_IRQHandler            
00000b33  DMA_INT1_IRQHandler            
00000b33  DMA_INT2_IRQHandler            
00000b33  DMA_INT3_IRQHandler            
00000b33  DebugMon_Handler               
00000b33  Default_Handler                
00000b33  EUSCIA0_IRQHandler             
00000b33  EUSCIA1_IRQHandler             
00000b33  EUSCIA2_IRQHandler             
00000b33  EUSCIA3_IRQHandler             
00000b33  EUSCIB0_IRQHandler             
00000b33  EUSCIB1_IRQHandler             
00000b33  EUSCIB2_IRQHandler             
00000b33  EUSCIB3_IRQHandler             
00000b33  FLCTL_IRQHandler               
00000b33  FPU_IRQHandler                 
00000b33  HardFault_Handler              
00000b33  MemManage_Handler              
00000b33  NMI_Handler                    
00000b33  PCM_IRQHandler                 
00000b33  PORT1_IRQHandler               
00000b33  PORT2_IRQHandler               
00000b33  PORT3_IRQHandler               
00000b33  PORT4_IRQHandler               
00000b33  PORT5_IRQHandler               
00000b33  PORT6_IRQHandler               
00000b33  PSS_IRQHandler                 
00000b33  PendSV_Handler                 
00000b33  RTC_C_IRQHandler               
00000b33  SVC_Handler                    
00000b33  SysTick_Handler                
00000b33  T32_INT1_IRQHandler            
00000b33  T32_INT2_IRQHandler            
00000b33  T32_INTC_IRQHandler            
00000b33  TA0_0_IRQHandler               
00000b33  TA0_N_IRQHandler               
00000b33  TA1_0_IRQHandler               
00000b33  TA1_N_IRQHandler               
00000b33  TA2_0_IRQHandler               
00000b33  TA2_N_IRQHandler               
00000b33  TA3_0_IRQHandler               
00000b33  TA3_N_IRQHandler               
00000b33  UsageFault_Handler             
00000b33  WDT_A_IRQHandler               
00000b35  main                           
00001405  __aeabi_dsub                   
0000140f  __aeabi_dadd                   
000015bb  _nop                           
000016f9  __aeabi_ddiv                   
0000182f  __aeabi_idiv0                  
0000182f  __aeabi_ldiv0                  
00001955  UART_initModule                
00001a71  fputs                          
00001c95  ldexp                          
00001c95  ldexpl                         
00001c95  scalbn                         
00001c95  scalbnl                        
00001da5  aligned_alloc                  
00001da5  memalign                       
00001ea5  __aeabi_dmul                   
00001fa1  free                           
00002085  setvbuf                        
00002161  open                           
0000221d  add_device                     
00002389  init_std_uart                  
00002425  __aeabi_memcpy                 
00002425  __aeabi_memcpy4                
00002425  __aeabi_memcpy8                
00002425  memcpy                         
000024c1  SystemInit                     
00002559  __aeabi_uldivmod               
000025f1  fputc                          
000025f1  putc                           
0000267d  __aeabi_cdcmpeq                
0000267d  __aeabi_cdcmple                
00002703  __aeabi_cdrcmple               
00002789  dopen                          
00002809  __aeabi_memclr                 
00002809  __aeabi_memclr4                
00002809  __aeabi_memclr8                
0000280b  __aeabi_memset                 
0000280b  __aeabi_memset4                
0000280b  __aeabi_memset8                
00002811  memset                         
00002885  __TI_closefile                 
000029d9  HOSTrename                     
00002a45  HOSTlseek                      
00002aad  __TI_decompress_lzss           
00002b15  printf                         
00002b7d  frexp                          
00002b7d  frexpl                         
00002be1  fseek                          
00002c45  __TI_wrt_ok                    
00002ca9  HOSTopen                       
00002d09  close                          
00002d65  HOSTread                       
00002dbd  HOSTwrite                      
00002e6b  __TI_ltoa                      
00002ec1  dread                          
00002f67  remove_min_from_avg            
00002fb9  __TI_doflush                   
00003005  atoi                           
00003051  dwrite                         
00003099  exit                           
000030e1  __aeabi_d2iz                   
00003129  HOSTclose                      
0000316d  HOSTunlink                     
000031b1  __TI_auto_init_nobinit_nopinit 
000031f5  getdevice                      
00003279  __TI_writemsg                  
000032a7  C$$IO$$                        
000032b1  __aeabi_f2d                    
000032e9  strncpy                        
00003321  __TI_cleanup                   
00003355  __TI_readmsg                   
00003389  _c_int00_noargs                
000033bd  freopen                        
000033f1  finddevice                     
00003421  __aeabi_i2d                    
00003451  remove                         
00003451  unlink                         
000034a5  lseek                          
000034cd  write                          
000034f5  memchr                         
00003515  dclose                         
00003531  __TI_zero_init_nomemset        
00003569  memccpy                        
00003585  copysign                       
00003585  copysignl                      
0000359f  strcmp                         
000035b7  strchr                         
000035cd  strcpy                         
000035e1  strlen                         
000035f5  dlseek                         
00003607  wcslen                         
00003619  drename                        
00003629  __TI_decompress_none           
00003637  dunlink                        
00003645  Reset_Handler                  
00003651  SysInit                        
00003659  __aeabi_errno_addr             
00003661  malloc                         
00003671  _system_pre_init               
00003675  C$$EXIT                        
00003675  abort                          
00003678  _ctypes_                       
0000381c  __TI_Handler_Table_Base        
00003828  __TI_Handler_Table_Limit       
00003830  __TI_CINIT_Base                
00003840  __TI_CINIT_Limit               
20000000  __start___llvm_prf_cnts        
20000000  __stop___llvm_prf_cnts         
20000000  _sys_memory                    
20000400  __CIOBUF_                      
20000520  __TI_tmpnams                   
200005c0  hwArray                        
200005fc  hw1                            
20000608  parmbuf                        
20000610  _ftable                        
20000700  _device                        
20000778  _stream                        
200007c8  __TI_ft_end                    
200007cc  __aeabi_stdin                  
200007d0  __aeabi_stdout                 
200007d4  __aeabi_stderr                 
200007d8  __TI_cleanup_ptr               
200007dc  __TI_dtors_ptr                 
200007e0  __TI_enable_exit_profile_output
200007e4  _lock                          
200007e8  _unlock                        
200007f8  errno                          
2000fc00  __stack                        
20010000  __STACK_END                    
4000480c  WDTCTL_SYM                     
ffffffff  __TI_pprof_out_hndl            
ffffffff  __TI_prof_data_size            
ffffffff  __TI_prof_data_start           
ffffffff  __binit__                      
ffffffff  __c_args__                     
ffffffff  binit                          
UNDEFED   __mpu_init                     
UNDEFED   _system_post_cinit             

[194 symbols]
