******************************************************************************
                  TI ARM Linker PC v20.2.7                     
******************************************************************************
>> Linked Mon Feb 27 13:58:28 2023

OUTPUT FILE NAME:   <EmCon_Lab1.out>
ENTRY POINT SYMBOL: "_c_int00_noargs"  address: 0000321d


MEMORY CONFIGURATION

         name            origin    length      used     unused   attr    fill
----------------------  --------  ---------  --------  --------  ----  --------
  MAIN                  00000000   00040000  000037a1  0003c85f  R  X
  INFO                  00200000   00004000  00000000  00004000  R  X
  SRAM_CODE             01000000   00010000  00000bbe  0000f442  RW X
  SRAM_DATA             20000000   00010000  00000bbe  0000f442  RW  


SEGMENT ALLOCATION MAP

run origin  load origin   length   init length attrs members
----------  ----------- ---------- ----------- ----- -------
00000000    00000000    000037a8   000037a8    r-x
  00000000    00000000    000000e4   000000e4    r-- .intvecs
  000000e4    000000e4    000034cc   000034cc    r-x .text
  000035b0    000035b0    00000161   00000161    r-- .const
  00003718    00003718    00000090   00000090    r-- .cinit
20000000    20000000    000007c0   00000000    rw-
  20000000    20000000    00000400   00000000    rw- .sysmem
  20000400    20000400    000001f2   00000000    rw- .data
  200005f4    200005f4    000001cc   00000000    rw- .bss
2000fc00    2000fc00    00000400   00000000    rw-
  2000fc00    2000fc00    00000400   00000000    rw- .stack


SECTION ALLOCATION MAP

 output                                  attributes/
section   page    origin      length       input sections
--------  ----  ----------  ----------   ----------------
.intvecs   0    00000000    000000e4     
                  00000000    000000e4     startup_msp432p401r_ccs.obj (.intvecs:retain)

.text      0    000000e4    000034cc     
                  000000e4    00000a4e     rtsv7M4_T_le_v4SPD16_eabi.lib : _printfi.c.obj (.text:__TI_printfi)
                  00000b32    00000002     startup_msp432p401r_ccs.obj (.text:Default_Handler)
                  00000b34    00000270     rtsv7M4_T_le_v4SPD16_eabi.lib : _printfi.c.obj (.text:_pconv_a)
                  00000da4    000001d0                                   : _printfi.c.obj (.text:_pconv_g)
                  00000f74    000001b6                                   : fd_add_t2.asm.obj (.text)
                  0000112a    00000002                                   : _lock.c.obj (.text:_nop)
                  0000112c    0000019c     main.obj (.text:ControlSystem)
                  000012c8    0000013c     rtsv7M4_T_le_v4SPD16_eabi.lib : _printfi.c.obj (.text:_pconv_e)
                  00001404    00000136                                   : fd_div_t2.asm.obj (.text)
                  0000153a    00000002                                   : div0.asm.obj (.text)
                  0000153c    00000124                                   : _printfi.c.obj (.text:fcvt)
                  00001660    0000011c     msp432p4xx_driverlib.lib : uart.o (.text:UART_initModule)
                  0000177c    00000114     rtsv7M4_T_le_v4SPD16_eabi.lib : fputs.c.obj (.text:fputs)
                  00001890    00000110                                   : fopen.c.obj (.text:_openfile)
                  000019a0    00000110                                   : s_scalbn.c.obj (.text:scalbn)
                  00001ab0    00000100                                   : memory.c.obj (.text:aligned_alloc)
                  00001bb0    000000fc                                   : fd_mul_t2.asm.obj (.text)
                  00001cac    000000e4                                   : memory.c.obj (.text:free)
                  00001d90    000000dc                                   : setvbuf.c.obj (.text:setvbuf)
                  00001e6c    000000bc                                   : open.c.obj (.text:open)
                  00001f28    000000b8                                   : add_device.c.obj (.text:add_device)
                  00001fe0    000000b1                                   : _printfi.c.obj (.text:_ltostr)
                  00002091    00000003     --HOLE-- [fill = 0]
                  00002094    000000ac     engr2350_msp432.obj (.text:init_motor_PWM)
                  00002140    0000009c     engr2350_msp432.obj (.text:init_std_uart)
                  000021dc    0000009c     rtsv7M4_T_le_v4SPD16_eabi.lib : memcpy_t2.asm.obj (.text)
                  00002278    00000098     system_msp432p401r.obj (.text:SystemInit)
                  00002310    00000096     rtsv7M4_T_le_v4SPD16_eabi.lib : ull_div_t2.asm.obj (.text)
                  000023a6    00000002     --HOLE-- [fill = 0]
                  000023a8    0000008c                                   : fputc.c.obj (.text:fputc)
                  00002434    00000086                                   : fd_cmp_t2.asm.obj (.text:__aeabi_cdcmple)
                  000024ba    00000086                                   : fd_cmp_t2.asm.obj (.text:__aeabi_cdrcmple)
                  00002540    00000080     engr2350_msp432.obj (.text:dopen)
                  000025c0    0000007a     rtsv7M4_T_le_v4SPD16_eabi.lib : memset_t2.asm.obj (.text)
                  0000263a    00000002     --HOLE-- [fill = 0]
                  0000263c    00000074                                   : fclose.c.obj (.text:__TI_closefile)
                  000026b0    00000070                                   : memory.c.obj (.text:split)
                  00002720    0000006e                                   : _printfi.c.obj (.text:_mcpy)
                  0000278e    00000002     --HOLE-- [fill = 0]
                  00002790    0000006c                                   : hostrename.c.obj (.text:HOSTrename)
                  000027fc    00000068                                   : hostlseek.c.obj (.text:HOSTlseek)
                  00002864    00000068                                   : copy_decompress_lzss.c.obj (.text:decompress:lzss:__TI_decompress_lzss)
                  000028cc    00000068                                   : printf.c.obj (.text:printf)
                  00002934    00000064                                   : s_frexp.c.obj (.text:frexp)
                  00002998    00000064                                   : fseek.c.obj (.text:fseek)
                  000029fc    00000062                                   : _io_perm.c.obj (.text:__TI_wrt_ok)
                  00002a5e    00000002     --HOLE-- [fill = 0]
                  00002a60    00000060                                   : hostopen.c.obj (.text:HOSTopen)
                  00002ac0    0000005c                                   : close.c.obj (.text:close)
                  00002b1c    00000058     msp432p4xx_driverlib.lib : gpio.o (.text:GPIO_setAsInputPinWithPullUpResistor)
                  00002b74    00000058     rtsv7M4_T_le_v4SPD16_eabi.lib : hostread.c.obj (.text:HOSTread)
                  00002bcc    00000058                                   : hostwrite.c.obj (.text:HOSTwrite)
                  00002c24    00000056                                   : _printfi.c.obj (.text:_pconv_f)
                  00002c7a    00000054                                   : _ltoa.c.obj (.text:__TI_ltoa)
                  00002cce    00000002     --HOLE-- [fill = 0]
                  00002cd0    00000054     engr2350_msp432.obj (.text:dread)
                  00002d24    00000052     rtsv7M4_T_le_v4SPD16_eabi.lib : _printfi.c.obj (.text:_ecpy)
                  00002d76    00000002     --HOLE-- [fill = 0]
                  00002d78    0000004c     msp432p4xx_driverlib.lib : gpio.o (.text:GPIO_setAsInputPin)
                  00002dc4    0000004c     rtsv7M4_T_le_v4SPD16_eabi.lib : fflush.c.obj (.text:__TI_doflush)
                  00002e10    0000004c                                   : atoi.c.obj (.text:atoi)
                  00002e5c    00000048     engr2350_msp432.obj (.text:dwrite)
                  00002ea4    00000048     rtsv7M4_T_le_v4SPD16_eabi.lib : exit.c.obj (.text:exit)
                  00002eec    00000048                                   : fd_toi_t2.asm.obj (.text)
                  00002f34    00000044                                   : hostclose.c.obj (.text:HOSTclose)
                  00002f78    00000044                                   : hostunlink.c.obj (.text:HOSTunlink)
                  00002fbc    00000044                                   : autoinit.c.obj (.text:__TI_auto_init_nobinit_nopinit:__TI_auto_init_nobinit_nopinit)
                  00003000    00000044                                   : getdevice.c.obj (.text:getdevice)
                  00003044    00000043     main.obj (.text:main)
                  00003087    00000001     --HOLE-- [fill = 0]
                  00003088    00000040     msp432p4xx_driverlib.lib : gpio.o (.text:GPIO_setAsOutputPin)
                  000030c8    0000003e     rtsv7M4_T_le_v4SPD16_eabi.lib : _printfi.c.obj (.text:_fcpy)
                  00003106    0000003c     main.obj (.text:GPIOInit)
                  00003142    00000002     --HOLE-- [fill = 0]
                  00003144    00000038     rtsv7M4_T_le_v4SPD16_eabi.lib : trgmsg.c.obj (.text:__TI_writemsg)
                  0000317c    00000036                                   : strncpy.c.obj (.text:strncpy)
                  000031b2    00000002     --HOLE-- [fill = 0]
                  000031b4    00000034                                   : fopen.c.obj (.text:__TI_cleanup)
                  000031e8    00000034                                   : trgmsg.c.obj (.text:__TI_readmsg)
                  0000321c    00000034                                   : boot_cortex_m.c.obj (.text:_c_int00_noargs:_c_int00_noargs)
                  00003250    00000034                                   : fopen.c.obj (.text:freopen)
                  00003284    00000030     msp432p4xx_driverlib.lib : gpio.o (.text:GPIO_getInputPinValue)
                  000032b4    00000030     rtsv7M4_T_le_v4SPD16_eabi.lib : getdevice.c.obj (.text:finddevice)
                  000032e4    0000002e                                   : i_tofd_t2.asm.obj (.text)
                  00003312    00000002     --HOLE-- [fill = 0]
                  00003314    0000002c                                   : unlink.c.obj (.text:unlink)
                  00003340    00000028     msp432p4xx_driverlib.lib : gpio.o (.text:GPIO_setOutputHighOnPin)
                  00003368    00000028                              : gpio.o (.text:GPIO_setOutputLowOnPin)
                  00003390    00000028     rtsv7M4_T_le_v4SPD16_eabi.lib : memory.c.obj (.text:free_list_insert)
                  000033b8    00000028                                   : lseek.c.obj (.text:lseek)
                  000033e0    00000028                                   : write.c.obj (.text:write)
                  00003408    00000020                                   : memchr.c.obj (.text:memchr)
                  00003428    00000020                                   : u_tofd_t2.asm.obj (.text)
                  00003448    0000001c     engr2350_msp432.obj (.text:dclose)
                  00003464    0000001c     rtsv7M4_T_le_v4SPD16_eabi.lib : copy_zero_init.c.obj (.text:decompress:ZI:__TI_zero_init_nomemset:__TI_zero_init_nomemset)
                  00003480    0000001c                                   : memory.c.obj (.text:free_list_remove)
                  0000349c    0000001c                                   : memccpy.c.obj (.text:memccpy)
                  000034b8    0000001a                                   : s_copysign.c.obj (.text:copysign)
                  000034d2    00000018                                   : strcmp.c.obj (.text:strcmp)
                  000034ea    00000016                                   : strchr.c.obj (.text:strchr)
                  00003500    00000014                                   : strcpy.c.obj (.text:strcpy)
                  00003514    00000014                                   : strlen.c.obj (.text:strlen)
                  00003528    00000012     engr2350_msp432.obj (.text:dlseek)
                  0000353a    00000012     rtsv7M4_T_le_v4SPD16_eabi.lib : wcslen.c.obj (.text:wcslen)
                  0000354c    00000010     engr2350_msp432.obj (.text:drename)
                  0000355c    0000000e     rtsv7M4_T_le_v4SPD16_eabi.lib : copy_decompress_none.c.obj (.text:decompress:none:__TI_decompress_none)
                  0000356a    0000000e     engr2350_msp432.obj (.text:dunlink)
                  00003578    0000000c     startup_msp432p401r_ccs.obj (.text:Reset_Handler)
                  00003584    0000000c     engr2350_msp432.obj (.text:SysInit)
                  00003590    00000008     rtsv7M4_T_le_v4SPD16_eabi.lib : errno.c.obj (.text:__aeabi_errno_addr)
                  00003598    00000008                                   : memory.c.obj (.text:malloc)
                  000035a0    00000004                                   : printf.c.obj (.text:_outc)
                  000035a4    00000004                                   : printf.c.obj (.text:_outs)
                  000035a8    00000004                                   : pre_init.c.obj (.text:_system_pre_init)
                  000035ac    00000004                                   : exit.c.obj (.text:abort:abort)

.const     0    000035b0    00000161     
                  000035b0    00000101     rtsv7M4_T_le_v4SPD16_eabi.lib : ctype.c.obj (.const:.string:_ctypes_)
                  000036b1    00000003     --HOLE-- [fill = 0]
                  000036b4    00000030     msp432p4xx_driverlib.lib : gpio.o (.const:GPIO_PORT_TO_BASE)
                  000036e4    00000028     engr2350_msp432.obj (.const:$P$T1$2)
                  0000370c    00000005     engr2350_msp432.obj (.const:.string:$P$T0$1)

.cinit     0    00003718    00000090     
                  00003718    00000069     (.cinit..data.load) [load image, compression = lzss]
                  00003781    00000003     --HOLE-- [fill = 0]
                  00003784    0000000c     (__TI_handler_table)
                  00003790    00000008     (.cinit..bss.load) [load image, compression = zero_init]
                  00003798    00000010     (__TI_cinit_table)

.init_array 
*          0    00000000    00000000     UNINITIALIZED

.binit     0    00000000    00000000     

.sysmem    0    20000000    00000400     UNINITIALIZED
                  20000000    00000010     rtsv7M4_T_le_v4SPD16_eabi.lib : memory.c.obj (.sysmem)
                  20000010    000003f0     --HOLE--

.data      0    20000400    000001f2     UNINITIALIZED
                  20000400    000000f0     rtsv7M4_T_le_v4SPD16_eabi.lib : defs.c.obj (.data:_ftable)
                  200004f0    00000078                                   : host_device.c.obj (.data:_device)
                  20000568    00000050                                   : host_device.c.obj (.data:_stream)
                  200005b8    00000010                                   : defs.c.obj (.data)
                  200005c8    0000000c                                   : exit.c.obj (.data:$O1$$)
                  200005d4    00000008                                   : _lock.c.obj (.data:$O1$$)
                  200005dc    00000008                                   : memory.c.obj (.data:$O1$$)
                  200005e4    00000004                                   : add_device.c.obj (.data)
                  200005e8    00000004                                   : errno.c.obj (.data)
                  200005ec    00000004                                   : open.c.obj (.data)
                  200005f0    00000002     main.obj (.data)

.bss       0    200005f4    000001cc     UNINITIALIZED
                  200005f4    00000120     rtsv7M4_T_le_v4SPD16_eabi.lib : trgmsg.c.obj (.bss:_CIOBUF_)
                  20000714    000000a0     (.common:__TI_tmpnams)
                  200007b4    00000008     (.common:parmbuf)
                  200007bc    00000001     (.common:BMP0)
                  200007bd    00000001     (.common:BMP5)
                  200007be    00000001     (.common:SS1)
                  200007bf    00000001     (.common:SS2)

.stack     0    2000fc00    00000400     UNINITIALIZED
                  2000fc00    00000004     rtsv7M4_T_le_v4SPD16_eabi.lib : boot_cortex_m.c.obj (.stack)
                  2000fc04    000003fc     --HOLE--

__llvm_prf_cnts 
*          0    20000000    00000000     UNINITIALIZED

MODULE SUMMARY

       Module                        code    ro data   rw data
       ------                        ----    -------   -------
    .\
       main.obj                      539     0         12     
    +--+-----------------------------+-------+---------+---------+
       Total:                        539     0         12     
                                                              
    .\src\
       engr2350_msp432.obj           700     45        0      
       startup_msp432p401r_ccs.obj   14      228       0      
       system_msp432p401r.obj        152     0         0      
    +--+-----------------------------+-------+---------+---------+
       Total:                        866     273       0      
                                                              
    C:/ti/simplelink_msp432p4_sdk_3_40_01_02/source/ti/devices/msp432p4xx/driverlib/ccs/msp432p4xx_driverlib.lib
       gpio.o                        356     48        0      
       uart.o                        284     0         0      
    +--+-----------------------------+-------+---------+---------+
       Total:                        640     48        0      
                                                              
    C:\ti\ccs1210\ccs\tools\compiler\ti-cgt-arm_20.2.7.LTS\lib\rtsv7M4_T_le_v4SPD16_eabi.lib
       _printfi.c.obj                4851    0         0      
       defs.c.obj                    0       0         832    
       memory.c.obj                  672     0         16     
       trgmsg.c.obj                  108     0         576    
       fd_add_t2.asm.obj             438     0         0      
       host_device.c.obj             0       0         400    
       fopen.c.obj                   376     0         0      
       fd_div_t2.asm.obj             310     0         0      
       fputs.c.obj                   276     0         0      
       s_scalbn.c.obj                272     0         0      
       fd_cmp_t2.asm.obj             268     0         0      
       ctype.c.obj                   0       257       0      
       fd_mul_t2.asm.obj             252     0         0      
       setvbuf.c.obj                 220     0         0      
       open.c.obj                    188     0         8      
       add_device.c.obj              184     0         8      
       memcpy_t2.asm.obj             156     0         0      
       ull_div_t2.asm.obj            150     0         0      
       fputc.c.obj                   140     0         0      
       memset_t2.asm.obj             122     0         0      
       fclose.c.obj                  116     0         0      
       getdevice.c.obj               116     0         0      
       hostopen.c.obj                96      0         16     
       printf.c.obj                  112     0         0      
       hostrename.c.obj              108     0         0      
       copy_decompress_lzss.c.obj    104     0         0      
       hostlseek.c.obj               104     0         0      
       exit.c.obj                    76      0         24     
       fseek.c.obj                   100     0         0      
       s_frexp.c.obj                 100     0         0      
       _io_perm.c.obj                98      0         0      
       close.c.obj                   92      0         0      
       hostread.c.obj                88      0         0      
       hostwrite.c.obj               88      0         0      
       _ltoa.c.obj                   84      0         0      
       atoi.c.obj                    76      0         0      
       fflush.c.obj                  76      0         0      
       fd_toi_t2.asm.obj             72      0         0      
       autoinit.c.obj                68      0         0      
       hostclose.c.obj               68      0         0      
       hostunlink.c.obj              68      0         0      
       strncpy.c.obj                 54      0         0      
       boot_cortex_m.c.obj           52      0         0      
       i_tofd_t2.asm.obj             46      0         0      
       unlink.c.obj                  44      0         0      
       lseek.c.obj                   40      0         0      
       write.c.obj                   40      0         0      
       memchr.c.obj                  32      0         0      
       u_tofd_t2.asm.obj             32      0         0      
       copy_zero_init.c.obj          28      0         0      
       memccpy.c.obj                 28      0         0      
       s_copysign.c.obj              26      0         0      
       strcmp.c.obj                  24      0         0      
       strchr.c.obj                  22      0         0      
       strcpy.c.obj                  20      0         0      
       strlen.c.obj                  20      0         0      
       _lock.c.obj                   2       0         16     
       wcslen.c.obj                  18      0         0      
       errno.c.obj                   8       0         8      
       copy_decompress_none.c.obj    14      0         0      
       pre_init.c.obj                4       0         0      
       div0.asm.obj                  2       0         0      
    +--+-----------------------------+-------+---------+---------+
       Total:                        11449   257       1904   
                                                              
       Heap:                         0       0         2048   
       Stack:                        0       0         2048   
       Linker Generated:             0       141       0      
    +--+-----------------------------+-------+---------+---------+
       Grand Total:                  13494   719       6012   


LINKER GENERATED COPY TABLES

__TI_cinit_table @ 00003798 records: 2, size/record: 8, table size: 16
	.data: load addr=00003718, load size=00000069 bytes, run addr=20000400, run size=000001f2 bytes, compression=lzss
	.bss: load addr=00003790, load size=00000008 bytes, run addr=200005f4, run size=000001cc bytes, compression=zero_init


LINKER GENERATED HANDLER TABLE

__TI_handler_table @ 00003784 records: 3, size/record: 4, table size: 12
	index: 0, handler: __TI_decompress_lzss
	index: 1, handler: __TI_decompress_none
	index: 2, handler: __TI_zero_init


GLOBAL SYMBOLS: SORTED ALPHABETICALLY BY Name 

address   name                                
-------   ----                                
00000b33  ADC14_IRQHandler                    
00000b33  AES256_IRQHandler                   
200007bc  BMP0                                
200007bd  BMP5                                
00000b33  BusFault_Handler                    
000035ad  C$$EXIT                             
00003173  C$$IO$$                             
00000b33  COMP_E0_IRQHandler                  
00000b33  COMP_E1_IRQHandler                  
00000b33  CS_IRQHandler                       
0000112d  ControlSystem                       
00000b33  DMA_ERR_IRQHandler                  
00000b33  DMA_INT0_IRQHandler                 
00000b33  DMA_INT1_IRQHandler                 
00000b33  DMA_INT2_IRQHandler                 
00000b33  DMA_INT3_IRQHandler                 
00000b33  DebugMon_Handler                    
00000b33  Default_Handler                     
00000b33  EUSCIA0_IRQHandler                  
00000b33  EUSCIA1_IRQHandler                  
00000b33  EUSCIA2_IRQHandler                  
00000b33  EUSCIA3_IRQHandler                  
00000b33  EUSCIB0_IRQHandler                  
00000b33  EUSCIB1_IRQHandler                  
00000b33  EUSCIB2_IRQHandler                  
00000b33  EUSCIB3_IRQHandler                  
00000b33  FLCTL_IRQHandler                    
00000b33  FPU_IRQHandler                      
00003107  GPIOInit                            
00003285  GPIO_getInputPinValue               
00002d79  GPIO_setAsInputPin                  
00002b1d  GPIO_setAsInputPinWithPullUpResistor
00003089  GPIO_setAsOutputPin                 
00003341  GPIO_setOutputHighOnPin             
00003369  GPIO_setOutputLowOnPin              
00002f35  HOSTclose                           
000027fd  HOSTlseek                           
00002a61  HOSTopen                            
00002b75  HOSTread                            
00002791  HOSTrename                          
00002f79  HOSTunlink                          
00002bcd  HOSTwrite                           
00000b33  HardFault_Handler                   
200005f0  LEDL                                
200005f1  LEDR                                
00000b33  MemManage_Handler                   
00000b33  NMI_Handler                         
00000b33  PCM_IRQHandler                      
00000b33  PORT1_IRQHandler                    
00000b33  PORT2_IRQHandler                    
00000b33  PORT3_IRQHandler                    
00000b33  PORT4_IRQHandler                    
00000b33  PORT5_IRQHandler                    
00000b33  PORT6_IRQHandler                    
00000b33  PSS_IRQHandler                      
00000b33  PendSV_Handler                      
00000b33  RTC_C_IRQHandler                    
00003579  Reset_Handler                       
200007be  SS1                                 
200007bf  SS2                                 
00000b33  SVC_Handler                         
00003585  SysInit                             
00000b33  SysTick_Handler                     
00002279  SystemInit                          
00000b33  T32_INT1_IRQHandler                 
00000b33  T32_INT2_IRQHandler                 
00000b33  T32_INTC_IRQHandler                 
00000b33  TA0_0_IRQHandler                    
00000b33  TA0_N_IRQHandler                    
00000b33  TA1_0_IRQHandler                    
00000b33  TA1_N_IRQHandler                    
00000b33  TA2_0_IRQHandler                    
00000b33  TA2_N_IRQHandler                    
00000b33  TA3_0_IRQHandler                    
00000b33  TA3_N_IRQHandler                    
00001661  UART_initModule                     
00000b33  UsageFault_Handler                  
4000480c  WDTCTL_SYM                          
00000b33  WDT_A_IRQHandler                    
200005f4  __CIOBUF_                           
20010000  __STACK_END                         
00000400  __STACK_SIZE                        
00000400  __SYSMEM_SIZE                       
00003798  __TI_CINIT_Base                     
000037a8  __TI_CINIT_Limit                    
00003784  __TI_Handler_Table_Base             
00003790  __TI_Handler_Table_Limit            
00002fbd  __TI_auto_init_nobinit_nopinit      
000031b5  __TI_cleanup                        
200005c8  __TI_cleanup_ptr                    
0000263d  __TI_closefile                      
00002865  __TI_decompress_lzss                
0000355d  __TI_decompress_none                
00002dc5  __TI_doflush                        
200005cc  __TI_dtors_ptr                      
200005d0  __TI_enable_exit_profile_output     
200005b8  __TI_ft_end                         
00002c7b  __TI_ltoa                           
ffffffff  __TI_pprof_out_hndl                 
000000e5  __TI_printfi                        
ffffffff  __TI_prof_data_size                 
ffffffff  __TI_prof_data_start                
000031e9  __TI_readmsg                        
00000000  __TI_static_base__                  
20000714  __TI_tmpnams                        
00003145  __TI_writemsg                       
000029fd  __TI_wrt_ok                         
00003465  __TI_zero_init_nomemset             
00002435  __aeabi_cdcmpeq                     
00002435  __aeabi_cdcmple                     
000024bb  __aeabi_cdrcmple                    
00002eed  __aeabi_d2iz                        
00000f7f  __aeabi_dadd                        
00001405  __aeabi_ddiv                        
00001bb1  __aeabi_dmul                        
00000f75  __aeabi_dsub                        
00003591  __aeabi_errno_addr                  
000032e5  __aeabi_i2d                         
0000153b  __aeabi_idiv0                       
0000153b  __aeabi_ldiv0                       
000025c1  __aeabi_memclr                      
000025c1  __aeabi_memclr4                     
000025c1  __aeabi_memclr8                     
000021dd  __aeabi_memcpy                      
000021dd  __aeabi_memcpy4                     
000021dd  __aeabi_memcpy8                     
000025c3  __aeabi_memset                      
000025c3  __aeabi_memset4                     
000025c3  __aeabi_memset8                     
200005c4  __aeabi_stderr                      
200005bc  __aeabi_stdin                       
200005c0  __aeabi_stdout                      
00003429  __aeabi_ui2d                        
00002311  __aeabi_uldivmod                    
ffffffff  __binit__                           
ffffffff  __c_args__                          
UNDEFED   __mpu_init                          
2000fc00  __stack                             
20000000  __start___llvm_prf_cnts             
20000000  __stop___llvm_prf_cnts              
0000321d  _c_int00_noargs                     
000035b0  _ctypes_                            
200004f0  _device                             
20000400  _ftable                             
200005d4  _lock                               
0000112b  _nop                                
20000568  _stream                             
20000000  _sys_memory                         
UNDEFED   _system_post_cinit                  
000035a9  _system_pre_init                    
200005d8  _unlock                             
000035ad  abort                               
00001f29  add_device                          
00001ab1  aligned_alloc                       
00002e11  atoi                                
ffffffff  binit                               
00002ac1  close                               
000034b9  copysign                            
000034b9  copysignl                           
00003449  dclose                              
00003529  dlseek                              
00002541  dopen                               
00002cd1  dread                               
0000354d  drename                             
0000356b  dunlink                             
00002e5d  dwrite                              
200005e8  errno                               
00002ea5  exit                                
000032b5  finddevice                          
000023a9  fputc                               
0000177d  fputs                               
00001cad  free                                
00003251  freopen                             
00002935  frexp                               
00002935  frexpl                              
00002999  fseek                               
00003001  getdevice                           
00002095  init_motor_PWM                      
00002141  init_std_uart                       
00000000  interruptVectors                    
000019a1  ldexp                               
000019a1  ldexpl                              
000033b9  lseek                               
00003045  main                                
00003599  malloc                              
00001ab1  memalign                            
0000349d  memccpy                             
00003409  memchr                              
000021dd  memcpy                              
000025c9  memset                              
00001e6d  open                                
200007b4  parmbuf                             
000028cd  printf                              
000023a9  putc                                
00003315  remove                              
000019a1  scalbn                              
000019a1  scalbnl                             
00001d91  setvbuf                             
000034eb  strchr                              
000034d3  strcmp                              
00003501  strcpy                              
00003515  strlen                              
0000317d  strncpy                             
00003315  unlink                              
0000353b  wcslen                              
000033e1  write                               


GLOBAL SYMBOLS: SORTED BY Symbol Address 

address   name                                
-------   ----                                
00000000  __TI_static_base__                  
00000000  interruptVectors                    
000000e5  __TI_printfi                        
00000400  __STACK_SIZE                        
00000400  __SYSMEM_SIZE                       
00000b33  ADC14_IRQHandler                    
00000b33  AES256_IRQHandler                   
00000b33  BusFault_Handler                    
00000b33  COMP_E0_IRQHandler                  
00000b33  COMP_E1_IRQHandler                  
00000b33  CS_IRQHandler                       
00000b33  DMA_ERR_IRQHandler                  
00000b33  DMA_INT0_IRQHandler                 
00000b33  DMA_INT1_IRQHandler                 
00000b33  DMA_INT2_IRQHandler                 
00000b33  DMA_INT3_IRQHandler                 
00000b33  DebugMon_Handler                    
00000b33  Default_Handler                     
00000b33  EUSCIA0_IRQHandler                  
00000b33  EUSCIA1_IRQHandler                  
00000b33  EUSCIA2_IRQHandler                  
00000b33  EUSCIA3_IRQHandler                  
00000b33  EUSCIB0_IRQHandler                  
00000b33  EUSCIB1_IRQHandler                  
00000b33  EUSCIB2_IRQHandler                  
00000b33  EUSCIB3_IRQHandler                  
00000b33  FLCTL_IRQHandler                    
00000b33  FPU_IRQHandler                      
00000b33  HardFault_Handler                   
00000b33  MemManage_Handler                   
00000b33  NMI_Handler                         
00000b33  PCM_IRQHandler                      
00000b33  PORT1_IRQHandler                    
00000b33  PORT2_IRQHandler                    
00000b33  PORT3_IRQHandler                    
00000b33  PORT4_IRQHandler                    
00000b33  PORT5_IRQHandler                    
00000b33  PORT6_IRQHandler                    
00000b33  PSS_IRQHandler                      
00000b33  PendSV_Handler                      
00000b33  RTC_C_IRQHandler                    
00000b33  SVC_Handler                         
00000b33  SysTick_Handler                     
00000b33  T32_INT1_IRQHandler                 
00000b33  T32_INT2_IRQHandler                 
00000b33  T32_INTC_IRQHandler                 
00000b33  TA0_0_IRQHandler                    
00000b33  TA0_N_IRQHandler                    
00000b33  TA1_0_IRQHandler                    
00000b33  TA1_N_IRQHandler                    
00000b33  TA2_0_IRQHandler                    
00000b33  TA2_N_IRQHandler                    
00000b33  TA3_0_IRQHandler                    
00000b33  TA3_N_IRQHandler                    
00000b33  UsageFault_Handler                  
00000b33  WDT_A_IRQHandler                    
00000f75  __aeabi_dsub                        
00000f7f  __aeabi_dadd                        
0000112b  _nop                                
0000112d  ControlSystem                       
00001405  __aeabi_ddiv                        
0000153b  __aeabi_idiv0                       
0000153b  __aeabi_ldiv0                       
00001661  UART_initModule                     
0000177d  fputs                               
000019a1  ldexp                               
000019a1  ldexpl                              
000019a1  scalbn                              
000019a1  scalbnl                             
00001ab1  aligned_alloc                       
00001ab1  memalign                            
00001bb1  __aeabi_dmul                        
00001cad  free                                
00001d91  setvbuf                             
00001e6d  open                                
00001f29  add_device                          
00002095  init_motor_PWM                      
00002141  init_std_uart                       
000021dd  __aeabi_memcpy                      
000021dd  __aeabi_memcpy4                     
000021dd  __aeabi_memcpy8                     
000021dd  memcpy                              
00002279  SystemInit                          
00002311  __aeabi_uldivmod                    
000023a9  fputc                               
000023a9  putc                                
00002435  __aeabi_cdcmpeq                     
00002435  __aeabi_cdcmple                     
000024bb  __aeabi_cdrcmple                    
00002541  dopen                               
000025c1  __aeabi_memclr                      
000025c1  __aeabi_memclr4                     
000025c1  __aeabi_memclr8                     
000025c3  __aeabi_memset                      
000025c3  __aeabi_memset4                     
000025c3  __aeabi_memset8                     
000025c9  memset                              
0000263d  __TI_closefile                      
00002791  HOSTrename                          
000027fd  HOSTlseek                           
00002865  __TI_decompress_lzss                
000028cd  printf                              
00002935  frexp                               
00002935  frexpl                              
00002999  fseek                               
000029fd  __TI_wrt_ok                         
00002a61  HOSTopen                            
00002ac1  close                               
00002b1d  GPIO_setAsInputPinWithPullUpResistor
00002b75  HOSTread                            
00002bcd  HOSTwrite                           
00002c7b  __TI_ltoa                           
00002cd1  dread                               
00002d79  GPIO_setAsInputPin                  
00002dc5  __TI_doflush                        
00002e11  atoi                                
00002e5d  dwrite                              
00002ea5  exit                                
00002eed  __aeabi_d2iz                        
00002f35  HOSTclose                           
00002f79  HOSTunlink                          
00002fbd  __TI_auto_init_nobinit_nopinit      
00003001  getdevice                           
00003045  main                                
00003089  GPIO_setAsOutputPin                 
00003107  GPIOInit                            
00003145  __TI_writemsg                       
00003173  C$$IO$$                             
0000317d  strncpy                             
000031b5  __TI_cleanup                        
000031e9  __TI_readmsg                        
0000321d  _c_int00_noargs                     
00003251  freopen                             
00003285  GPIO_getInputPinValue               
000032b5  finddevice                          
000032e5  __aeabi_i2d                         
00003315  remove                              
00003315  unlink                              
00003341  GPIO_setOutputHighOnPin             
00003369  GPIO_setOutputLowOnPin              
000033b9  lseek                               
000033e1  write                               
00003409  memchr                              
00003429  __aeabi_ui2d                        
00003449  dclose                              
00003465  __TI_zero_init_nomemset             
0000349d  memccpy                             
000034b9  copysign                            
000034b9  copysignl                           
000034d3  strcmp                              
000034eb  strchr                              
00003501  strcpy                              
00003515  strlen                              
00003529  dlseek                              
0000353b  wcslen                              
0000354d  drename                             
0000355d  __TI_decompress_none                
0000356b  dunlink                             
00003579  Reset_Handler                       
00003585  SysInit                             
00003591  __aeabi_errno_addr                  
00003599  malloc                              
000035a9  _system_pre_init                    
000035ad  C$$EXIT                             
000035ad  abort                               
000035b0  _ctypes_                            
00003784  __TI_Handler_Table_Base             
00003790  __TI_Handler_Table_Limit            
00003798  __TI_CINIT_Base                     
000037a8  __TI_CINIT_Limit                    
20000000  __start___llvm_prf_cnts             
20000000  __stop___llvm_prf_cnts              
20000000  _sys_memory                         
20000400  _ftable                             
200004f0  _device                             
20000568  _stream                             
200005b8  __TI_ft_end                         
200005bc  __aeabi_stdin                       
200005c0  __aeabi_stdout                      
200005c4  __aeabi_stderr                      
200005c8  __TI_cleanup_ptr                    
200005cc  __TI_dtors_ptr                      
200005d0  __TI_enable_exit_profile_output     
200005d4  _lock                               
200005d8  _unlock                             
200005e8  errno                               
200005f0  LEDL                                
200005f1  LEDR                                
200005f4  __CIOBUF_                           
20000714  __TI_tmpnams                        
200007b4  parmbuf                             
200007bc  BMP0                                
200007bd  BMP5                                
200007be  SS1                                 
200007bf  SS2                                 
2000fc00  __stack                             
20010000  __STACK_END                         
4000480c  WDTCTL_SYM                          
ffffffff  __TI_pprof_out_hndl                 
ffffffff  __TI_prof_data_size                 
ffffffff  __TI_prof_data_start                
ffffffff  __binit__                           
ffffffff  __c_args__                          
ffffffff  binit                               
UNDEFED   __mpu_init                          
UNDEFED   _system_post_cinit                  

[206 symbols]
